<html>
<body>
<pre>
<h1>µVision Build Log</h1>
<h2>Tool Versions:</h2>
IDE-Version: ¦ÌVision V5.27.0.0
Copyright (C) 2018 ARM Ltd and ARM Germany GmbH. All rights reserved.
License Information: s HXZP, s, LIC=FYKYW-QU55K-X7ARZ-JZJRE-EQB6Z-F70WV
 
Tool Versions:
Toolchain:       MDK-ARM Plus  Version: 5.27.0.0
Toolchain Path:  D:\keil5old\ARM\ARMCC\Bin
C Compiler:      Armcc.exe V5.06 update 6 (build 750)
Assembler:       Armasm.exe V5.06 update 6 (build 750)
Linker/Locator:  ArmLink.exe V5.06 update 6 (build 750)
Library Manager: ArmAr.exe V5.06 update 6 (build 750)
Hex Converter:   FromElf.exe V5.06 update 6 (build 750)
CPU DLL:         SARMCM3.DLL V5.27.0.0
Dialog DLL:      DCM.DLL V1.17.2.0
Target DLL:      Segger\JL2CM3.dll V2.99.34.0
Dialog DLL:      TCM.DLL V1.36.1.0
 
<h2>Project:</h2>
D:\RP23Èü¼¾\9.´úÂë\adc\MDK-ARM\rp_origin.uvprojx
Project File Date:  11/11/2022

<h2>Output:</h2>
*** Using Compiler 'V5.06 update 6 (build 750)', folder: 'D:\keil5old\ARM\ARMCC\Bin'
Build target 'rp_origin'
assembling startup_stm32f407xx.s...
compiling main.c...
compiling adc.c...
compiling tim.c...
compiling spi.c...
compiling stm32f4xx_it.c...
compiling dma.c...
compiling gpio.c...
compiling stm32f4xx_hal_msp.c...
compiling stm32f4xx_ll_adc.c...
compiling stm32f4xx_hal_timebase_tim.c...
compiling stm32f4xx_hal_rcc_ex.c...
compiling stm32f4xx_hal_flash.c...
compiling stm32f4xx_hal_flash_ex.c...
compiling stm32f4xx_hal_rcc.c...
compiling stm32f4xx_hal_adc_ex.c...
compiling stm32f4xx_hal_adc.c...
compiling stm32f4xx_hal_flash_ramfunc.c...
compiling stm32f4xx_hal_gpio.c...
compiling stm32f4xx_hal_pwr.c...
compiling stm32f4xx_hal_pwr_ex.c...
compiling stm32f4xx_hal.c...
compiling stm32f4xx_hal_cortex.c...
compiling stm32f4xx_hal_dma_ex.c...
compiling stm32f4xx_hal_dma.c...
compiling stm32f4xx_hal_exti.c...
compiling system_stm32f4xx.c...
compiling BMI.c...
..\USER\DEVICE\BMI.c(197): warning:  #177-D: function "lsb_to_mps2"  was declared but never referenced
  static float lsb_to_mps2(int16_t val, float g_range, uint8_t bit_width)
..\USER\DEVICE\BMI.c(208): warning:  #177-D: function "lsb_to_dps"  was declared but never referenced
  static float lsb_to_dps(int16_t val, float dps, uint8_t bit_width)
..\USER\DEVICE\BMI.c: 2 warnings, 0 errors
compiling common.c...
compiling bmi270.c...
compiling stm32f4xx_hal_spi.c...
compiling stm32f4xx_hal_tim_ex.c...
compiling tick_drv.c...
compiling gpio_drv.c...
compiling iic_drv.c...
compiling stm32f4xx_hal_tim.c...
compiling imu.c...
compiling bmi2.c...
linking...
Program Size: Code=7072 RO-data=456 RW-data=24 ZI-data=1448  
FromELF: creating hex file...
".\origin\bmi270.axf" - 0 Error(s), 2 Warning(s).

<h2>Software Packages used:</h2>

Package Vendor: ARM
                http://www.keil.com/pack/ARM.CMSIS.5.7.0.pack
                ARM.CMSIS.5.7.0
                CMSIS (Cortex Microcontroller Software Interface Standard)
   * Component: CORE Version: 5.4.0

Package Vendor: Keil
                http://www.keil.com/pack/Keil.STM32F4xx_DFP.2.15.0.pack
                Keil.STM32F4xx_DFP.2.15.0
                STMicroelectronics STM32F4 Series Device Support, Drivers and Examples

<h2>Collection of Component include folders:</h2>
  .\RTE\_rp_origin
  D:\keil5old\ARM\PACK\ARM\CMSIS\5.7.0\CMSIS\Core\Include
  D:\keil5old\ARM\PACK\Keil\STM32F4xx_DFP\2.15.0\Drivers\CMSIS\Device\ST\STM32F4xx\Include

<h2>Collection of Component Files used:</h2>

   * Component: ARM::CMSIS:CORE:5.4.0
      Include file:  CMSIS\Core\Include\tz_context.h
Build Time Elapsed:  00:00:04
</pre>
</body>
</html>
