Component: ARM Compiler 5.06 update 6 (build 750) Tool: armlink [4d35ed]

==============================================================================

Section Cross References

    startup_stm32f407xx.o(RESET) refers to startup_stm32f407xx.o(STACK) for __initial_sp
    startup_stm32f407xx.o(RESET) refers to startup_stm32f407xx.o(.text) for Reset_Handler
    startup_stm32f407xx.o(RESET) refers to stm32f4xx_it.o(i.NMI_Handler) for NMI_Handler
    startup_stm32f407xx.o(RESET) refers to stm32f4xx_it.o(i.HardFault_Handler) for HardFault_Handler
    startup_stm32f407xx.o(RESET) refers to stm32f4xx_it.o(i.MemManage_Handler) for MemManage_Handler
    startup_stm32f407xx.o(RESET) refers to stm32f4xx_it.o(i.BusFault_Handler) for BusFault_Handler
    startup_stm32f407xx.o(RESET) refers to stm32f4xx_it.o(i.UsageFault_Handler) for UsageFault_Handler
    startup_stm32f407xx.o(RESET) refers to stm32f4xx_it.o(i.SVC_Handler) for SVC_Handler
    startup_stm32f407xx.o(RESET) refers to stm32f4xx_it.o(i.DebugMon_Handler) for DebugMon_Handler
    startup_stm32f407xx.o(RESET) refers to stm32f4xx_it.o(i.PendSV_Handler) for PendSV_Handler
    startup_stm32f407xx.o(RESET) refers to stm32f4xx_it.o(i.SysTick_Handler) for SysTick_Handler
    startup_stm32f407xx.o(RESET) refers to stm32f4xx_it.o(i.ADC_IRQHandler) for ADC_IRQHandler
    startup_stm32f407xx.o(RESET) refers to stm32f4xx_it.o(i.TIM2_IRQHandler) for TIM2_IRQHandler
    startup_stm32f407xx.o(RESET) refers to stm32f4xx_it.o(i.TIM4_IRQHandler) for TIM4_IRQHandler
    startup_stm32f407xx.o(RESET) refers to stm32f4xx_it.o(i.DMA2_Stream0_IRQHandler) for DMA2_Stream0_IRQHandler
    startup_stm32f407xx.o(RESET) refers to stm32f4xx_it.o(i.DMA2_Stream2_IRQHandler) for DMA2_Stream2_IRQHandler
    startup_stm32f407xx.o(RESET) refers to stm32f4xx_it.o(i.DMA2_Stream7_IRQHandler) for DMA2_Stream7_IRQHandler
    startup_stm32f407xx.o(.text) refers to system_stm32f4xx.o(i.SystemInit) for SystemInit
    startup_stm32f407xx.o(.text) refers to entry.o(.ARM.Collect$$$$00000000) for __main
    main.o(i.Get_Adc) refers to stm32f4xx_hal_adc.o(i.HAL_ADC_PollForConversion) for HAL_ADC_PollForConversion
    main.o(i.Get_Adc) refers to stm32f4xx_hal_adc.o(i.HAL_ADC_GetValue) for HAL_ADC_GetValue
    main.o(i.Get_Adc) refers to adc.o(.bss) for hadc1
    main.o(i.Get_Adc) refers to main.o(.data) for .data
    main.o(i.HAL_ADC_ConvCpltCallback) refers to stm32f4xx_hal.o(i.HAL_GetTick) for HAL_GetTick
    main.o(i.HAL_ADC_ConvCpltCallback) refers to stm32f4xx_hal_adc.o(i.HAL_ADC_Stop_DMA) for HAL_ADC_Stop_DMA
    main.o(i.HAL_ADC_ConvCpltCallback) refers to main.o(.data) for .data
    main.o(i.HAL_ADC_ConvCpltCallback) refers to adc.o(.bss) for hadc1
    main.o(i.HAL_TIM_PeriodElapsedCallback) refers to stm32f4xx_hal.o(i.HAL_IncTick) for HAL_IncTick
    main.o(i.SystemClock_Config) refers to memseta.o(.text) for __aeabi_memclr4
    main.o(i.SystemClock_Config) refers to stm32f4xx_hal_rcc.o(i.HAL_RCC_OscConfig) for HAL_RCC_OscConfig
    main.o(i.SystemClock_Config) refers to stm32f4xx_hal_rcc.o(i.HAL_RCC_ClockConfig) for HAL_RCC_ClockConfig
    main.o(i.fputc) refers to stm32f4xx_hal_uart.o(i.HAL_UART_Transmit) for HAL_UART_Transmit
    main.o(i.fputc) refers to usart.o(.bss) for huart5
    main.o(i.main) refers to stm32f4xx_hal.o(i.HAL_Init) for HAL_Init
    main.o(i.main) refers to main.o(i.SystemClock_Config) for SystemClock_Config
    main.o(i.main) refers to gpio.o(i.MX_GPIO_Init) for MX_GPIO_Init
    main.o(i.main) refers to dma.o(i.MX_DMA_Init) for MX_DMA_Init
    main.o(i.main) refers to spi.o(i.MX_SPI2_Init) for MX_SPI2_Init
    main.o(i.main) refers to tim.o(i.MX_TIM4_Init) for MX_TIM4_Init
    main.o(i.main) refers to adc.o(i.MX_ADC1_Init) for MX_ADC1_Init
    main.o(i.main) refers to usart.o(i.MX_USART1_UART_Init) for MX_USART1_UART_Init
    main.o(i.main) refers to usart.o(i.MX_UART5_Init) for MX_UART5_Init
    main.o(i.main) refers to tim.o(i.MX_TIM3_Init) for MX_TIM3_Init
    main.o(i.main) refers to stm32f4xx_hal_adc.o(i.HAL_ADC_Start) for HAL_ADC_Start
    main.o(i.main) refers to stm32f4xx_hal_adc.o(i.HAL_ADC_Start_DMA) for HAL_ADC_Start_DMA
    main.o(i.main) refers to arm_cfft_radix4_init_f32.o(i.arm_cfft_radix4_init_f32) for arm_cfft_radix4_init_f32
    main.o(i.main) refers to stm32f4xx_hal.o(i.HAL_GetTick) for HAL_GetTick
    main.o(i.main) refers to f2d.o(.text) for __aeabi_f2d
    main.o(i.main) refers to printfa.o(i.__0printf) for __2printf
    main.o(i.main) refers to adc.o(.bss) for hadc1
    main.o(i.main) refers to main.o(.bss) for .bss
    main.o(i.main) refers to main.o(.data) for .data
    main.o(i.us) refers to stm32f4xx_hal.o(i.HAL_GetTick) for HAL_GetTick
    gpio.o(i.MX_GPIO_Init) refers to memseta.o(.text) for __aeabi_memclr4
    gpio.o(i.MX_GPIO_Init) refers to stm32f4xx_hal_gpio.o(i.HAL_GPIO_WritePin) for HAL_GPIO_WritePin
[...]
    ../Drivers/STM32F4xx_HAL_Driver/Src/stm32f4xx_hal_dma.c 0x00000000   Number         0  stm32f4xx_hal_dma.o ABSOLUTE
    ../Drivers/STM32F4xx_HAL_Driver/Src/stm32f4xx_hal_dma_ex.c 0x00000000   Number         0  stm32f4xx_hal_dma_ex.o ABSOLUTE
    ../Drivers/STM32F4xx_HAL_Driver/Src/stm32f4xx_hal_exti.c 0x00000000   Number         0  stm32f4xx_hal_exti.o ABSOLUTE
    ../Drivers/STM32F4xx_HAL_Driver/Src/stm32f4xx_hal_flash.c 0x00000000   Number         0  stm32f4xx_hal_flash.o ABSOLUTE
    ../Drivers/STM32F4xx_HAL_Driver/Src/stm32f4xx_hal_flash_ex.c 0x00000000   Number         0  stm32f4xx_hal_flash_ex.o ABSOLUTE
    ../Drivers/STM32F4xx_HAL_Driver/Src/stm32f4xx_hal_flash_ramfunc.c 0x00000000   Number         0  stm32f4xx_hal_flash_ramfunc.o ABSOLUTE
    ../Drivers/STM32F4xx_HAL_Driver/Src/stm32f4xx_hal_gpio.c 0x00000000   Number         0  stm32f4xx_hal_gpio.o ABSOLUTE
    ../Drivers/STM32F4xx_HAL_Driver/Src/stm32f4xx_hal_pwr.c 0x00000000   Number         0  stm32f4xx_hal_pwr.o ABSOLUTE
    ../Drivers/STM32F4xx_HAL_Driver/Src/stm32f4xx_hal_pwr_ex.c 0x00000000   Number         0  stm32f4xx_hal_pwr_ex.o ABSOLUTE
    ../Drivers/STM32F4xx_HAL_Driver/Src/stm32f4xx_hal_rcc.c 0x00000000   Number         0  stm32f4xx_hal_rcc.o ABSOLUTE
    ../Drivers/STM32F4xx_HAL_Driver/Src/stm32f4xx_hal_rcc_ex.c 0x00000000   Number         0  stm32f4xx_hal_rcc_ex.o ABSOLUTE
    ../Drivers/STM32F4xx_HAL_Driver/Src/stm32f4xx_hal_spi.c 0x00000000   Number         0  stm32f4xx_hal_spi.o ABSOLUTE
    ../Drivers/STM32F4xx_HAL_Driver/Src/stm32f4xx_hal_tim.c 0x00000000   Number         0  stm32f4xx_hal_tim.o ABSOLUTE
    ../Drivers/STM32F4xx_HAL_Driver/Src/stm32f4xx_hal_tim_ex.c 0x00000000   Number         0  stm32f4xx_hal_tim_ex.o ABSOLUTE
    ../Drivers/STM32F4xx_HAL_Driver/Src/stm32f4xx_hal_uart.c 0x00000000   Number         0  stm32f4xx_hal_uart.o ABSOLUTE
    ../Drivers/STM32F4xx_HAL_Driver/Src/stm32f4xx_ll_adc.c 0x00000000   Number         0  stm32f4xx_ll_adc.o ABSOLUTE
    ../clib/microlib/division.c              0x00000000   Number         0  uldiv.o ABSOLUTE
    ../clib/microlib/division.c              0x00000000   Number         0  uidiv.o ABSOLUTE
    ../clib/microlib/init/entry.s            0x00000000   Number         0  entry2.o ABSOLUTE
    ../clib/microlib/init/entry.s            0x00000000   Number         0  entry5.o ABSOLUTE
    ../clib/microlib/init/entry.s            0x00000000   Number         0  entry8a.o ABSOLUTE
    ../clib/microlib/init/entry.s            0x00000000   Number         0  entry10a.o ABSOLUTE
    ../clib/microlib/init/entry.s            0x00000000   Number         0  entry.o ABSOLUTE
    ../clib/microlib/init/entry.s            0x00000000   Number         0  entry11b.o ABSOLUTE
    ../clib/microlib/init/entry.s            0x00000000   Number         0  entry11a.o ABSOLUTE
    ../clib/microlib/init/entry.s            0x00000000   Number         0  entry10b.o ABSOLUTE
    ../clib/microlib/init/entry.s            0x00000000   Number         0  entry9b.o ABSOLUTE
    ../clib/microlib/init/entry.s            0x00000000   Number         0  entry9a.o ABSOLUTE
    ../clib/microlib/init/entry.s            0x00000000   Number         0  entry8b.o ABSOLUTE
    ../clib/microlib/init/entry.s            0x00000000   Number         0  entry7b.o ABSOLUTE
    ../clib/microlib/init/entry.s            0x00000000   Number         0  entry7a.o ABSOLUTE
    ../clib/microlib/longlong.c              0x00000000   Number         0  llushr.o ABSOLUTE
    ../clib/microlib/longlong.c              0x00000000   Number         0  llshl.o ABSOLUTE
    ../clib/microlib/longlong.c              0x00000000   Number         0  llsshr.o ABSOLUTE
    ../clib/microlib/malloc/malloc.c         0x00000000   Number         0  mallocra.o ABSOLUTE
    ../clib/microlib/malloc/malloc.c         0x00000000   Number         0  malloca.o ABSOLUTE
    ../clib/microlib/malloc/malloc.c         0x00000000   Number         0  mallocr.o ABSOLUTE
    ../clib/microlib/malloc/malloc.c         0x00000000   Number         0  malloc.o ABSOLUTE
    ../clib/microlib/malloc/mvars.c          0x00000000   Number         0  mvars.o ABSOLUTE
    ../clib/microlib/printf/printf.c         0x00000000   Number         0  printf2.o ABSOLUTE
    ../clib/microlib/printf/printf.c         0x00000000   Number         0  printf3.o ABSOLUTE
    ../clib/microlib/printf/printf.c         0x00000000   Number         0  printfb.o ABSOLUTE
    ../clib/microlib/printf/printf.c         0x00000000   Number         0  printf4.o ABSOLUTE
    ../clib/microlib/printf/printf.c         0x00000000   Number         0  printf5.o ABSOLUTE
    ../clib/microlib/printf/printf.c         0x00000000   Number         0  printf1.o ABSOLUTE
    ../clib/microlib/printf/printf.c         0x00000000   Number         0  printf6.o ABSOLUTE
    ../clib/microlib/printf/printf.c         0x00000000   Number         0  printf7.o ABSOLUTE
    ../clib/microlib/printf/printf.c         0x00000000   Number         0  printf8.o ABSOLUTE
    ../clib/microlib/printf/printf.c         0x00000000   Number         0  printfa.o ABSOLUTE
    ../clib/microlib/printf/printf.c         0x00000000   Number         0  printf0.o ABSOLUTE
    ../clib/microlib/printf/stubs.s          0x00000000   Number         0  stubs.o ABSOLUTE
    ../clib/microlib/stdio/streams.c         0x00000000   Number         0  stdout.o ABSOLUTE
    ../clib/microlib/string/memcpy.c         0x00000000   Number         0  memcpyb.o ABSOLUTE
    ../clib/microlib/string/memcpy.c         0x00000000   Number         0  memcpya.o ABSOLUTE
    ../clib/microlib/string/memset.c         0x00000000   Number         0  memseta.o ABSOLUTE
    ../clib/microlib/stubs.s                 0x00000000   Number         0  iusefp.o ABSOLUTE
    ../fplib/microlib/f2d.c                  0x00000000   Number         0  f2d.o ABSOLUTE
    ../fplib/microlib/fpadd.c                0x00000000   Number         0  dadd.o ABSOLUTE
    ../fplib/microlib/fpdiv.c                0x00000000   Number         0  ddiv.o ABSOLUTE
    ../fplib/microlib/fpepilogue.c           0x00000000   Number         0  depilogue.o ABSOLUTE
    ../fplib/microlib/fpfix.c                0x00000000   Number         0  dfixul.o ABSOLUTE
    ../fplib/microlib/fpmul.c                0x00000000   Number         0  dmul.o ABSOLUTE
    ..\..\Source\BasicMathFunctions\arm_mult_f32.c 0x00000000   Number         0  arm_mult_f32.o ABSOLUTE
    ..\..\Source\BasicMathFunctions\arm_mult_q15.c 0x00000000   Number         0  arm_mult_q15.o ABSOLUTE
    ..\..\Source\BasicMathFunctions\arm_mult_q31.c 0x00000000   Number         0  arm_mult_q31.o ABSOLUTE
    ..\..\Source\BasicMathFunctions\arm_scale_f32.c 0x00000000   Number         0  arm_scale_f32.o ABSOLUTE
    ..\..\Source\BasicMathFunctions\arm_shift_q15.c 0x00000000   Number         0  arm_shift_q15.o ABSOLUTE
    ..\..\Source\BasicMathFunctions\arm_shift_q31.c 0x00000000   Number         0  arm_shift_q31.o ABSOLUTE
    ..\..\Source\CommonTables\arm_common_tables.c 0x00000000   Number         0  arm_common_tables.o ABSOLUTE
    ..\..\Source\CommonTables\arm_const_structs.c 0x00000000   Number         0  arm_const_structs.o ABSOLUTE
    ..\..\Source\ComplexMathFunctions\arm_cmplx_mult_cmplx_f32.c 0x00000000   Number         0  arm_cmplx_mult_cmplx_f32.o ABSOLUTE
    ..\..\Source\ComplexMathFunctions\arm_cmplx_mult_cmplx_q15.c 0x00000000   Number         0  arm_cmplx_mult_cmplx_q15.o ABSOLUTE
    ..\..\Source\ComplexMathFunctions\arm_cmplx_mult_cmplx_q31.c 0x00000000   Number         0  arm_cmplx_mult_cmplx_q31.o ABSOLUTE
    ..\Core\Src\adc.c                        0x00000000   Number         0  adc.o ABSOLUTE
    ..\Core\Src\dma.c                        0x00000000   Number         0  dma.o ABSOLUTE
    ..\Core\Src\gpio.c                       0x00000000   Number         0  gpio.o ABSOLUTE
    ..\Core\Src\main.c                       0x00000000   Number         0  main.o ABSOLUTE
    ..\Core\Src\spi.c                        0x00000000   Number         0  spi.o ABSOLUTE
    ..\Core\Src\stm32f4xx_hal_msp.c          0x00000000   Number         0  stm32f4xx_hal_msp.o ABSOLUTE
    ..\Core\Src\stm32f4xx_hal_timebase_tim.c 0x00000000   Number         0  stm32f4xx_hal_timebase_tim.o ABSOLUTE
    ..\Core\Src\stm32f4xx_it.c               0x00000000   Number         0  stm32f4xx_it.o ABSOLUTE
    ..\Core\Src\system_stm32f4xx.c           0x00000000   Number         0  system_stm32f4xx.o ABSOLUTE
    ..\Core\Src\tim.c                        0x00000000   Number         0  tim.o ABSOLUTE
    ..\Core\Src\usart.c                      0x00000000   Number         0  usart.o ABSOLUTE
    ..\Drivers\CMSIS\DSP\Source\TransformFunctions\arm_bitreversal.c 0x00000000   Number         0  arm_bitreversal.o ABSOLUTE
    ..\Drivers\CMSIS\DSP\Source\TransformFunctions\arm_cfft_f32.c 0x00000000   Number         0  arm_cfft_f32.o ABSOLUTE
    ..\Drivers\CMSIS\DSP\Source\TransformFunctions\arm_cfft_q15.c 0x00000000   Number         0  arm_cfft_q15.o ABSOLUTE
    ..\Drivers\CMSIS\DSP\Source\TransformFunctions\arm_cfft_q31.c 0x00000000   Number         0  arm_cfft_q31.o ABSOLUTE
    ..\Drivers\CMSIS\DSP\Source\TransformFunctions\arm_cfft_radix2_f32.c 0x00000000   Number         0  arm_cfft_radix2_f32.o ABSOLUTE
    ..\Drivers\CMSIS\DSP\Source\TransformFunctions\arm_cfft_radix2_init_f32.c 0x00000000   Number         0  arm_cfft_radix2_init_f32.o ABSOLUTE
    ..\Drivers\CMSIS\DSP\Source\TransformFunctions\arm_cfft_radix2_init_q15.c 0x00000000   Number         0  arm_cfft_radix2_init_q15.o ABSOLUTE
    ..\Drivers\CMSIS\DSP\Source\TransformFunctions\arm_cfft_radix2_init_q31.c 0x00000000   Number         0  arm_cfft_radix2_init_q31.o ABSOLUTE
    ..\Drivers\CMSIS\DSP\Source\TransformFunctions\arm_cfft_radix2_q15.c 0x00000000   Number         0  arm_cfft_radix2_q15.o ABSOLUTE
    ..\Drivers\CMSIS\DSP\Source\TransformFunctions\arm_cfft_radix2_q31.c 0x00000000   Number         0  arm_cfft_radix2_q31.o ABSOLUTE
    ..\Drivers\CMSIS\DSP\Source\TransformFunctions\arm_cfft_radix4_f32.c 0x00000000   Number         0  arm_cfft_radix4_f32.o ABSOLUTE
    ..\Drivers\CMSIS\DSP\Source\TransformFunctions\arm_cfft_radix4_init_f32.c 0x00000000   Number         0  arm_cfft_radix4_init_f32.o ABSOLUTE
    ..\Drivers\CMSIS\DSP\Source\TransformFunctions\arm_cfft_radix4_init_q15.c 0x00000000   Number         0  arm_cfft_radix4_init_q15.o ABSOLUTE
    ..\Drivers\CMSIS\DSP\Source\TransformFunctions\arm_cfft_radix4_init_q31.c 0x00000000   Number         0  arm_cfft_radix4_init_q31.o ABSOLUTE
    ..\Drivers\CMSIS\DSP\Source\TransformFunctions\arm_cfft_radix4_q15.c 0x00000000   Number         0  arm_cfft_radix4_q15.o ABSOLUTE
    ..\Drivers\CMSIS\DSP\Source\TransformFunctions\arm_cfft_radix4_q31.c 0x00000000   Number         0  arm_cfft_radix4_q31.o ABSOLUTE
    ..\Drivers\CMSIS\DSP\Source\TransformFunctions\arm_cfft_radix8_f32.c 0x00000000   Number         0  arm_cfft_radix8_f32.o ABSOLUTE
    ..\Drivers\CMSIS\DSP\Source\TransformFunctions\arm_dct4_f32.c 0x00000000   Number         0  arm_dct4_f32.o ABSOLUTE
    ..\Drivers\CMSIS\DSP\Source\TransformFunctions\arm_dct4_init_f32.c 0x00000000   Number         0  arm_dct4_init_f32.o ABSOLUTE
    ..\Drivers\CMSIS\DSP\Source\TransformFunctions\arm_dct4_init_q15.c 0x00000000   Number         0  arm_dct4_init_q15.o ABSOLUTE
    ..\Drivers\CMSIS\DSP\Source\TransformFunctions\arm_dct4_init_q31.c 0x00000000   Number         0  arm_dct4_init_q31.o ABSOLUTE
    ..\Drivers\CMSIS\DSP\Source\TransformFunctions\arm_dct4_q15.c 0x00000000   Number         0  arm_dct4_q15.o ABSOLUTE
    ..\Drivers\CMSIS\DSP\Source\TransformFunctions\arm_dct4_q31.c 0x00000000   Number         0  arm_dct4_q31.o ABSOLUTE
    ..\Drivers\CMSIS\DSP\Source\TransformFunctions\arm_rfft_f32.c 0x00000000   Number         0  arm_rfft_f32.o ABSOLUTE
    ..\Drivers\CMSIS\DSP\Source\TransformFunctions\arm_rfft_fast_f32.c 0x00000000   Number         0  arm_rfft_fast_f32.o ABSOLUTE
    ..\Drivers\CMSIS\DSP\Source\TransformFunctions\arm_rfft_fast_init_f32.c 0x00000000   Number         0  arm_rfft_fast_init_f32.o ABSOLUTE
    ..\Drivers\CMSIS\DSP\Source\TransformFunctions\arm_rfft_init_f32.c 0x00000000   Number         0  arm_rfft_init_f32.o ABSOLUTE
    ..\Drivers\CMSIS\DSP\Source\TransformFunctions\arm_rfft_init_q15.c 0x00000000   Number         0  arm_rfft_init_q15.o ABSOLUTE
    ..\Drivers\CMSIS\DSP\Source\TransformFunctions\arm_rfft_init_q31.c 0x00000000   Number         0  arm_rfft_init_q31.o ABSOLUTE
    ..\Drivers\CMSIS\DSP\Source\TransformFunctions\arm_rfft_q15.c 0x00000000   Number         0  arm_rfft_q15.o ABSOLUTE
    ..\Drivers\CMSIS\DSP\Source\TransformFunctions\arm_rfft_q31.c 0x00000000   Number         0  arm_rfft_q31.o ABSOLUTE
    ..\Drivers\STM32F4xx_HAL_Driver\Src\stm32f4xx_hal.c 0x00000000   Number         0  stm32f4xx_hal.o ABSOLUTE
    ..\Drivers\STM32F4xx_HAL_Driver\Src\stm32f4xx_hal_adc.c 0x00000000   Number         0  stm32f4xx_hal_adc.o ABSOLUTE
    ..\Drivers\STM32F4xx_HAL_Driver\Src\stm32f4xx_hal_adc_ex.c 0x00000000   Number         0  stm32f4xx_hal_adc_ex.o ABSOLUTE
    ..\Drivers\STM32F4xx_HAL_Driver\Src\stm32f4xx_hal_cortex.c 0x00000000   Number         0  stm32f4xx_hal_cortex.o ABSOLUTE
    ..\Drivers\STM32F4xx_HAL_Driver\Src\stm32f4xx_hal_dma.c 0x00000000   Number         0  stm32f4xx_hal_dma.o ABSOLUTE
    ..\Drivers\STM32F4xx_HAL_Driver\Src\stm32f4xx_hal_dma_ex.c 0x00000000   Number         0  stm32f4xx_hal_dma_ex.o ABSOLUTE
    ..\Drivers\STM32F4xx_HAL_Driver\Src\stm32f4xx_hal_exti.c 0x00000000   Number         0  stm32f4xx_hal_exti.o ABSOLUTE
    ..\Drivers\STM32F4xx_HAL_Driver\Src\stm32f4xx_hal_flash.c 0x00000000   Number         0  stm32f4xx_hal_flash.o ABSOLUTE
    ..\Drivers\STM32F4xx_HAL_Driver\Src\stm32f4xx_hal_flash_ex.c 0x00000000   Number         0  stm32f4xx_hal_flash_ex.o ABSOLUTE
    ..\Drivers\STM32F4xx_HAL_Driver\Src\stm32f4xx_hal_flash_ramfunc.c 0x00000000   Number         0  stm32f4xx_hal_flash_ramfunc.o ABSOLUTE
    ..\Drivers\STM32F4xx_HAL_Driver\Src\stm32f4xx_hal_gpio.c 0x00000000   Number         0  stm32f4xx_hal_gpio.o ABSOLUTE
    ..\Drivers\STM32F4xx_HAL_Driver\Src\stm32f4xx_hal_pwr.c 0x00000000   Number         0  stm32f4xx_hal_pwr.o ABSOLUTE
    ..\Drivers\STM32F4xx_HAL_Driver\Src\stm32f4xx_hal_pwr_ex.c 0x00000000   Number         0  stm32f4xx_hal_pwr_ex.o ABSOLUTE
    ..\Drivers\STM32F4xx_HAL_Driver\Src\stm32f4xx_hal_rcc.c 0x00000000   Number         0  stm32f4xx_hal_rcc.o ABSOLUTE
    ..\Drivers\STM32F4xx_HAL_Driver\Src\stm32f4xx_hal_rcc_ex.c 0x00000000   Number         0  stm32f4xx_hal_rcc_ex.o ABSOLUTE
    ..\Drivers\STM32F4xx_HAL_Driver\Src\stm32f4xx_hal_spi.c 0x00000000   Number         0  stm32f4xx_hal_spi.o ABSOLUTE
    ..\Drivers\STM32F4xx_HAL_Driver\Src\stm32f4xx_hal_tim.c 0x00000000   Number         0  stm32f4xx_hal_tim.o ABSOLUTE
    ..\Drivers\STM32F4xx_HAL_Driver\Src\stm32f4xx_hal_tim_ex.c 0x00000000   Number         0  stm32f4xx_hal_tim_ex.o ABSOLUTE
    ..\Drivers\STM32F4xx_HAL_Driver\Src\stm32f4xx_hal_uart.c 0x00000000   Number         0  stm32f4xx_hal_uart.o ABSOLUTE
    ..\USER\BMI270\bmi2.c                    0x00000000   Number         0  bmi2.o ABSOLUTE
    ..\USER\BMI270\bmi270.c                  0x00000000   Number         0  bmi270.o ABSOLUTE
    ..\USER\BMI270\common.c                  0x00000000   Number         0  common.o ABSOLUTE
    ..\USER\DEVICE\BMI.c                     0x00000000   Number         0  bmi.o ABSOLUTE
    ..\USER\DEVICE\imu.c                     0x00000000   Number         0  imu.o ABSOLUTE
    ..\USER\DRIVE\gpio_drv.c                 0x00000000   Number         0  gpio_drv.o ABSOLUTE
    ..\USER\DRIVE\iic_drv.c                  0x00000000   Number         0  iic_drv.o ABSOLUTE
    ..\USER\DRIVE\tick_drv.c                 0x00000000   Number         0  tick_drv.o ABSOLUTE
    ..\\..\\Source\\BasicMathFunctions\\arm_mult_f32.c 0x00000000   Number         0  arm_mult_f32.o ABSOLUTE
    ..\\..\\Source\\BasicMathFunctions\\arm_mult_q15.c 0x00000000   Number         0  arm_mult_q15.o ABSOLUTE
    ..\\..\\Source\\BasicMathFunctions\\arm_mult_q31.c 0x00000000   Number         0  arm_mult_q31.o ABSOLUTE
    ..\\..\\Source\\BasicMathFunctions\\arm_scale_f32.c 0x00000000   Number         0  arm_scale_f32.o ABSOLUTE
    ..\\..\\Source\\BasicMathFunctions\\arm_shift_q15.c 0x00000000   Number         0  arm_shift_q15.o ABSOLUTE
    ..\\..\\Source\\BasicMathFunctions\\arm_shift_q31.c 0x00000000   Number         0  arm_shift_q31.o ABSOLUTE
    ..\\..\\Source\\CommonTables\\arm_common_tables.c 0x00000000   Number         0  arm_common_tables.o ABSOLUTE
    ..\\..\\Source\\CommonTables\\arm_const_structs.c 0x00000000   Number         0  arm_const_structs.o ABSOLUTE
    ..\\..\\Source\\ComplexMathFunctions\\arm_cmplx_mult_cmplx_f32.c 0x00000000   Number         0  arm_cmplx_mult_cmplx_f32.o ABSOLUTE
    ..\\..\\Source\\ComplexMathFunctions\\arm_cmplx_mult_cmplx_q15.c 0x00000000   Number         0  arm_cmplx_mult_cmplx_q15.o ABSOLUTE
    ..\\..\\Source\\ComplexMathFunctions\\arm_cmplx_mult_cmplx_q31.c 0x00000000   Number         0  arm_cmplx_mult_cmplx_q31.o ABSOLUTE
    ..\\..\\Source\\TransformFunctions\\arm_bitreversal2.S 0x00000000   Number         0  arm_bitreversal2.o ABSOLUTE
    ..\\Drivers\\CMSIS\\DSP\\Source\\TransformFunctions\\arm_bitreversal.c 0x00000000   Number         0  arm_bitreversal.o ABSOLUTE
    ..\\Drivers\\CMSIS\\DSP\\Source\\TransformFunctions\\arm_cfft_f32.c 0x00000000   Number         0  arm_cfft_f32.o ABSOLUTE
    ..\\Drivers\\CMSIS\\DSP\\Source\\TransformFunctions\\arm_cfft_q15.c 0x00000000   Number         0  arm_cfft_q15.o ABSOLUTE
    ..\\Drivers\\CMSIS\\DSP\\Source\\TransformFunctions\\arm_cfft_q31.c 0x00000000   Number         0  arm_cfft_q31.o ABSOLUTE
    ..\\Drivers\\CMSIS\\DSP\\Source\\TransformFunctions\\arm_cfft_radix2_f32.c 0x00000000   Number         0  arm_cfft_radix2_f32.o ABSOLUTE
    ..\\Drivers\\CMSIS\\DSP\\Source\\TransformFunctions\\arm_cfft_radix2_init_f32.c 0x00000000   Number         0  arm_cfft_radix2_init_f32.o ABSOLUTE
    ..\\Drivers\\CMSIS\\DSP\\Source\\TransformFunctions\\arm_cfft_radix2_init_q15.c 0x00000000   Number         0  arm_cfft_radix2_init_q15.o ABSOLUTE
    ..\\Drivers\\CMSIS\\DSP\\Source\\TransformFunctions\\arm_cfft_radix2_init_q31.c 0x00000000   Number         0  arm_cfft_radix2_init_q31.o ABSOLUTE
    ..\\Drivers\\CMSIS\\DSP\\Source\\TransformFunctions\\arm_cfft_radix2_q15.c 0x00000000   Number         0  arm_cfft_radix2_q15.o ABSOLUTE
    ..\\Drivers\\CMSIS\\DSP\\Source\\TransformFunctions\\arm_cfft_radix2_q31.c 0x00000000   Number         0  arm_cfft_radix2_q31.o ABSOLUTE
    ..\\Drivers\\CMSIS\\DSP\\Source\\TransformFunctions\\arm_cfft_radix4_f32.c 0x00000000   Number         0  arm_cfft_radix4_f32.o ABSOLUTE
    ..\\Drivers\\CMSIS\\DSP\\Source\\TransformFunctions\\arm_cfft_radix4_init_f32.c 0x00000000   Number         0  arm_cfft_radix4_init_f32.o ABSOLUTE
    ..\\Drivers\\CMSIS\\DSP\\Source\\TransformFunctions\\arm_cfft_radix4_init_q15.c 0x00000000   Number         0  arm_cfft_radix4_init_q15.o ABSOLUTE
    ..\\Drivers\\CMSIS\\DSP\\Source\\TransformFunctions\\arm_cfft_radix4_init_q31.c 0x00000000   Number         0  arm_cfft_radix4_init_q31.o ABSOLUTE
    ..\\Drivers\\CMSIS\\DSP\\Source\\TransformFunctions\\arm_cfft_radix4_q15.c 0x00000000   Number         0  arm_cfft_radix4_q15.o ABSOLUTE
    ..\\Drivers\\CMSIS\\DSP\\Source\\TransformFunctions\\arm_cfft_radix4_q31.c 0x00000000   Number         0  arm_cfft_radix4_q31.o ABSOLUTE
    ..\\Drivers\\CMSIS\\DSP\\Source\\TransformFunctions\\arm_cfft_radix8_f32.c 0x00000000   Number         0  arm_cfft_radix8_f32.o ABSOLUTE
    ..\\Drivers\\CMSIS\\DSP\\Source\\TransformFunctions\\arm_dct4_f32.c 0x00000000   Number         0  arm_dct4_f32.o ABSOLUTE
    ..\\Drivers\\CMSIS\\DSP\\Source\\TransformFunctions\\arm_dct4_init_f32.c 0x00000000   Number         0  arm_dct4_init_f32.o ABSOLUTE
    ..\\Drivers\\CMSIS\\DSP\\Source\\TransformFunctions\\arm_dct4_init_q15.c 0x00000000   Number         0  arm_dct4_init_q15.o ABSOLUTE
    ..\\Drivers\\CMSIS\\DSP\\Source\\TransformFunctions\\arm_dct4_init_q31.c 0x00000000   Number         0  arm_dct4_init_q31.o ABSOLUTE
    ..\\Drivers\\CMSIS\\DSP\\Source\\TransformFunctions\\arm_dct4_q15.c 0x00000000   Number         0  arm_dct4_q15.o ABSOLUTE
    ..\\Drivers\\CMSIS\\DSP\\Source\\TransformFunctions\\arm_dct4_q31.c 0x00000000   Number         0  arm_dct4_q31.o ABSOLUTE
    ..\\Drivers\\CMSIS\\DSP\\Source\\TransformFunctions\\arm_rfft_f32.c 0x00000000   Number         0  arm_rfft_f32.o ABSOLUTE
    ..\\Drivers\\CMSIS\\DSP\\Source\\TransformFunctions\\arm_rfft_fast_f32.c 0x00000000   Number         0  arm_rfft_fast_f32.o ABSOLUTE
    ..\\Drivers\\CMSIS\\DSP\\Source\\TransformFunctions\\arm_rfft_fast_init_f32.c 0x00000000   Number         0  arm_rfft_fast_init_f32.o ABSOLUTE
    ..\\Drivers\\CMSIS\\DSP\\Source\\TransformFunctions\\arm_rfft_init_f32.c 0x00000000   Number         0  arm_rfft_init_f32.o ABSOLUTE
    ..\\Drivers\\CMSIS\\DSP\\Source\\TransformFunctions\\arm_rfft_init_q15.c 0x00000000   Number         0  arm_rfft_init_q15.o ABSOLUTE
    ..\\Drivers\\CMSIS\\DSP\\Source\\TransformFunctions\\arm_rfft_init_q31.c 0x00000000   Number         0  arm_rfft_init_q31.o ABSOLUTE
    ..\\Drivers\\CMSIS\\DSP\\Source\\TransformFunctions\\arm_rfft_q15.c 0x00000000   Number         0  arm_rfft_q15.o ABSOLUTE
    ..\\Drivers\\CMSIS\\DSP\\Source\\TransformFunctions\\arm_rfft_q31.c 0x00000000   Number         0  arm_rfft_q31.o ABSOLUTE
    ..\\USER\\BMI270\\common.c               0x00000000   Number         0  common.o ABSOLUTE
    ..\\USER\\DEVICE\\BMI.c                  0x00000000   Number         0  bmi.o ABSOLUTE
    ..\\USER\\DEVICE\\imu.c                  0x00000000   Number         0  imu.o ABSOLUTE
    ..\\USER\\DRIVE\\gpio_drv.c              0x00000000   Number         0  gpio_drv.o ABSOLUTE
    ..\\USER\\DRIVE\\iic_drv.c               0x00000000   Number         0  iic_drv.o ABSOLUTE
    ..\\USER\\DRIVE\\tick_drv.c              0x00000000   Number         0  tick_drv.o ABSOLUTE
    cdrcmple.s                               0x00000000   Number         0  cdrcmple.o ABSOLUTE
    dc.s                                     0x00000000   Number         0  dc.o ABSOLUTE
    handlers.s                               0x00000000   Number         0  handlers.o ABSOLUTE
    init.s                                   0x00000000   Number         0  init.o ABSOLUTE
    startup_stm32f407xx.s                    0x00000000   Number         0  startup_stm32f407xx.o ABSOLUTE
    RESET                                    0x08000000   Section      392  startup_stm32f407xx.o(RESET)
    .ARM.Collect$$$$00000000                 0x08000188   Section        0  entry.o(.ARM.Collect$$$$00000000)
    .ARM.Collect$$$$00000001                 0x08000188   Section        4  entry2.o(.ARM.Collect$$$$00000001)
    .ARM.Collect$$$$00000004                 0x0800018c   Section        4  entry5.o(.ARM.Collect$$$$00000004)
    .ARM.Collect$$$$00000008                 0x08000190   Section        0  entry7b.o(.ARM.Collect$$$$00000008)
    .ARM.Collect$$$$0000000A                 0x08000190   Section        0  entry8b.o(.ARM.Collect$$$$0000000A)
    .ARM.Collect$$$$0000000B                 0x08000190   Section        8  entry9a.o(.ARM.Collect$$$$0000000B)
    .ARM.Collect$$$$0000000D                 0x08000198   Section        0  entry10a.o(.ARM.Collect$$$$0000000D)
    .ARM.Collect$$$$0000000F                 0x08000198   Section        0  entry11a.o(.ARM.Collect$$$$0000000F)
    .ARM.Collect$$$$00002712                 0x08000198   Section        4  entry2.o(.ARM.Collect$$$$00002712)
    __lit__00000000                          0x08000198   Data           4  entry2.o(.ARM.Collect$$$$00002712)
    .text                                    0x0800019c   Section       36  startup_stm32f407xx.o(.text)
    $v0                                      0x0800019c   Number         0  startup_stm32f407xx.o(.text)
    .text                                    0x080001c0   Section        0  uldiv.o(.text)
    .text                                    0x08000222   Section        0  llshl.o(.text)
    .text                                    0x08000240   Section        0  memseta.o(.text)
    .text                                    0x08000264   Section        0  f2d.o(.text)
    .text                                    0x0800028a   Section        0  uidiv.o(.text)
    .text                                    0x080002b6   Section        0  llushr.o(.text)
    .text                                    0x080002d6   Section        0  iusefp.o(.text)
    .text                                    0x080002d6   Section        0  dadd.o(.text)
    .text                                    0x08000424   Section        0  dmul.o(.text)
    .text                                    0x08000508   Section        0  ddiv.o(.text)
    .text                                    0x080005e6   Section        0  dfixul.o(.text)
    .text                                    0x08000618   Section       48  cdrcmple.o(.text)
    .text                                    0x08000648   Section       36  init.o(.text)
    .text                                    0x0800066c   Section        0  llsshr.o(.text)
    .text                                    0x08000690   Section        0  depilogue.o(.text)
    i.ADC_DMAConvCplt                        0x0800074a   Section        0  stm32f4xx_hal_adc.o(i.ADC_DMAConvCplt)
    ADC_DMAConvCplt                          0x0800074b   Thumb Code   110  stm32f4xx_hal_adc.o(i.ADC_DMAConvCplt)
    i.ADC_DMAError                           0x080007b8   Section        0  stm32f4xx_hal_adc.o(i.ADC_DMAError)
    ADC_DMAError                             0x080007b9   Thumb Code    22  stm32f4xx_hal_adc.o(i.ADC_DMAError)
    i.ADC_DMAHalfConvCplt                    0x080007ce   Section        0  stm32f4xx_hal_adc.o(i.ADC_DMAHalfConvCplt)
    ADC_DMAHalfConvCplt                      0x080007cf   Thumb Code    10  stm32f4xx_hal_adc.o(i.ADC_DMAHalfConvCplt)
    i.ADC_IRQHandler                         0x080007d8   Section        0  stm32f4xx_it.o(i.ADC_IRQHandler)
    i.ADC_Init                               0x080007e4   Section        0  stm32f4xx_hal_adc.o(i.ADC_Init)
    ADC_Init                                 0x080007e5   Thumb Code   284  stm32f4xx_hal_adc.o(i.ADC_Init)
    i.BusFault_Handler                       0x0800090c   Section        0  stm32f4xx_it.o(i.BusFault_Handler)
    i.DMA2_Stream0_IRQHandler                0x08000910   Section        0  stm32f4xx_it.o(i.DMA2_Stream0_IRQHandler)
    i.DMA2_Stream2_IRQHandler                0x0800091c   Section        0  stm32f4xx_it.o(i.DMA2_Stream2_IRQHandler)
    i.DMA2_Stream7_IRQHandler                0x08000928   Section        0  stm32f4xx_it.o(i.DMA2_Stream7_IRQHandler)
    i.DMA_CalcBaseAndBitshift                0x08000934   Section        0  stm32f4xx_hal_dma.o(i.DMA_CalcBaseAndBitshift)
    DMA_CalcBaseAndBitshift                  0x08000935   Thumb Code    34  stm32f4xx_hal_dma.o(i.DMA_CalcBaseAndBitshift)
    i.DMA_CheckFifoParam                     0x0800095c   Section        0  stm32f4xx_hal_dma.o(i.DMA_CheckFifoParam)
    DMA_CheckFifoParam                       0x0800095d   Thumb Code    84  stm32f4xx_hal_dma.o(i.DMA_CheckFifoParam)
    i.DMA_SetConfig                          0x080009b0   Section        0  stm32f4xx_hal_dma.o(i.DMA_SetConfig)
    DMA_SetConfig                            0x080009b1   Thumb Code    40  stm32f4xx_hal_dma.o(i.DMA_SetConfig)
    i.DebugMon_Handler                       0x080009d8   Section        0  stm32f4xx_it.o(i.DebugMon_Handler)
    i.Error_Handler                          0x080009da   Section        0  main.o(i.Error_Handler)
    i.HAL_ADCEx_InjectedConvCpltCallback     0x080009de   Section        0  stm32f4xx_hal_adc_ex.o(i.HAL_ADCEx_InjectedConvCpltCallback)
    i.HAL_ADC_ConfigChannel                  0x080009e0   Section        0  stm32f4xx_hal_adc.o(i.HAL_ADC_ConfigChannel)
    i.HAL_ADC_ConvCpltCallback               0x08000b2c   Section        0  main.o(i.HAL_ADC_ConvCpltCallback)
    i.HAL_ADC_ConvHalfCpltCallback           0x08000b68   Section        0  stm32f4xx_hal_adc.o(i.HAL_ADC_ConvHalfCpltCallback)
    i.HAL_ADC_ErrorCallback                  0x08000b6a   Section        0  stm32f4xx_hal_adc.o(i.HAL_ADC_ErrorCallback)
    i.HAL_ADC_IRQHandler                     0x08000b6c   Section        0  stm32f4xx_hal_adc.o(i.HAL_ADC_IRQHandler)
    i.HAL_ADC_Init                           0x08000ca8   Section        0  stm32f4xx_hal_adc.o(i.HAL_ADC_Init)
    i.HAL_ADC_LevelOutOfWindowCallback       0x08000cfc   Section        0  stm32f4xx_hal_adc.o(i.HAL_ADC_LevelOutOfWindowCallback)
    i.HAL_ADC_MspInit                        0x08000d00   Section        0  adc.o(i.HAL_ADC_MspInit)
    i.HAL_ADC_Start                          0x08000da8   Section        0  stm32f4xx_hal_adc.o(i.HAL_ADC_Start)
    i.HAL_ADC_Start_DMA                      0x08000ea4   Section        0  stm32f4xx_hal_adc.o(i.HAL_ADC_Start_DMA)
    i.HAL_ADC_Stop_DMA                       0x08000ff8   Section        0  stm32f4xx_hal_adc.o(i.HAL_ADC_Stop_DMA)
    i.HAL_DMA_Abort                          0x08001064   Section        0  stm32f4xx_hal_dma.o(i.HAL_DMA_Abort)
    i.HAL_DMA_IRQHandler                     0x080010f4   Section        0  stm32f4xx_hal_dma.o(i.HAL_DMA_IRQHandler)
    i.HAL_DMA_Init                           0x08001294   Section        0  stm32f4xx_hal_dma.o(i.HAL_DMA_Init)
    i.HAL_DMA_Start_IT                       0x08001368   Section        0  stm32f4xx_hal_dma.o(i.HAL_DMA_Start_IT)
    i.HAL_GPIO_Init                          0x080013d8   Section        0  stm32f4xx_hal_gpio.o(i.HAL_GPIO_Init)
    i.HAL_GPIO_WritePin                      0x080015c4   Section        0  stm32f4xx_hal_gpio.o(i.HAL_GPIO_WritePin)
    i.HAL_GetTick                            0x080015d0   Section        0  stm32f4xx_hal.o(i.HAL_GetTick)
    i.HAL_IncTick                            0x080015dc   Section        0  stm32f4xx_hal.o(i.HAL_IncTick)
    i.HAL_Init                               0x080015ec   Section        0  stm32f4xx_hal.o(i.HAL_Init)
    i.HAL_InitTick                           0x08001620   Section        0  stm32f4xx_hal_timebase_tim.o(i.HAL_InitTick)
    i.HAL_MspInit                            0x08001694   Section        0  stm32f4xx_hal_msp.o(i.HAL_MspInit)
    i.HAL_NVIC_EnableIRQ                     0x080016c4   Section        0  stm32f4xx_hal_cortex.o(i.HAL_NVIC_EnableIRQ)
    i.HAL_NVIC_SetPriority                   0x080016e0   Section        0  stm32f4xx_hal_cortex.o(i.HAL_NVIC_SetPriority)
    i.HAL_NVIC_SetPriorityGrouping           0x08001720   Section        0  stm32f4xx_hal_cortex.o(i.HAL_NVIC_SetPriorityGrouping)
    i.HAL_RCC_ClockConfig                    0x08001744   Section        0  stm32f4xx_hal_rcc.o(i.HAL_RCC_ClockConfig)
    i.HAL_RCC_GetClockConfig                 0x08001878   Section        0  stm32f4xx_hal_rcc.o(i.HAL_RCC_GetClockConfig)
    i.HAL_RCC_GetPCLK1Freq                   0x080018b8   Section        0  stm32f4xx_hal_rcc.o(i.HAL_RCC_GetPCLK1Freq)
    i.HAL_RCC_GetPCLK2Freq                   0x080018d8   Section        0  stm32f4xx_hal_rcc.o(i.HAL_RCC_GetPCLK2Freq)
    i.HAL_RCC_GetSysClockFreq                0x080018f8   Section        0  stm32f4xx_hal_rcc.o(i.HAL_RCC_GetSysClockFreq)
    i.HAL_RCC_OscConfig                      0x0800195c   Section        0  stm32f4xx_hal_rcc.o(i.HAL_RCC_OscConfig)
    i.HAL_SPI_Init                           0x08001cc8   Section        0  stm32f4xx_hal_spi.o(i.HAL_SPI_Init)
    i.HAL_SPI_MspInit                        0x08001d84   Section        0  spi.o(i.HAL_SPI_MspInit)
    i.HAL_TIMEx_BreakCallback                0x08001df0   Section        0  stm32f4xx_hal_tim_ex.o(i.HAL_TIMEx_BreakCallback)
    i.HAL_TIMEx_CommutCallback               0x08001df2   Section        0  stm32f4xx_hal_tim_ex.o(i.HAL_TIMEx_CommutCallback)
    i.HAL_TIMEx_MasterConfigSynchronization  0x08001df4   Section        0  stm32f4xx_hal_tim_ex.o(i.HAL_TIMEx_MasterConfigSynchronization)
    i.HAL_TIM_Base_Init                      0x08001e84   Section        0  stm32f4xx_hal_tim.o(i.HAL_TIM_Base_Init)
    i.HAL_TIM_Base_MspInit                   0x08001ee0   Section        0  tim.o(i.HAL_TIM_Base_MspInit)
    i.HAL_TIM_Base_Start_IT                  0x08001f34   Section        0  stm32f4xx_hal_tim.o(i.HAL_TIM_Base_Start_IT)
    i.HAL_TIM_ConfigClockSource              0x08001fb4   Section        0  stm32f4xx_hal_tim.o(i.HAL_TIM_ConfigClockSource)
    i.HAL_TIM_IC_CaptureCallback             0x0800208a   Section        0  stm32f4xx_hal_tim.o(i.HAL_TIM_IC_CaptureCallback)
    i.HAL_TIM_IRQHandler                     0x0800208c   Section        0  stm32f4xx_hal_tim.o(i.HAL_TIM_IRQHandler)
    i.HAL_TIM_OC_DelayElapsedCallback        0x080021f2   Section        0  stm32f4xx_hal_tim.o(i.HAL_TIM_OC_DelayElapsedCallback)
    i.HAL_TIM_PWM_PulseFinishedCallback      0x080021f4   Section        0  stm32f4xx_hal_tim.o(i.HAL_TIM_PWM_PulseFinishedCallback)
    i.HAL_TIM_PeriodElapsedCallback          0x080021f6   Section        0  main.o(i.HAL_TIM_PeriodElapsedCallback)
    i.HAL_TIM_TriggerCallback                0x08002204   Section        0  stm32f4xx_hal_tim.o(i.HAL_TIM_TriggerCallback)
    i.HAL_UART_Init                          0x08002206   Section        0  stm32f4xx_hal_uart.o(i.HAL_UART_Init)
    i.HAL_UART_MspInit                       0x08002268   Section        0  usart.o(i.HAL_UART_MspInit)
    i.HAL_UART_Transmit                      0x080023b0   Section        0  stm32f4xx_hal_uart.o(i.HAL_UART_Transmit)
    i.HardFault_Handler                      0x08002462   Section        0  stm32f4xx_it.o(i.HardFault_Handler)
    i.MX_ADC1_Init                           0x08002464   Section        0  adc.o(i.MX_ADC1_Init)
    i.MX_DMA_Init                            0x080024c8   Section        0  dma.o(i.MX_DMA_Init)
    i.MX_GPIO_Init                           0x08002514   Section        0  gpio.o(i.MX_GPIO_Init)
    i.MX_SPI2_Init                           0x080025a4   Section        0  spi.o(i.MX_SPI2_Init)
    i.MX_TIM3_Init                           0x080025ec   Section        0  tim.o(i.MX_TIM3_Init)
    i.MX_TIM4_Init                           0x08002658   Section        0  tim.o(i.MX_TIM4_Init)
    i.MX_UART5_Init                          0x080026c4   Section        0  usart.o(i.MX_UART5_Init)
    i.MX_USART1_UART_Init                    0x080026fc   Section        0  usart.o(i.MX_USART1_UART_Init)
    i.MemManage_Handler                      0x08002734   Section        0  stm32f4xx_it.o(i.MemManage_Handler)
    i.NMI_Handler                            0x08002736   Section        0  stm32f4xx_it.o(i.NMI_Handler)
    i.PendSV_Handler                         0x08002738   Section        0  stm32f4xx_it.o(i.PendSV_Handler)
    i.SVC_Handler                            0x0800273a   Section        0  stm32f4xx_it.o(i.SVC_Handler)
    i.SysTick_Handler                        0x0800273c   Section        0  stm32f4xx_it.o(i.SysTick_Handler)
    i.SystemClock_Config                     0x08002740   Section        0  main.o(i.SystemClock_Config)
    i.SystemInit                             0x080027d8   Section        0  system_stm32f4xx.o(i.SystemInit)
    i.TIM2_IRQHandler                        0x080027e8   Section        0  stm32f4xx_it.o(i.TIM2_IRQHandler)
    i.TIM4_IRQHandler                        0x080027f4   Section        0  stm32f4xx_it.o(i.TIM4_IRQHandler)
    i.TIM_Base_SetConfig                     0x08002800   Section        0  stm32f4xx_hal_tim.o(i.TIM_Base_SetConfig)
    i.TIM_ETR_SetConfig                      0x080028c8   Section        0  stm32f4xx_hal_tim.o(i.TIM_ETR_SetConfig)
    i.TIM_ITRx_SetConfig                     0x080028dc   Section        0  stm32f4xx_hal_tim.o(i.TIM_ITRx_SetConfig)
    TIM_ITRx_SetConfig                       0x080028dd   Thumb Code    16  stm32f4xx_hal_tim.o(i.TIM_ITRx_SetConfig)
    i.TIM_TI1_ConfigInputStage               0x080028ec   Section        0  stm32f4xx_hal_tim.o(i.TIM_TI1_ConfigInputStage)
    TIM_TI1_ConfigInputStage                 0x080028ed   Thumb Code    34  stm32f4xx_hal_tim.o(i.TIM_TI1_ConfigInputStage)
    i.TIM_TI2_ConfigInputStage               0x0800290e   Section        0  stm32f4xx_hal_tim.o(i.TIM_TI2_ConfigInputStage)
    TIM_TI2_ConfigInputStage                 0x0800290f   Thumb Code    36  stm32f4xx_hal_tim.o(i.TIM_TI2_ConfigInputStage)
    i.UART_SetConfig                         0x08002934   Section        0  stm32f4xx_hal_uart.o(i.UART_SetConfig)
    UART_SetConfig                           0x08002935   Thumb Code   258  stm32f4xx_hal_uart.o(i.UART_SetConfig)
    i.UART_WaitOnFlagUntilTimeout            0x08002a40   Section        0  stm32f4xx_hal_uart.o(i.UART_WaitOnFlagUntilTimeout)
    UART_WaitOnFlagUntilTimeout              0x08002a41   Thumb Code   100  stm32f4xx_hal_uart.o(i.UART_WaitOnFlagUntilTimeout)
    i.UsageFault_Handler                     0x08002aa4   Section        0  stm32f4xx_it.o(i.UsageFault_Handler)
    i.__0printf                              0x08002aa8   Section        0  printfa.o(i.__0printf)
    i.__NVIC_SetPriority                     0x08002ac8   Section        0  stm32f4xx_hal_cortex.o(i.__NVIC_SetPriority)
    __NVIC_SetPriority                       0x08002ac9   Thumb Code    32  stm32f4xx_hal_cortex.o(i.__NVIC_SetPriority)
    i.__scatterload_copy                     0x08002ae8   Section       14  handlers.o(i.__scatterload_copy)
    i.__scatterload_null                     0x08002af6   Section        2  handlers.o(i.__scatterload_null)
    i.__scatterload_zeroinit                 0x08002af8   Section       14  handlers.o(i.__scatterload_zeroinit)
    i._fp_digits                             0x08002b08   Section        0  printfa.o(i._fp_digits)
    _fp_digits                               0x08002b09   Thumb Code   366  printfa.o(i._fp_digits)
    i._printf_core                           0x08002c8c   Section        0  printfa.o(i._printf_core)
    _printf_core                             0x08002c8d   Thumb Code  1744  printfa.o(i._printf_core)
    i._printf_post_padding                   0x08003368   Section        0  printfa.o(i._printf_post_padding)
    _printf_post_padding                     0x08003369   Thumb Code    36  printfa.o(i._printf_post_padding)
    i._printf_pre_padding                    0x0800338c   Section        0  printfa.o(i._printf_pre_padding)
    _printf_pre_padding                      0x0800338d   Thumb Code    46  printfa.o(i._printf_pre_padding)
    i.arm_cfft_radix4_init_f32               0x080033bc   Section        0  arm_cfft_radix4_init_f32.o(i.arm_cfft_radix4_init_f32)
    i.fputc                                  0x0800346c   Section        0  main.o(i.fputc)
    i.main                                   0x08003484   Section        0  main.o(i.main)
    .constdata                               0x08003550   Section        8  stm32f4xx_hal_dma.o(.constdata)
    flagBitshiftOffset                       0x08003550   Data           8  stm32f4xx_hal_dma.o(.constdata)
    .constdata                               0x08003558   Section       16  system_stm32f4xx.o(.constdata)
    .constdata                               0x08003568   Section        8  system_stm32f4xx.o(.constdata)
    .constdata                               0x08003570   Section     2048  arm_common_tables.o(.constdata)
    .constdata                               0x08003d70   Section    32768  arm_common_tables.o(.constdata)
    .data                                    0x20000000   Section       20  main.o(.data)
    .data                                    0x20000014   Section       12  stm32f4xx_hal.o(.data)
    .data                                    0x20000020   Section        4  system_stm32f4xx.o(.data)
    .data                                    0x20000024   Section        4  stdout.o(.data)
    .bss                                     0x20000028   Section     1036  main.o(.bss)
    .bss                                     0x20000434   Section      168  adc.o(.bss)
    .bss                                     0x200004dc   Section       88  spi.o(.bss)
    .bss                                     0x20000534   Section      144  tim.o(.bss)
    .bss                                     0x200005c4   Section      328  usart.o(.bss)
    .bss                                     0x2000070c   Section       72  stm32f4xx_hal_timebase_tim.o(.bss)
    STACK                                    0x20000758   Section     4096  startup_stm32f407xx.o(STACK)

    Global Symbols

    Symbol Name                              Value     Ov Type        Size  Object(Section)

    BuildAttributes$$THM_ISAv4$E$P$D$K$B$S$7EM$VFPi3$EXTD16$VFPS$VFMA$PE$A:L22UL41UL21$X:L11$S22US41US21$IEEE1$IW$USESV6$~STKCKD$USESV7$~SHL$OTIME$ROPI$IEEEX$EBA8$MICROLIB$REQ8$PRES8$EABIv2 0x00000000   Number         0  anon$$obj.o ABSOLUTE
    __ARM_use_no_argv                        0x00000000   Number         0  main.o ABSOLUTE
    _printf_a                                0x00000000   Number         0  stubs.o ABSOLUTE
    _printf_c                                0x00000000   Number         0  stubs.o ABSOLUTE
    _printf_charcount                        0x00000000   Number         0  stubs.o ABSOLUTE
    _printf_d                                0x00000000   Number         0  stubs.o ABSOLUTE
    _printf_e                                0x00000000   Number         0  stubs.o ABSOLUTE
    _printf_f                                0x00000000   Number         0  stubs.o ABSOLUTE
    _printf_flags                            0x00000000   Number         0  stubs.o ABSOLUTE
    _printf_fp_dec                           0x00000000   Number         0  stubs.o ABSOLUTE
    _printf_fp_hex                           0x00000000   Number         0  stubs.o ABSOLUTE
    _printf_g                                0x00000000   Number         0  stubs.o ABSOLUTE
    _printf_i                                0x00000000   Number         0  stubs.o ABSOLUTE
    _printf_int_dec                          0x00000000   Number         0  stubs.o ABSOLUTE
    _printf_l                                0x00000000   Number         0  stubs.o ABSOLUTE
    _printf_lc                               0x00000000   Number         0  stubs.o ABSOLUTE
    _printf_ll                               0x00000000   Number         0  stubs.o ABSOLUTE
    _printf_lld                              0x00000000   Number         0  stubs.o ABSOLUTE
    _printf_lli                              0x00000000   Number         0  stubs.o ABSOLUTE
    _printf_llo                              0x00000000   Number         0  stubs.o ABSOLUTE
    _printf_llu                              0x00000000   Number         0  stubs.o ABSOLUTE
    _printf_llx                              0x00000000   Number         0  stubs.o ABSOLUTE
    _printf_longlong_dec                     0x00000000   Number         0  stubs.o ABSOLUTE
    _printf_longlong_hex                     0x00000000   Number         0  stubs.o ABSOLUTE
    _printf_longlong_oct                     0x00000000   Number         0  stubs.o ABSOLUTE
    _printf_ls                               0x00000000   Number         0  stubs.o ABSOLUTE
    _printf_mbtowc                           0x00000000   Number         0  stubs.o ABSOLUTE
    _printf_n                                0x00000000   Number         0  stubs.o ABSOLUTE
    _printf_o                                0x00000000   Number         0  stubs.o ABSOLUTE
    _printf_p                                0x00000000   Number         0  stubs.o ABSOLUTE
    _printf_percent                          0x00000000   Number         0  stubs.o ABSOLUTE
    _printf_pre_padding                      0x00000000   Number         0  stubs.o ABSOLUTE
    _printf_return_value                     0x00000000   Number         0  stubs.o ABSOLUTE
    _printf_s                                0x00000000   Number         0  stubs.o ABSOLUTE
    _printf_sizespec                         0x00000000   Number         0  stubs.o ABSOLUTE
    _printf_str                              0x00000000   Number         0  stubs.o ABSOLUTE
    _printf_truncate_signed                  0x00000000   Number         0  stubs.o ABSOLUTE
    _printf_truncate_unsigned                0x00000000   Number         0  stubs.o ABSOLUTE
    _printf_u                                0x00000000   Number         0  stubs.o ABSOLUTE
    _printf_wc                               0x00000000   Number         0  stubs.o ABSOLUTE
    _printf_wctomb                           0x00000000   Number         0  stubs.o ABSOLUTE
    _printf_widthprec                        0x00000000   Number         0  stubs.o ABSOLUTE
    _printf_x                                0x00000000   Number         0  stubs.o ABSOLUTE
    __cpp_initialize__aeabi_                  - Undefined Weak Reference
    __cxa_finalize                            - Undefined Weak Reference
    __decompress                              - Undefined Weak Reference
    _clock_init                               - Undefined Weak Reference
    _microlib_exit                            - Undefined Weak Reference
    __Vectors_Size                           0x00000188   Number         0  startup_stm32f407xx.o ABSOLUTE
    __Vectors                                0x08000000   Data           4  startup_stm32f407xx.o(RESET)
    __Vectors_End                            0x08000188   Data           0  startup_stm32f407xx.o(RESET)
    __main                                   0x08000189   Thumb Code     0  entry.o(.ARM.Collect$$$$00000000)
    _main_stk                                0x08000189   Thumb Code     0  entry2.o(.ARM.Collect$$$$00000001)
    _main_scatterload                        0x0800018d   Thumb Code     0  entry5.o(.ARM.Collect$$$$00000004)
    __main_after_scatterload                 0x08000191   Thumb Code     0  entry5.o(.ARM.Collect$$$$00000004)
    _main_clock                              0x08000191   Thumb Code     0  entry7b.o(.ARM.Collect$$$$00000008)
    _main_cpp_init                           0x08000191   Thumb Code     0  entry8b.o(.ARM.Collect$$$$0000000A)
    _main_init                               0x08000191   Thumb Code     0  entry9a.o(.ARM.Collect$$$$0000000B)
    __rt_final_cpp                           0x08000199   Thumb Code     0  entry10a.o(.ARM.Collect$$$$0000000D)
    __rt_final_exit                          0x08000199   Thumb Code     0  entry11a.o(.ARM.Collect$$$$0000000F)
    Reset_Handler                            0x0800019d   Thumb Code     8  startup_stm32f407xx.o(.text)
    CAN1_RX0_IRQHandler                      0x080001b7   Thumb Code     0  startup_stm32f407xx.o(.text)
    CAN1_RX1_IRQHandler                      0x080001b7   Thumb Code     0  startup_stm32f407xx.o(.text)
    CAN1_SCE_IRQHandler                      0x080001b7   Thumb Code     0  startup_stm32f407xx.o(.text)
    CAN1_TX_IRQHandler                       0x080001b7   Thumb Code     0  startup_stm32f407xx.o(.text)
    CAN2_RX0_IRQHandler                      0x080001b7   Thumb Code     0  startup_stm32f407xx.o(.text)
    CAN2_RX1_IRQHandler                      0x080001b7   Thumb Code     0  startup_stm32f407xx.o(.text)
    CAN2_SCE_IRQHandler                      0x080001b7   Thumb Code     0  startup_stm32f407xx.o(.text)
    CAN2_TX_IRQHandler                       0x080001b7   Thumb Code     0  startup_stm32f407xx.o(.text)
    DCMI_IRQHandler                          0x080001b7   Thumb Code     0  startup_stm32f407xx.o(.text)
    DMA1_Stream0_IRQHandler                  0x080001b7   Thumb Code     0  startup_stm32f407xx.o(.text)
    DMA1_Stream1_IRQHandler                  0x080001b7   Thumb Code     0  startup_stm32f407xx.o(.text)
    DMA1_Stream2_IRQHandler                  0x080001b7   Thumb Code     0  startup_stm32f407xx.o(.text)
    DMA1_Stream3_IRQHandler                  0x080001b7   Thumb Code     0  startup_stm32f407xx.o(.text)
    DMA1_Stream4_IRQHandler                  0x080001b7   Thumb Code     0  startup_stm32f407xx.o(.text)
    DMA1_Stream5_IRQHandler                  0x080001b7   Thumb Code     0  startup_stm32f407xx.o(.text)
    DMA1_Stream6_IRQHandler                  0x080001b7   Thumb Code     0  startup_stm32f407xx.o(.text)
    DMA1_Stream7_IRQHandler                  0x080001b7   Thumb Code     0  startup_stm32f407xx.o(.text)
    DMA2_Stream1_IRQHandler                  0x080001b7   Thumb Code     0  startup_stm32f407xx.o(.text)
    DMA2_Stream3_IRQHandler                  0x080001b7   Thumb Code     0  startup_stm32f407xx.o(.text)
    DMA2_Stream4_IRQHandler                  0x080001b7   Thumb Code     0  startup_stm32f407xx.o(.text)
    DMA2_Stream5_IRQHandler                  0x080001b7   Thumb Code     0  startup_stm32f407xx.o(.text)
    DMA2_Stream6_IRQHandler                  0x080001b7   Thumb Code     0  startup_stm32f407xx.o(.text)
    ETH_IRQHandler                           0x080001b7   Thumb Code     0  startup_stm32f407xx.o(.text)
    ETH_WKUP_IRQHandler                      0x080001b7   Thumb Code     0  startup_stm32f407xx.o(.text)
    EXTI0_IRQHandler                         0x080001b7   Thumb Code     0  startup_stm32f407xx.o(.text)
    EXTI15_10_IRQHandler                     0x080001b7   Thumb Code     0  startup_stm32f407xx.o(.text)
    EXTI1_IRQHandler                         0x080001b7   Thumb Code     0  startup_stm32f407xx.o(.text)
    EXTI2_IRQHandler                         0x080001b7   Thumb Code     0  startup_stm32f407xx.o(.text)
    EXTI3_IRQHandler                         0x080001b7   Thumb Code     0  startup_stm32f407xx.o(.text)
    EXTI4_IRQHandler                         0x080001b7   Thumb Code     0  startup_stm32f407xx.o(.text)
    EXTI9_5_IRQHandler                       0x080001b7   Thumb Code     0  startup_stm32f407xx.o(.text)
    FLASH_IRQHandler                         0x080001b7   Thumb Code     0  startup_stm32f407xx.o(.text)
    FMC_IRQHandler                           0x080001b7   Thumb Code     0  startup_stm32f407xx.o(.text)
    FPU_IRQHandler                           0x080001b7   Thumb Code     0  startup_stm32f407xx.o(.text)
    HASH_RNG_IRQHandler                      0x080001b7   Thumb Code     0  startup_stm32f407xx.o(.text)
    I2C1_ER_IRQHandler                       0x080001b7   Thumb Code     0  startup_stm32f407xx.o(.text)
    I2C1_EV_IRQHandler                       0x080001b7   Thumb Code     0  startup_stm32f407xx.o(.text)
    I2C2_ER_IRQHandler                       0x080001b7   Thumb Code     0  startup_stm32f407xx.o(.text)
    I2C2_EV_IRQHandler                       0x080001b7   Thumb Code     0  startup_stm32f407xx.o(.text)
    I2C3_ER_IRQHandler                       0x080001b7   Thumb Code     0  startup_stm32f407xx.o(.text)
    I2C3_EV_IRQHandler                       0x080001b7   Thumb Code     0  startup_stm32f407xx.o(.text)
    OTG_FS_IRQHandler                        0x080001b7   Thumb Code     0  startup_stm32f407xx.o(.text)
    OTG_FS_WKUP_IRQHandler                   0x080001b7   Thumb Code     0  startup_stm32f407xx.o(.text)
    OTG_HS_EP1_IN_IRQHandler                 0x080001b7   Thumb Code     0  startup_stm32f407xx.o(.text)
    OTG_HS_EP1_OUT_IRQHandler                0x080001b7   Thumb Code     0  startup_stm32f407xx.o(.text)
    OTG_HS_IRQHandler                        0x080001b7   Thumb Code     0  startup_stm32f407xx.o(.text)
    OTG_HS_WKUP_IRQHandler                   0x080001b7   Thumb Code     0  startup_stm32f407xx.o(.text)
    PVD_IRQHandler                           0x080001b7   Thumb Code     0  startup_stm32f407xx.o(.text)
    RCC_IRQHandler                           0x080001b7   Thumb Code     0  startup_stm32f407xx.o(.text)
    RTC_Alarm_IRQHandler                     0x080001b7   Thumb Code     0  startup_stm32f407xx.o(.text)
    RTC_WKUP_IRQHandler                      0x080001b7   Thumb Code     0  startup_stm32f407xx.o(.text)
    SDIO_IRQHandler                          0x080001b7   Thumb Code     0  startup_stm32f407xx.o(.text)
    SPI1_IRQHandler                          0x080001b7   Thumb Code     0  startup_stm32f407xx.o(.text)
    SPI2_IRQHandler                          0x080001b7   Thumb Code     0  startup_stm32f407xx.o(.text)
    SPI3_IRQHandler                          0x080001b7   Thumb Code     0  startup_stm32f407xx.o(.text)
    TAMP_STAMP_IRQHandler                    0x080001b7   Thumb Code     0  startup_stm32f407xx.o(.text)
    TIM1_BRK_TIM9_IRQHandler                 0x080001b7   Thumb Code     0  startup_stm32f407xx.o(.text)
    TIM1_CC_IRQHandler                       0x080001b7   Thumb Code     0  startup_stm32f407xx.o(.text)
    TIM1_TRG_COM_TIM11_IRQHandler            0x080001b7   Thumb Code     0  startup_stm32f407xx.o(.text)
    TIM1_UP_TIM10_IRQHandler                 0x080001b7   Thumb Code     0  startup_stm32f407xx.o(.text)
    TIM3_IRQHandler                          0x080001b7   Thumb Code     0  startup_stm32f407xx.o(.text)
    TIM5_IRQHandler                          0x080001b7   Thumb Code     0  startup_stm32f407xx.o(.text)
    TIM6_DAC_IRQHandler                      0x080001b7   Thumb Code     0  startup_stm32f407xx.o(.text)
    TIM7_IRQHandler                          0x080001b7   Thumb Code     0  startup_stm32f407xx.o(.text)
    TIM8_BRK_TIM12_IRQHandler                0x080001b7   Thumb Code     0  startup_stm32f407xx.o(.text)
    TIM8_CC_IRQHandler                       0x080001b7   Thumb Code     0  startup_stm32f407xx.o(.text)
    TIM8_TRG_COM_TIM14_IRQHandler            0x080001b7   Thumb Code     0  startup_stm32f407xx.o(.text)
    TIM8_UP_TIM13_IRQHandler                 0x080001b7   Thumb Code     0  startup_stm32f407xx.o(.text)
    UART4_IRQHandler                         0x080001b7   Thumb Code     0  startup_stm32f407xx.o(.text)
    UART5_IRQHandler                         0x080001b7   Thumb Code     0  startup_stm32f407xx.o(.text)
    USART1_IRQHandler                        0x080001b7   Thumb Code     0  startup_stm32f407xx.o(.text)
    USART2_IRQHandler                        0x080001b7   Thumb Code     0  startup_stm32f407xx.o(.text)
    USART3_IRQHandler                        0x080001b7   Thumb Code     0  startup_stm32f407xx.o(.text)
    USART6_IRQHandler                        0x080001b7   Thumb Code     0  startup_stm32f407xx.o(.text)
    WWDG_IRQHandler                          0x080001b7   Thumb Code     0  startup_stm32f407xx.o(.text)
    __aeabi_uldivmod                         0x080001c1   Thumb Code    98  uldiv.o(.text)
    __aeabi_llsl                             0x08000223   Thumb Code    30  llshl.o(.text)
    _ll_shift_l                              0x08000223   Thumb Code     0  llshl.o(.text)
    __aeabi_memset                           0x08000241   Thumb Code    14  memseta.o(.text)
    __aeabi_memset4                          0x08000241   Thumb Code     0  memseta.o(.text)
    __aeabi_memset8                          0x08000241   Thumb Code     0  memseta.o(.text)
    __aeabi_memclr                           0x0800024f   Thumb Code     4  memseta.o(.text)
    __aeabi_memclr4                          0x0800024f   Thumb Code     0  memseta.o(.text)
    __aeabi_memclr8                          0x0800024f   Thumb Code     0  memseta.o(.text)
    _memset$wrapper                          0x08000253   Thumb Code    18  memseta.o(.text)
    __aeabi_f2d                              0x08000265   Thumb Code    38  f2d.o(.text)
    __aeabi_uidiv                            0x0800028b   Thumb Code     0  uidiv.o(.text)
    __aeabi_uidivmod                         0x0800028b   Thumb Code    44  uidiv.o(.text)
    __aeabi_llsr                             0x080002b7   Thumb Code    32  llushr.o(.text)
    _ll_ushift_r                             0x080002b7   Thumb Code     0  llushr.o(.text)
    __I$use$fp                               0x080002d7   Thumb Code     0  iusefp.o(.text)
    __aeabi_dadd                             0x080002d7   Thumb Code   322  dadd.o(.text)
    __aeabi_dsub                             0x08000419   Thumb Code     6  dadd.o(.text)
    __aeabi_drsub                            0x0800041f   Thumb Code     6  dadd.o(.text)
    __aeabi_dmul                             0x08000425   Thumb Code   228  dmul.o(.text)
    __aeabi_ddiv                             0x08000509   Thumb Code   222  ddiv.o(.text)
    __aeabi_d2ulz                            0x080005e7   Thumb Code    48  dfixul.o(.text)
    __aeabi_cdrcmple                         0x08000619   Thumb Code    48  cdrcmple.o(.text)
    __scatterload                            0x08000649   Thumb Code    28  init.o(.text)
    __scatterload_rt2                        0x08000649   Thumb Code     0  init.o(.text)
    __aeabi_lasr                             0x0800066d   Thumb Code    36  llsshr.o(.text)
    _ll_sshift_r                             0x0800066d   Thumb Code     0  llsshr.o(.text)
    _double_round                            0x08000691   Thumb Code    30  depilogue.o(.text)
    _double_epilogue                         0x080006af   Thumb Code   156  depilogue.o(.text)
    ADC_IRQHandler                           0x080007d9   Thumb Code     6  stm32f4xx_it.o(i.ADC_IRQHandler)
    BusFault_Handler                         0x0800090d   Thumb Code     2  stm32f4xx_it.o(i.BusFault_Handler)
    DMA2_Stream0_IRQHandler                  0x08000911   Thumb Code     6  stm32f4xx_it.o(i.DMA2_Stream0_IRQHandler)
    DMA2_Stream2_IRQHandler                  0x0800091d   Thumb Code     6  stm32f4xx_it.o(i.DMA2_Stream2_IRQHandler)
    DMA2_Stream7_IRQHandler                  0x08000929   Thumb Code     6  stm32f4xx_it.o(i.DMA2_Stream7_IRQHandler)
    DebugMon_Handler                         0x080009d9   Thumb Code     2  stm32f4xx_it.o(i.DebugMon_Handler)
    Error_Handler                            0x080009db   Thumb Code     4  main.o(i.Error_Handler)
    HAL_ADCEx_InjectedConvCpltCallback       0x080009df   Thumb Code     2  stm32f4xx_hal_adc_ex.o(i.HAL_ADCEx_InjectedConvCpltCallback)
    HAL_ADC_ConfigChannel                    0x080009e1   Thumb Code   316  stm32f4xx_hal_adc.o(i.HAL_ADC_ConfigChannel)
    HAL_ADC_ConvCpltCallback                 0x08000b2d   Thumb Code    52  main.o(i.HAL_ADC_ConvCpltCallback)
    HAL_ADC_ConvHalfCpltCallback             0x08000b69   Thumb Code     2  stm32f4xx_hal_adc.o(i.HAL_ADC_ConvHalfCpltCallback)
    HAL_ADC_ErrorCallback                    0x08000b6b   Thumb Code     2  stm32f4xx_hal_adc.o(i.HAL_ADC_ErrorCallback)
    HAL_ADC_IRQHandler                       0x08000b6d   Thumb Code   316  stm32f4xx_hal_adc.o(i.HAL_ADC_IRQHandler)
    HAL_ADC_Init                             0x08000ca9   Thumb Code    84  stm32f4xx_hal_adc.o(i.HAL_ADC_Init)
    HAL_ADC_LevelOutOfWindowCallback         0x08000cfd   Thumb Code     2  stm32f4xx_hal_adc.o(i.HAL_ADC_LevelOutOfWindowCallback)
    HAL_ADC_MspInit                          0x08000d01   Thumb Code   148  adc.o(i.HAL_ADC_MspInit)
    HAL_ADC_Start                            0x08000da9   Thumb Code   228  stm32f4xx_hal_adc.o(i.HAL_ADC_Start)
    HAL_ADC_Start_DMA                        0x08000ea5   Thumb Code   302  stm32f4xx_hal_adc.o(i.HAL_ADC_Start_DMA)
    HAL_ADC_Stop_DMA                         0x08000ff9   Thumb Code   108  stm32f4xx_hal_adc.o(i.HAL_ADC_Stop_DMA)
    HAL_DMA_Abort                            0x08001065   Thumb Code   142  stm32f4xx_hal_dma.o(i.HAL_DMA_Abort)
    HAL_DMA_IRQHandler                       0x080010f5   Thumb Code   412  stm32f4xx_hal_dma.o(i.HAL_DMA_IRQHandler)
    HAL_DMA_Init                             0x08001295   Thumb Code   206  stm32f4xx_hal_dma.o(i.HAL_DMA_Init)
    HAL_DMA_Start_IT                         0x08001369   Thumb Code   110  stm32f4xx_hal_dma.o(i.HAL_DMA_Start_IT)
    HAL_GPIO_Init                            0x080013d9   Thumb Code   448  stm32f4xx_hal_gpio.o(i.HAL_GPIO_Init)
    HAL_GPIO_WritePin                        0x080015c5   Thumb Code    10  stm32f4xx_hal_gpio.o(i.HAL_GPIO_WritePin)
    HAL_GetTick                              0x080015d1   Thumb Code     6  stm32f4xx_hal.o(i.HAL_GetTick)
    HAL_IncTick                              0x080015dd   Thumb Code    12  stm32f4xx_hal.o(i.HAL_IncTick)
    HAL_Init                                 0x080015ed   Thumb Code    48  stm32f4xx_hal.o(i.HAL_Init)
    HAL_InitTick                             0x08001621   Thumb Code   102  stm32f4xx_hal_timebase_tim.o(i.HAL_InitTick)
    HAL_MspInit                              0x08001695   Thumb Code    42  stm32f4xx_hal_msp.o(i.HAL_MspInit)
    HAL_NVIC_EnableIRQ                       0x080016c5   Thumb Code    26  stm32f4xx_hal_cortex.o(i.HAL_NVIC_EnableIRQ)
    HAL_NVIC_SetPriority                     0x080016e1   Thumb Code    60  stm32f4xx_hal_cortex.o(i.HAL_NVIC_SetPriority)
    HAL_NVIC_SetPriorityGrouping             0x08001721   Thumb Code    26  stm32f4xx_hal_cortex.o(i.HAL_NVIC_SetPriorityGrouping)
    HAL_RCC_ClockConfig                      0x08001745   Thumb Code   288  stm32f4xx_hal_rcc.o(i.HAL_RCC_ClockConfig)
    HAL_RCC_GetClockConfig                   0x08001879   Thumb Code    54  stm32f4xx_hal_rcc.o(i.HAL_RCC_GetClockConfig)
    HAL_RCC_GetPCLK1Freq                     0x080018b9   Thumb Code    20  stm32f4xx_hal_rcc.o(i.HAL_RCC_GetPCLK1Freq)
    HAL_RCC_GetPCLK2Freq                     0x080018d9   Thumb Code    20  stm32f4xx_hal_rcc.o(i.HAL_RCC_GetPCLK2Freq)
    HAL_RCC_GetSysClockFreq                  0x080018f9   Thumb Code    88  stm32f4xx_hal_rcc.o(i.HAL_RCC_GetSysClockFreq)
    HAL_RCC_OscConfig                        0x0800195d   Thumb Code   856  stm32f4xx_hal_rcc.o(i.HAL_RCC_OscConfig)
    HAL_SPI_Init                             0x08001cc9   Thumb Code   188  stm32f4xx_hal_spi.o(i.HAL_SPI_Init)
    HAL_SPI_MspInit                          0x08001d85   Thumb Code    94  spi.o(i.HAL_SPI_MspInit)
    HAL_TIMEx_BreakCallback                  0x08001df1   Thumb Code     2  stm32f4xx_hal_tim_ex.o(i.HAL_TIMEx_BreakCallback)
    HAL_TIMEx_CommutCallback                 0x08001df3   Thumb Code     2  stm32f4xx_hal_tim_ex.o(i.HAL_TIMEx_CommutCallback)
    HAL_TIMEx_MasterConfigSynchronization    0x08001df5   Thumb Code   116  stm32f4xx_hal_tim_ex.o(i.HAL_TIMEx_MasterConfigSynchronization)
    HAL_TIM_Base_Init                        0x08001e85   Thumb Code    90  stm32f4xx_hal_tim.o(i.HAL_TIM_Base_Init)
    HAL_TIM_Base_MspInit                     0x08001ee1   Thumb Code    72  tim.o(i.HAL_TIM_Base_MspInit)
    HAL_TIM_Base_Start_IT                    0x08001f35   Thumb Code   100  stm32f4xx_hal_tim.o(i.HAL_TIM_Base_Start_IT)
    HAL_TIM_ConfigClockSource                0x08001fb5   Thumb Code   214  stm32f4xx_hal_tim.o(i.HAL_TIM_ConfigClockSource)
    HAL_TIM_IC_CaptureCallback               0x0800208b   Thumb Code     2  stm32f4xx_hal_tim.o(i.HAL_TIM_IC_CaptureCallback)
    HAL_TIM_IRQHandler                       0x0800208d   Thumb Code   358  stm32f4xx_hal_tim.o(i.HAL_TIM_IRQHandler)
    HAL_TIM_OC_DelayElapsedCallback          0x080021f3   Thumb Code     2  stm32f4xx_hal_tim.o(i.HAL_TIM_OC_DelayElapsedCallback)
    HAL_TIM_PWM_PulseFinishedCallback        0x080021f5   Thumb Code     2  stm32f4xx_hal_tim.o(i.HAL_TIM_PWM_PulseFinishedCallback)
    HAL_TIM_PeriodElapsedCallback            0x080021f7   Thumb Code    14  main.o(i.HAL_TIM_PeriodElapsedCallback)
    HAL_TIM_TriggerCallback                  0x08002205   Thumb Code     2  stm32f4xx_hal_tim.o(i.HAL_TIM_TriggerCallback)
    HAL_UART_Init                            0x08002207   Thumb Code    98  stm32f4xx_hal_uart.o(i.HAL_UART_Init)
    HAL_UART_MspInit                         0x08002269   Thumb Code   296  usart.o(i.HAL_UART_MspInit)
    HAL_UART_Transmit                        0x080023b1   Thumb Code   178  stm32f4xx_hal_uart.o(i.HAL_UART_Transmit)
    HardFault_Handler                        0x08002463   Thumb Code     2  stm32f4xx_it.o(i.HardFault_Handler)
    MX_ADC1_Init                             0x08002465   Thumb Code    90  adc.o(i.MX_ADC1_Init)
    MX_DMA_Init                              0x080024c9   Thumb Code    72  dma.o(i.MX_DMA_Init)
    MX_GPIO_Init                             0x08002515   Thumb Code   134  gpio.o(i.MX_GPIO_Init)
    MX_SPI2_Init                             0x080025a5   Thumb Code    62  spi.o(i.MX_SPI2_Init)
    MX_TIM3_Init                             0x080025ed   Thumb Code   100  tim.o(i.MX_TIM3_Init)
    MX_TIM4_Init                             0x08002659   Thumb Code    98  tim.o(i.MX_TIM4_Init)
    MX_UART5_Init                            0x080026c5   Thumb Code    48  usart.o(i.MX_UART5_Init)
    MX_USART1_UART_Init                      0x080026fd   Thumb Code    48  usart.o(i.MX_USART1_UART_Init)
    MemManage_Handler                        0x08002735   Thumb Code     2  stm32f4xx_it.o(i.MemManage_Handler)
    NMI_Handler                              0x08002737   Thumb Code     2  stm32f4xx_it.o(i.NMI_Handler)
    PendSV_Handler                           0x08002739   Thumb Code     2  stm32f4xx_it.o(i.PendSV_Handler)
    SVC_Handler                              0x0800273b   Thumb Code     2  stm32f4xx_it.o(i.SVC_Handler)
    SysTick_Handler                          0x0800273d   Thumb Code     2  stm32f4xx_it.o(i.SysTick_Handler)
    SystemClock_Config                       0x08002741   Thumb Code   142  main.o(i.SystemClock_Config)
    SystemInit                               0x080027d9   Thumb Code    12  system_stm32f4xx.o(i.SystemInit)
    TIM2_IRQHandler                          0x080027e9   Thumb Code     6  stm32f4xx_it.o(i.TIM2_IRQHandler)
    TIM4_IRQHandler                          0x080027f5   Thumb Code     6  stm32f4xx_it.o(i.TIM4_IRQHandler)
    TIM_Base_SetConfig                       0x08002801   Thumb Code   156  stm32f4xx_hal_tim.o(i.TIM_Base_SetConfig)
    TIM_ETR_SetConfig                        0x080028c9   Thumb Code    20  stm32f4xx_hal_tim.o(i.TIM_ETR_SetConfig)
    UsageFault_Handler                       0x08002aa5   Thumb Code     2  stm32f4xx_it.o(i.UsageFault_Handler)
    __0printf                                0x08002aa9   Thumb Code    22  printfa.o(i.__0printf)
    __1printf                                0x08002aa9   Thumb Code     0  printfa.o(i.__0printf)
    __2printf                                0x08002aa9   Thumb Code     0  printfa.o(i.__0printf)
    __c89printf                              0x08002aa9   Thumb Code     0  printfa.o(i.__0printf)
    printf                                   0x08002aa9   Thumb Code     0  printfa.o(i.__0printf)
    __scatterload_copy                       0x08002ae9   Thumb Code    14  handlers.o(i.__scatterload_copy)
    __scatterload_null                       0x08002af7   Thumb Code     2  handlers.o(i.__scatterload_null)
    __scatterload_zeroinit                   0x08002af9   Thumb Code    14  handlers.o(i.__scatterload_zeroinit)
    arm_cfft_radix4_init_f32                 0x080033bd   Thumb Code   142  arm_cfft_radix4_init_f32.o(i.arm_cfft_radix4_init_f32)
    fputc                                    0x0800346d   Thumb Code    20  main.o(i.fputc)
    main                                     0x08003485   Thumb Code   178  main.o(i.main)
    AHBPrescTable                            0x08003558   Data          16  system_stm32f4xx.o(.constdata)
    APBPrescTable                            0x08003568   Data           8  system_stm32f4xx.o(.constdata)
    armBitRevTable                           0x08003570   Data        2048  arm_common_tables.o(.constdata)
    twiddleCoef_4096                         0x08003d70   Data       32768  arm_common_tables.o(.constdata)
    Region$$Table$$Base                      0x0800bd70   Number         0  anon$$obj.o(Region$$Table)
    Region$$Table$$Limit                     0x0800bd90   Number         0  anon$$obj.o(Region$$Table)
    adc_f                                    0x20000000   Data           1  main.o(.data)
    adc_flag                                 0x20000002   Data           2  main.o(.data)
    get                                      0x20000004   Data           2  main.o(.data)
    time1                                    0x20000008   Data           4  main.o(.data)
    time2                                    0x2000000c   Data           4  main.o(.data)
    time_f                                   0x20000010   Data           4  main.o(.data)
    uwTickFreq                               0x20000014   Data           1  stm32f4xx_hal.o(.data)
    uwTickPrio                               0x20000018   Data           4  stm32f4xx_hal.o(.data)
    uwTick                                   0x2000001c   Data           4  stm32f4xx_hal.o(.data)
    SystemCoreClock                          0x20000020   Data           4  system_stm32f4xx.o(.data)
    __stdout                                 0x20000024   Data           4  stdout.o(.data)
    adc_input                                0x20000028   Data        1024  main.o(.bss)
    time_p                                   0x20000428   Data          12  main.o(.bss)
    hadc1                                    0x20000434   Data          72  adc.o(.bss)
    hdma_adc1                                0x2000047c   Data          96  adc.o(.bss)
    hspi2                                    0x200004dc   Data          88  spi.o(.bss)
    htim3                                    0x20000534   Data          72  tim.o(.bss)
    htim4                                    0x2000057c   Data          72  tim.o(.bss)
    huart5                                   0x200005c4   Data          68  usart.o(.bss)
    huart1                                   0x20000608   Data          68  usart.o(.bss)
    hdma_usart1_rx                           0x2000064c   Data          96  usart.o(.bss)
    hdma_usart1_tx                           0x200006ac   Data          96  usart.o(.bss)
    htim2                                    0x2000070c   Data          72  stm32f4xx_hal_timebase_tim.o(.bss)
    __initial_sp                             0x20001758   Data           0  startup_stm32f407xx.o(STACK)



==============================================================================

Memory Map of the image

  Image Entry point : 0x08000189

  Load Region LR_IROM1 (Base: 0x08000000, Size: 0x0000bdb8, Max: 0x00080000, ABSOLUTE)

    Execution Region ER_IROM1 (Exec base: 0x08000000, Load base: 0x08000000, Size: 0x0000bd90, Max: 0x00080000, ABSOLUTE)

    Exec Addr    Load Addr    Size         Type   Attr      Idx    E Section Name        Object

    0x08000000   0x08000000   0x00000188   Data   RO            3    RESET               startup_stm32f407xx.o
    0x08000188   0x08000188   0x00000000   Code   RO         6422  * .ARM.Collect$$$$00000000  mc_w.l(entry.o)
    0x08000188   0x08000188   0x00000004   Code   RO         6722    .ARM.Collect$$$$00000001  mc_w.l(entry2.o)
    0x0800018c   0x0800018c   0x00000004   Code   RO         6725    .ARM.Collect$$$$00000004  mc_w.l(entry5.o)
    0x08000190   0x08000190   0x00000000   Code   RO         6727    .ARM.Collect$$$$00000008  mc_w.l(entry7b.o)
    0x08000190   0x08000190   0x00000000   Code   RO         6729    .ARM.Collect$$$$0000000A  mc_w.l(entry8b.o)
    0x08000190   0x08000190   0x00000008   Code   RO         6730    .ARM.Collect$$$$0000000B  mc_w.l(entry9a.o)
    0x08000198   0x08000198   0x00000000   Code   RO         6732    .ARM.Collect$$$$0000000D  mc_w.l(entry10a.o)
    0x08000198   0x08000198   0x00000000   Code   RO         6734    .ARM.Collect$$$$0000000F  mc_w.l(entry11a.o)
    0x08000198   0x08000198   0x00000004   Code   RO         6723    .ARM.Collect$$$$00002712  mc_w.l(entry2.o)
    0x0800019c   0x0800019c   0x00000024   Code   RO            4    .text               startup_stm32f407xx.o
    0x080001c0   0x080001c0   0x00000062   Code   RO         6425    .text               mc_w.l(uldiv.o)
    0x08000222   0x08000222   0x0000001e   Code   RO         6427    .text               mc_w.l(llshl.o)
    0x08000240   0x08000240   0x00000024   Code   RO         6429    .text               mc_w.l(memseta.o)
    0x08000264   0x08000264   0x00000026   Code   RO         6720    .text               mf_w.l(f2d.o)
    0x0800028a   0x0800028a   0x0000002c   Code   RO         6737    .text               mc_w.l(uidiv.o)
    0x080002b6   0x080002b6   0x00000020   Code   RO         6739    .text               mc_w.l(llushr.o)
    0x080002d6   0x080002d6   0x00000000   Code   RO         6747    .text               mc_w.l(iusefp.o)
    0x080002d6   0x080002d6   0x0000014e   Code   RO         6748    .text               mf_w.l(dadd.o)
    0x08000424   0x08000424   0x000000e4   Code   RO         6750    .text               mf_w.l(dmul.o)
    0x08000508   0x08000508   0x000000de   Code   RO         6752    .text               mf_w.l(ddiv.o)
    0x080005e6   0x080005e6   0x00000030   Code   RO         6754    .text               mf_w.l(dfixul.o)
    0x08000616   0x08000616   0x00000002   PAD
    0x08000618   0x08000618   0x00000030   Code   RO         6756    .text               mf_w.l(cdrcmple.o)
    0x08000648   0x08000648   0x00000024   Code   RO         6758    .text               mc_w.l(init.o)
    0x0800066c   0x0800066c   0x00000024   Code   RO         6760    .text               mc_w.l(llsshr.o)
    0x08000690   0x08000690   0x000000ba   Code   RO         6762    .text               mf_w.l(depilogue.o)
    0x0800074a   0x0800074a   0x0000006e   Code   RO          633    i.ADC_DMAConvCplt   stm32f4xx_hal_adc.o
    0x080007b8   0x080007b8   0x00000016   Code   RO          634    i.ADC_DMAError      stm32f4xx_hal_adc.o
    0x080007ce   0x080007ce   0x0000000a   Code   RO          635    i.ADC_DMAHalfConvCplt  stm32f4xx_hal_adc.o
    0x080007d8   0x080007d8   0x0000000c   Code   RO          458    i.ADC_IRQHandler    stm32f4xx_it.o
    0x080007e4   0x080007e4   0x00000128   Code   RO          636    i.ADC_Init          stm32f4xx_hal_adc.o
    0x0800090c   0x0800090c   0x00000002   Code   RO          459    i.BusFault_Handler  stm32f4xx_it.o
    0x0800090e   0x0800090e   0x00000002   PAD
    0x08000910   0x08000910   0x0000000c   Code   RO          460    i.DMA2_Stream0_IRQHandler  stm32f4xx_it.o
    0x0800091c   0x0800091c   0x0000000c   Code   RO          461    i.DMA2_Stream2_IRQHandler  stm32f4xx_it.o
    0x08000928   0x08000928   0x0000000c   Code   RO          462    i.DMA2_Stream7_IRQHandler  stm32f4xx_it.o
    0x08000934   0x08000934   0x00000028   Code   RO         1370    i.DMA_CalcBaseAndBitshift  stm32f4xx_hal_dma.o
    0x0800095c   0x0800095c   0x00000054   Code   RO         1371    i.DMA_CheckFifoParam  stm32f4xx_hal_dma.o
    0x080009b0   0x080009b0   0x00000028   Code   RO         1372    i.DMA_SetConfig     stm32f4xx_hal_dma.o
    0x080009d8   0x080009d8   0x00000002   Code   RO          463    i.DebugMon_Handler  stm32f4xx_it.o
    0x080009da   0x080009da   0x00000004   Code   RO           13    i.Error_Handler     main.o
    0x080009de   0x080009de   0x00000002   Code   RO          807    i.HAL_ADCEx_InjectedConvCpltCallback  stm32f4xx_hal_adc_ex.o
    0x080009e0   0x080009e0   0x0000014c   Code   RO          638    i.HAL_ADC_ConfigChannel  stm32f4xx_hal_adc.o
    0x08000b2c   0x08000b2c   0x0000003c   Code   RO           15    i.HAL_ADC_ConvCpltCallback  main.o
    0x08000b68   0x08000b68   0x00000002   Code   RO          640    i.HAL_ADC_ConvHalfCpltCallback  stm32f4xx_hal_adc.o
    0x08000b6a   0x08000b6a   0x00000002   Code   RO          642    i.HAL_ADC_ErrorCallback  stm32f4xx_hal_adc.o
    0x08000b6c   0x08000b6c   0x0000013c   Code   RO          646    i.HAL_ADC_IRQHandler  stm32f4xx_hal_adc.o
    0x08000ca8   0x08000ca8   0x00000054   Code   RO          647    i.HAL_ADC_Init      stm32f4xx_hal_adc.o
    0x08000cfc   0x08000cfc   0x00000002   Code   RO          648    i.HAL_ADC_LevelOutOfWindowCallback  stm32f4xx_hal_adc.o
    0x08000cfe   0x08000cfe   0x00000002   PAD
    0x08000d00   0x08000d00   0x000000a8   Code   RO          255    i.HAL_ADC_MspInit   adc.o
    0x08000da8   0x08000da8   0x000000fc   Code   RO          653    i.HAL_ADC_Start     stm32f4xx_hal_adc.o
    0x08000ea4   0x08000ea4   0x00000154   Code   RO          654    i.HAL_ADC_Start_DMA  stm32f4xx_hal_adc.o
    0x08000ff8   0x08000ff8   0x0000006c   Code   RO          657    i.HAL_ADC_Stop_DMA  stm32f4xx_hal_adc.o
    0x08001064   0x08001064   0x0000008e   Code   RO         1373    i.HAL_DMA_Abort     stm32f4xx_hal_dma.o
    0x080010f2   0x080010f2   0x00000002   PAD
    0x080010f4   0x080010f4   0x000001a0   Code   RO         1378    i.HAL_DMA_IRQHandler  stm32f4xx_hal_dma.o
    0x08001294   0x08001294   0x000000d4   Code   RO         1379    i.HAL_DMA_Init      stm32f4xx_hal_dma.o
    0x08001368   0x08001368   0x0000006e   Code   RO         1383    i.HAL_DMA_Start_IT  stm32f4xx_hal_dma.o
    0x080013d6   0x080013d6   0x00000002   PAD
    0x080013d8   0x080013d8   0x000001ec   Code   RO         1266    i.HAL_GPIO_Init     stm32f4xx_hal_gpio.o
    0x080015c4   0x080015c4   0x0000000a   Code   RO         1270    i.HAL_GPIO_WritePin  stm32f4xx_hal_gpio.o
    0x080015ce   0x080015ce   0x00000002   PAD
    0x080015d0   0x080015d0   0x0000000c   Code   RO         1798    i.HAL_GetTick       stm32f4xx_hal.o
    0x080015dc   0x080015dc   0x00000010   Code   RO         1804    i.HAL_IncTick       stm32f4xx_hal.o
    0x080015ec   0x080015ec   0x00000034   Code   RO         1805    i.HAL_Init          stm32f4xx_hal.o
    0x08001620   0x08001620   0x00000074   Code   RO          594    i.HAL_InitTick      stm32f4xx_hal_timebase_tim.o
    0x08001694   0x08001694   0x00000030   Code   RO          570    i.HAL_MspInit       stm32f4xx_hal_msp.o
    0x080016c4   0x080016c4   0x0000001a   Code   RO         1655    i.HAL_NVIC_EnableIRQ  stm32f4xx_hal_cortex.o
    0x080016de   0x080016de   0x00000002   PAD
    0x080016e0   0x080016e0   0x00000040   Code   RO         1661    i.HAL_NVIC_SetPriority  stm32f4xx_hal_cortex.o
    0x08001720   0x08001720   0x00000024   Code   RO         1662    i.HAL_NVIC_SetPriorityGrouping  stm32f4xx_hal_cortex.o
    0x08001744   0x08001744   0x00000134   Code   RO          912    i.HAL_RCC_ClockConfig  stm32f4xx_hal_rcc.o
    0x08001878   0x08001878   0x00000040   Code   RO          916    i.HAL_RCC_GetClockConfig  stm32f4xx_hal_rcc.o
    0x080018b8   0x080018b8   0x00000020   Code   RO          919    i.HAL_RCC_GetPCLK1Freq  stm32f4xx_hal_rcc.o
    0x080018d8   0x080018d8   0x00000020   Code   RO          920    i.HAL_RCC_GetPCLK2Freq  stm32f4xx_hal_rcc.o
    0x080018f8   0x080018f8   0x00000064   Code   RO          921    i.HAL_RCC_GetSysClockFreq  stm32f4xx_hal_rcc.o
    0x0800195c   0x0800195c   0x0000036c   Code   RO          924    i.HAL_RCC_OscConfig  stm32f4xx_hal_rcc.o
    0x08001cc8   0x08001cc8   0x000000bc   Code   RO         2054    i.HAL_SPI_Init      stm32f4xx_hal_spi.o
    0x08001d84   0x08001d84   0x0000006c   Code   RO          321    i.HAL_SPI_MspInit   spi.o
    0x08001df0   0x08001df0   0x00000002   Code   RO         3071    i.HAL_TIMEx_BreakCallback  stm32f4xx_hal_tim_ex.o
    0x08001df2   0x08001df2   0x00000002   Code   RO         3072    i.HAL_TIMEx_CommutCallback  stm32f4xx_hal_tim_ex.o
    0x08001df4   0x08001df4   0x00000090   Code   RO         3090    i.HAL_TIMEx_MasterConfigSynchronization  stm32f4xx_hal_tim_ex.o
    0x08001e84   0x08001e84   0x0000005a   Code   RO         2367    i.HAL_TIM_Base_Init  stm32f4xx_hal_tim.o
    0x08001ede   0x08001ede   0x00000002   PAD
    0x08001ee0   0x08001ee0   0x00000054   Code   RO          363    i.HAL_TIM_Base_MspInit  tim.o
    0x08001f34   0x08001f34   0x00000080   Code   RO         2372    i.HAL_TIM_Base_Start_IT  stm32f4xx_hal_tim.o
    0x08001fb4   0x08001fb4   0x000000d6   Code   RO         2376    i.HAL_TIM_ConfigClockSource  stm32f4xx_hal_tim.o
    0x0800208a   0x0800208a   0x00000002   Code   RO         2401    i.HAL_TIM_IC_CaptureCallback  stm32f4xx_hal_tim.o
    0x0800208c   0x0800208c   0x00000166   Code   RO         2415    i.HAL_TIM_IRQHandler  stm32f4xx_hal_tim.o
    0x080021f2   0x080021f2   0x00000002   Code   RO         2418    i.HAL_TIM_OC_DelayElapsedCallback  stm32f4xx_hal_tim.o
    0x080021f4   0x080021f4   0x00000002   Code   RO         2445    i.HAL_TIM_PWM_PulseFinishedCallback  stm32f4xx_hal_tim.o
    0x080021f6   0x080021f6   0x0000000e   Code   RO           16    i.HAL_TIM_PeriodElapsedCallback  main.o
    0x08002204   0x08002204   0x00000002   Code   RO         2458    i.HAL_TIM_TriggerCallback  stm32f4xx_hal_tim.o
    0x08002206   0x08002206   0x00000062   Code   RO         3367    i.HAL_UART_Init     stm32f4xx_hal_uart.o
    0x08002268   0x08002268   0x00000148   Code   RO          411    i.HAL_UART_MspInit  usart.o
    0x080023b0   0x080023b0   0x000000b2   Code   RO         3375    i.HAL_UART_Transmit  stm32f4xx_hal_uart.o
    0x08002462   0x08002462   0x00000002   Code   RO          464    i.HardFault_Handler  stm32f4xx_it.o
    0x08002464   0x08002464   0x00000064   Code   RO          256    i.MX_ADC1_Init      adc.o
    0x080024c8   0x080024c8   0x0000004c   Code   RO          296    i.MX_DMA_Init       dma.o
    0x08002514   0x08002514   0x00000090   Code   RO          230    i.MX_GPIO_Init      gpio.o
    0x080025a4   0x080025a4   0x00000048   Code   RO          322    i.MX_SPI2_Init      spi.o
    0x080025ec   0x080025ec   0x0000006c   Code   RO          364    i.MX_TIM3_Init      tim.o
    0x08002658   0x08002658   0x0000006c   Code   RO          365    i.MX_TIM4_Init      tim.o
    0x080026c4   0x080026c4   0x00000038   Code   RO          412    i.MX_UART5_Init     usart.o
    0x080026fc   0x080026fc   0x00000038   Code   RO          413    i.MX_USART1_UART_Init  usart.o
    0x08002734   0x08002734   0x00000002   Code   RO          465    i.MemManage_Handler  stm32f4xx_it.o
    0x08002736   0x08002736   0x00000002   Code   RO          466    i.NMI_Handler       stm32f4xx_it.o
    0x08002738   0x08002738   0x00000002   Code   RO          467    i.PendSV_Handler    stm32f4xx_it.o
    0x0800273a   0x0800273a   0x00000002   Code   RO          468    i.SVC_Handler       stm32f4xx_it.o
    0x0800273c   0x0800273c   0x00000002   Code   RO          469    i.SysTick_Handler   stm32f4xx_it.o
    0x0800273e   0x0800273e   0x00000002   PAD
    0x08002740   0x08002740   0x00000098   Code   RO           17    i.SystemClock_Config  main.o
    0x080027d8   0x080027d8   0x00000010   Code   RO         3696    i.SystemInit        system_stm32f4xx.o
    0x080027e8   0x080027e8   0x0000000c   Code   RO          470    i.TIM2_IRQHandler   stm32f4xx_it.o
    0x080027f4   0x080027f4   0x0000000c   Code   RO          471    i.TIM4_IRQHandler   stm32f4xx_it.o
    0x08002800   0x08002800   0x000000c8   Code   RO         2460    i.TIM_Base_SetConfig  stm32f4xx_hal_tim.o
    0x080028c8   0x080028c8   0x00000014   Code   RO         2471    i.TIM_ETR_SetConfig  stm32f4xx_hal_tim.o
    0x080028dc   0x080028dc   0x00000010   Code   RO         2472    i.TIM_ITRx_SetConfig  stm32f4xx_hal_tim.o
    0x080028ec   0x080028ec   0x00000022   Code   RO         2478    i.TIM_TI1_ConfigInputStage  stm32f4xx_hal_tim.o
    0x0800290e   0x0800290e   0x00000024   Code   RO         2480    i.TIM_TI2_ConfigInputStage  stm32f4xx_hal_tim.o
    0x08002932   0x08002932   0x00000002   PAD
    0x08002934   0x08002934   0x0000010c   Code   RO         3393    i.UART_SetConfig    stm32f4xx_hal_uart.o
    0x08002a40   0x08002a40   0x00000064   Code   RO         3396    i.UART_WaitOnFlagUntilTimeout  stm32f4xx_hal_uart.o
    0x08002aa4   0x08002aa4   0x00000002   Code   RO          472    i.UsageFault_Handler  stm32f4xx_it.o
    0x08002aa6   0x08002aa6   0x00000002   PAD
    0x08002aa8   0x08002aa8   0x00000020   Code   RO         6664    i.__0printf         mc_w.l(printfa.o)
    0x08002ac8   0x08002ac8   0x00000020   Code   RO         1668    i.__NVIC_SetPriority  stm32f4xx_hal_cortex.o
    0x08002ae8   0x08002ae8   0x0000000e   Code   RO         6766    i.__scatterload_copy  mc_w.l(handlers.o)
    0x08002af6   0x08002af6   0x00000002   Code   RO         6767    i.__scatterload_null  mc_w.l(handlers.o)
    0x08002af8   0x08002af8   0x0000000e   Code   RO         6768    i.__scatterload_zeroinit  mc_w.l(handlers.o)
    0x08002b06   0x08002b06   0x00000002   PAD
    0x08002b08   0x08002b08   0x00000184   Code   RO         6671    i._fp_digits        mc_w.l(printfa.o)
    0x08002c8c   0x08002c8c   0x000006dc   Code   RO         6672    i._printf_core      mc_w.l(printfa.o)
    0x08003368   0x08003368   0x00000024   Code   RO         6673    i._printf_post_padding  mc_w.l(printfa.o)
    0x0800338c   0x0800338c   0x0000002e   Code   RO         6674    i._printf_pre_padding  mc_w.l(printfa.o)
    0x080033ba   0x080033ba   0x00000002   PAD
    0x080033bc   0x080033bc   0x000000b0   Code   RO         5423    i.arm_cfft_radix4_init_f32  arm_cfft_radix4_init_f32.o
    0x0800346c   0x0800346c   0x00000018   Code   RO           18    i.fputc             main.o
    0x08003484   0x08003484   0x000000cc   Code   RO           19    i.main              main.o
    0x08003550   0x08003550   0x00000008   Data   RO         1385    .constdata          stm32f4xx_hal_dma.o
    0x08003558   0x08003558   0x00000010   Data   RO         3697    .constdata          system_stm32f4xx.o
    0x08003568   0x08003568   0x00000008   Data   RO         3698    .constdata          system_stm32f4xx.o
    0x08003570   0x08003570   0x00000800   Data   RO         6262    .constdata          arm_cortexM4lf_math.lib(arm_common_tables.o)
    0x08003d70   0x08003d70   0x00008000   Data   RO         6271    .constdata          arm_cortexM4lf_math.lib(arm_common_tables.o)
    0x0800bd70   0x0800bd70   0x00000020   Data   RO         6764    Region$$Table       anon$$obj.o


    Execution Region RW_IRAM2 (Exec base: 0x10000000, Load base: 0x0800bdb8, Size: 0x00000000, Max: 0x00010000, ABSOLUTE)

    **** No section assigned to this execution region ****


    Execution Region RW_IRAM1 (Exec base: 0x20000000, Load base: 0x0800bd90, Size: 0x00001758, Max: 0x00020000, ABSOLUTE)

    Exec Addr    Load Addr    Size         Type   Attr      Idx    E Section Name        Object

    0x20000000   0x0800bd90   0x00000014   Data   RW           23    .data               main.o
    0x20000014   0x0800bda4   0x0000000c   Data   RW         1812    .data               stm32f4xx_hal.o
    0x20000020   0x0800bdb0   0x00000004   Data   RW         3699    .data               system_stm32f4xx.o
    0x20000024   0x0800bdb4   0x00000004   Data   RW         6736    .data               mc_w.l(stdout.o)
    0x20000028        -       0x0000040c   Zero   RW           22    .bss                main.o
    0x20000434        -       0x000000a8   Zero   RW          257    .bss                adc.o
    0x200004dc        -       0x00000058   Zero   RW          323    .bss                spi.o
    0x20000534        -       0x00000090   Zero   RW          366    .bss                tim.o
    0x200005c4        -       0x00000148   Zero   RW          414    .bss                usart.o
    0x2000070c        -       0x00000048   Zero   RW          597    .bss                stm32f4xx_hal_timebase_tim.o
    0x20000754   0x0800bdb8   0x00000004   PAD
    0x20000758        -       0x00001000   Zero   RW            1    STACK               startup_stm32f407xx.o


==============================================================================

Image component sizes


      Code (inc. data)   RO Data    RW Data    ZI Data      Debug   Object Name

       268         30          0          0        168       1743   adc.o
       176         34          0          0          0        931   arm_cfft_radix4_init_f32.o
        76          4          0          0          0        770   dma.o
       144         10          0          0          0        971   gpio.o
       458         48          0         20       1036     734425   main.o
       180         24          0          0         88       1649   spi.o
        36          8        392          0       4096        820   startup_stm32f407xx.o
        80         14          0         12          0       8018   stm32f4xx_hal.o
      1876         90          0          0          0       9877   stm32f4xx_hal_adc.o
         2          0          0          0          0        961   stm32f4xx_hal_adc_ex.o
       158         14          0          0          0      33106   stm32f4xx_hal_cortex.o
      1044         16          8          0          0       6615   stm32f4xx_hal_dma.o
       502         44          0          0          0       2160   stm32f4xx_hal_gpio.o
        48          6          0          0          0        834   stm32f4xx_hal_msp.o
      1412         86          0          0          0       5829   stm32f4xx_hal_rcc.o
       188          0          0          0          0       1175   stm32f4xx_hal_spi.o
      1104         72          0          0          0       9981   stm32f4xx_hal_tim.o
       148         28          0          0          0       2417   stm32f4xx_hal_tim_ex.o
       116         14          0          0         72       1391   stm32f4xx_hal_timebase_tim.o
       644         10          0          0          0       4068   stm32f4xx_hal_uart.o
        90         36          0          0          0       6853   stm32f4xx_it.o
        16          4         24          4          0       1099   system_stm32f4xx.o
       300         30          0          0        144       2359   tim.o
       440         48          0          0        328       2611   usart.o

    ----------------------------------------------------------------------
      9526        670        456         36       5936     840663   Object Totals
         0          0         32          0          0          0   (incl. Generated)
        20          0          0          0          4          0   (incl. Padding)

    ----------------------------------------------------------------------

      Code (inc. data)   RO Data    RW Data    ZI Data      Debug   Library Member Name

         0          0      34816          0          0       4704   arm_common_tables.o
         0          0          0          0          0      16424   arm_mult_f32.o
         0          0          0          0          0          0   entry.o
         0          0          0          0          0          0   entry10a.o
         0          0          0          0          0          0   entry11a.o
         8          4          0          0          0          0   entry2.o
         4          0          0          0          0          0   entry5.o
         0          0          0          0          0          0   entry7b.o
         0          0          0          0          0          0   entry8b.o
         8          4          0          0          0          0   entry9a.o
        30          0          0          0          0          0   handlers.o
        36          8          0          0          0         68   init.o
         0          0          0          0          0          0   iusefp.o
        30          0          0          0          0         68   llshl.o
        36          0          0          0          0         68   llsshr.o
        32          0          0          0          0         68   llushr.o
        36          0          0          0          0        108   memseta.o
      2258         90          0          0          0        452   printfa.o
         0          0          0          4          0          0   stdout.o
        44          0          0          0          0         80   uidiv.o
        98          0          0          0          0         92   uldiv.o
        48          0          0          0          0         68   cdrcmple.o
       334          0          0          0          0        148   dadd.o
       222          0          0          0          0        100   ddiv.o
       186          0          0          0          0        176   depilogue.o
        48          0          0          0          0         68   dfixul.o
       228          0          0          0          0         96   dmul.o
        38          0          0          0          0         68   f2d.o

    ----------------------------------------------------------------------
      3730        106      34816          4          0      22856   Library Totals
         6          0          0          0          0          0   (incl. Padding)

    ----------------------------------------------------------------------

      Code (inc. data)   RO Data    RW Data    ZI Data      Debug   Library Name

         0          0      34816          0          0      21128   arm_cortexM4lf_math.lib
      2620        106          0          4          0       1004   mc_w.l
      1104          0          0          0          0        724   mf_w.l

    ----------------------------------------------------------------------
      3730        106      34816          4          0      22856   Library Totals

    ----------------------------------------------------------------------

==============================================================================


      Code (inc. data)   RO Data    RW Data    ZI Data      Debug   

     13256        776      35272         40       5936     854291   Grand Totals
     13256        776      35272         40       5936     854291   ELF Image Totals
     13256        776      35272         40          0          0   ROM Totals

==============================================================================

    Total RO  Size (Code + RO Data)                48528 (  47.39kB)
    Total RW  Size (RW Data + ZI Data)              5976 (   5.84kB)
    Total ROM Size (Code + RO Data + RW Data)      48568 (  47.43kB)

==============================================================================

