Component: ARM Compiler 5.06 update 6 (build 750) Tool: armlink [4d35ed]

==============================================================================

Section Cross References

    startup_stm32f407xx.o(RESET) refers to startup_stm32f407xx.o(STACK) for __initial_sp
    startup_stm32f407xx.o(RESET) refers to startup_stm32f407xx.o(.text) for Reset_Handler
    startup_stm32f407xx.o(RESET) refers to stm32f4xx_it.o(i.NMI_Handler) for NMI_Handler
    startup_stm32f407xx.o(RESET) refers to stm32f4xx_it.o(i.HardFault_Handler) for HardFault_Handler
    startup_stm32f407xx.o(RESET) refers to stm32f4xx_it.o(i.MemManage_Handler) for MemManage_Handler
    startup_stm32f407xx.o(RESET) refers to stm32f4xx_it.o(i.BusFault_Handler) for BusFault_Handler
    startup_stm32f407xx.o(RESET) refers to stm32f4xx_it.o(i.UsageFault_Handler) for UsageFault_Handler
    startup_stm32f407xx.o(RESET) refers to port.o(.emb_text) for SVC_Handler
    startup_stm32f407xx.o(RESET) refers to stm32f4xx_it.o(i.DebugMon_Handler) for DebugMon_Handler
    startup_stm32f407xx.o(RESET) refers to port.o(i.SysTick_Handler) for SysTick_Handler
    startup_stm32f407xx.o(RESET) refers to stm32f4xx_it.o(i.DMA1_Stream0_IRQHandler) for DMA1_Stream0_IRQHandler
    startup_stm32f407xx.o(RESET) refers to stm32f4xx_it.o(i.DMA1_Stream1_IRQHandler) for DMA1_Stream1_IRQHandler
    startup_stm32f407xx.o(RESET) refers to stm32f4xx_it.o(i.DMA1_Stream2_IRQHandler) for DMA1_Stream2_IRQHandler
    startup_stm32f407xx.o(RESET) refers to stm32f4xx_it.o(i.DMA1_Stream3_IRQHandler) for DMA1_Stream3_IRQHandler
    startup_stm32f407xx.o(RESET) refers to stm32f4xx_it.o(i.DMA1_Stream5_IRQHandler) for DMA1_Stream5_IRQHandler
    startup_stm32f407xx.o(RESET) refers to stm32f4xx_it.o(i.CAN1_RX0_IRQHandler) for CAN1_RX0_IRQHandler
    startup_stm32f407xx.o(RESET) refers to stm32f4xx_it.o(i.TIM2_IRQHandler) for TIM2_IRQHandler
    startup_stm32f407xx.o(RESET) refers to stm32f4xx_it.o(i.TIM4_IRQHandler) for TIM4_IRQHandler
    startup_stm32f407xx.o(RESET) refers to stm32f4xx_it.o(i.USART1_IRQHandler) for USART1_IRQHandler
    startup_stm32f407xx.o(RESET) refers to stm32f4xx_it.o(i.USART2_IRQHandler) for USART2_IRQHandler
    startup_stm32f407xx.o(RESET) refers to stm32f4xx_it.o(i.USART3_IRQHandler) for USART3_IRQHandler
    startup_stm32f407xx.o(RESET) refers to stm32f4xx_it.o(i.DMA1_Stream7_IRQHandler) for DMA1_Stream7_IRQHandler
    startup_stm32f407xx.o(RESET) refers to stm32f4xx_it.o(i.UART4_IRQHandler) for UART4_IRQHandler
    startup_stm32f407xx.o(RESET) refers to stm32f4xx_it.o(i.UART5_IRQHandler) for UART5_IRQHandler
    startup_stm32f407xx.o(RESET) refers to stm32f4xx_it.o(i.DMA2_Stream2_IRQHandler) for DMA2_Stream2_IRQHandler
    startup_stm32f407xx.o(RESET) refers to stm32f4xx_it.o(i.CAN2_RX0_IRQHandler) for CAN2_RX0_IRQHandler
    startup_stm32f407xx.o(RESET) refers to stm32f4xx_it.o(i.DMA2_Stream7_IRQHandler) for DMA2_Stream7_IRQHandler
    startup_stm32f407xx.o(.text) refers to system_stm32f4xx.o(i.SystemInit) for SystemInit
    startup_stm32f407xx.o(.text) refers to entry.o(.ARM.Collect$$$$00000000) for __main
    led_task.o(i.LED_CTRL) refers to stm32f4xx_hal_gpio.o(i.HAL_GPIO_TogglePin) for HAL_GPIO_TogglePin
    led_task.o(i.LED_CTRL) refers to led_task.o(.data) for .data
    led_task.o(i.LED_CTRL) refers to judge_sensor.o(.data) for judge_sensor
    led_task.o(i.LED_CTRL) refers to rc.o(.data) for rc
    led_task.o(i.LED_CTRL) refers to motor.o(.data) for MOTOR
    led_task.o(i.LED_CTRL) refers to vision_sensor.o(.data) for vision_sensor
    led_task.o(i.Start_led) refers to stm32f4xx_hal_iwdg.o(i.HAL_IWDG_Refresh) for HAL_IWDG_Refresh
    led_task.o(i.Start_led) refers to led_task.o(i.LED_CTRL) for LED_CTRL
    led_task.o(i.Start_led) refers to cmsis_os.o(i.osDelay) for osDelay
    led_task.o(i.Start_led) refers to led_task.o(.data) for .data
    led_task.o(i.Start_led) refers to rc.o(.data) for rc
    led_task.o(i.Start_led) refers to iwdg.o(.bss) for hiwdg
    imu_task.o(i.Start_imu_task) refers to imu.o(i.Imu_Data) for Imu_Data
    imu_task.o(i.Start_imu_task) refers to cmsis_os.o(i.osDelay) for osDelay
    vision_task.o(i.Start_Trigger_Task) refers to cmsis_os.o(i.osDelay) for osDelay
    vision_task.o(i.Start_Vision_Task) refers to auto.o(i.Vision_TX) for Vision_TX
    vision_task.o(i.Start_Vision_Task) refers to cmsis_os.o(i.osDelay) for osDelay
    judge_task.o(i.Start_judge_task) refers to ui.o(i.Client_task) for Client_task
    judge_task.o(i.Start_judge_task) refers to cmsis_os.o(i.osDelay) for osDelay
    shoot_task.o(i.Start_shoot_task) refers to cmsis_os.o(i.osDelay) for osDelay
    gimbal_task.o(i.Start_gimbal_Task) refers to gimbal.o(i.GIMBAL_INIT) for GIMBAL_INIT
    gimbal_task.o(i.Start_gimbal_Task) refers to stm32f4xx_hal.o(i.HAL_GetTick) for HAL_GetTick
    gimbal_task.o(i.Start_gimbal_Task) refers to s_function.o(i.PID_CAL) for PID_CAL
[...]
    id_record                                0x200001c1   Data           1  auto.o(.data)
    Cmd_Last                                 0x200001c2   Data           1  auto.o(.data)
    gyrox                                    0x200001c4   Data           2  soft_iic_potocal.o(.data)
    gyroy                                    0x200001c6   Data           2  soft_iic_potocal.o(.data)
    gyroz                                    0x200001c8   Data           2  soft_iic_potocal.o(.data)
    accx                                     0x200001ca   Data           2  soft_iic_potocal.o(.data)
    accy                                     0x200001cc   Data           2  soft_iic_potocal.o(.data)
    accz                                     0x200001ce   Data           2  soft_iic_potocal.o(.data)
    w_time                                   0x200001d0   Data           4  soft_iic_potocal.o(.data)
    w_yaw                                    0x200001d4   Data           4  soft_iic_potocal.o(.data)
    CH_UP                                    0x200001d8   Data           4  rc.o(.data)
    CH_SLOW                                  0x200001dc   Data           4  rc.o(.data)
    CH_DOWN                                  0x200001e0   Data           4  rc.o(.data)
    Mouse_X_UPDATA                           0x200001e4   Data           4  rc.o(.data)
    Mouse_Y_UPDATA                           0x200001e8   Data           4  rc.o(.data)
    Mouse_Z_UPDATA                           0x200001ec   Data           4  rc.o(.data)
    Mouse_X_Last                             0x200001f0   Data           4  rc.o(.data)
    Mouse_Y_Last                             0x200001f4   Data           4  rc.o(.data)
    Mouse_Z_Last                             0x200001f8   Data           4  rc.o(.data)
    W_Chan                                   0x200001fc   Data           4  rc.o(.data)
    S_Chan                                   0x20000200   Data           4  rc.o(.data)
    A_Chan                                   0x20000204   Data           4  rc.o(.data)
    D_Chan                                   0x20000208   Data           4  rc.o(.data)
    rc_info                                  0x2000020c   Data          68  rc.o(.data)
    rc                                       0x20000250   Data          28  rc.o(.data)
    rc_sensor_driver                         0x2000026c   Data           8  rc.o(.data)
    imu_sensor_driver                        0x20000274   Data           1  imu.o(.data)
    imu_sensor_info                          0x20000278   Data          96  imu.o(.data)
    imu_sensor                               0x200002d8   Data          28  imu.o(.data)
    can_judge_data                           0x200002f8   Data           8  slave.o(.data)
    SLAVE                                    0x20000300   Data          48  slave.o(.data)
    CAP_RP_2022                              0x20000330   Data          28  super.o(.data)
    MOTOR                                    0x2000034c   Data          76  motor.o(.data)
    cap_output_limit                         0x20000398   Data           2  cap_protocol.o(.data)
    can_data_0x2E                            0x2000039a   Data           8  cap_protocol.o(.data)
    can_data_0x2F                            0x200003a2   Data           8  cap_protocol.o(.data)
    vision_sensor_info                       0x200003ac   Data          88  vision_sensor.o(.data)
    vision_sensor                            0x20000404   Data          28  vision_sensor.o(.data)
    judge_info                               0x20000420   Data         192  judge_sensor.o(.data)
    judge_sensor                             0x200004e0   Data          36  judge_sensor.o(.data)
    Kp                                       0x20000504   Data           4  bmi.o(.data)
    Ki                                       0x20000508   Data           4  bmi.o(.data)
    halfT                                    0x2000050c   Data           4  bmi.o(.data)
    q0                                       0x20000510   Data           4  bmi.o(.data)
    q1                                       0x20000514   Data           4  bmi.o(.data)
    q2                                       0x20000518   Data           4  bmi.o(.data)
    q3                                       0x2000051c   Data           4  bmi.o(.data)
    norm                                     0x20000520   Data           4  bmi.o(.data)
    vx                                       0x20000524   Data           4  bmi.o(.data)
    vy                                       0x20000528   Data           4  bmi.o(.data)
    vz                                       0x2000052c   Data           4  bmi.o(.data)
    ex                                       0x20000530   Data           4  bmi.o(.data)
    ey                                       0x20000534   Data           4  bmi.o(.data)
    ez                                       0x20000538   Data           4  bmi.o(.data)
    gx                                       0x2000053c   Data           4  bmi.o(.data)
    gy                                       0x20000540   Data           4  bmi.o(.data)
    gz                                       0x20000544   Data           4  bmi.o(.data)
    ax                                       0x20000548   Data           4  bmi.o(.data)
    ay                                       0x2000054c   Data           4  bmi.o(.data)
    az                                       0x20000550   Data           4  bmi.o(.data)
    exInt                                    0x20000554   Data           4  bmi.o(.data)
    eyInt                                    0x20000558   Data           4  bmi.o(.data)
    ezInt                                    0x2000055c   Data           4  bmi.o(.data)
    q0temp                                   0x20000560   Data           4  bmi.o(.data)
    q1temp                                   0x20000564   Data           4  bmi.o(.data)
    q2temp                                   0x20000568   Data           4  bmi.o(.data)
    q3temp                                   0x2000056c   Data           4  bmi.o(.data)
    MPU_ADDR                                 0x20000570   Data           1  bmi2_common.o(.data)
    CHAS_MOTOR_IF                            0x20000574   Data         192  chassis_motor.o(.data)
    CHAS_MOTOR_DRV                           0x20000634   Data         160  chassis_motor.o(.data)
    CHAS_MOTOR_PID                           0x200006d4   Data        3616  chassis_motor.o(.data)
    Chas_Motor                               0x200014f4   Data         128  chassis_motor.o(.data)
    GIMB_MOTOR_IF                            0x20001574   Data          48  gimbal_motor.o(.data)
    GIMB_MOTOR_DRV                           0x200015a4   Data          40  gimbal_motor.o(.data)
    GIMB_MOTOR_PID                           0x200015cc   Data         904  gimbal_motor.o(.data)
    Gimb_Motor                               0x20001954   Data          32  gimbal_motor.o(.data)
    SHOT_MOTOR_IF                            0x20001974   Data          96  shoot_motor.o(.data)
    SHOT_MOTOR_DRV                           0x200019d4   Data          80  shoot_motor.o(.data)
    SHOT_MOTOR_PID                           0x20001a24   Data        1808  shoot_motor.o(.data)
    Shot_Motor                               0x20002134   Data          64  shoot_motor.o(.data)
    haltick                                  0x20002174   Data           4  haltick_drv.o(.data)
    CRC_INIT                                 0x20002178   Data           2  crc.o(.data)
    defaultTaskHandle                        0x2000217c   Data           4  freertos.o(.data)
    LED_TASKHandle                           0x20002180   Data           4  freertos.o(.data)
    Chassis_TaskHandle                       0x20002184   Data           4  freertos.o(.data)
    Judge_TaskHandle                         0x20002188   Data           4  freertos.o(.data)
    Imu_taskHandle                           0x2000218c   Data           4  freertos.o(.data)
    Normal_taskHandle                        0x20002190   Data           4  freertos.o(.data)
    Gimbal_TaskHandle                        0x20002194   Data           4  freertos.o(.data)
    Shoot_TaskHandle                         0x20002198   Data           4  freertos.o(.data)
    Super_taskHandle                         0x2000219c   Data           4  freertos.o(.data)
    Vision_TaskHandle                        0x200021a0   Data           4  freertos.o(.data)
    Trigger_TaskHandle                       0x200021a4   Data           4  freertos.o(.data)
    SystemCoreClock                          0x200021ac   Data           4  system_stm32f4xx.o(.data)
    pxCurrentTCB                             0x200021b0   Data           4  tasks.o(.data)
    uwTickFreq                               0x20002218   Data           1  stm32f4xx_hal.o(.data)
    uwTickPrio                               0x2000221c   Data           4  stm32f4xx_hal.o(.data)
    uwTick                                   0x20002220   Data           4  stm32f4xx_hal.o(.data)
    __microlib_freelist                      0x20002224   Data           4  mvars.o(.data)
    __microlib_freelist_initialised          0x20002228   Data           4  mvars.o(.data)
    CliendTxBuffer                           0x20002230   Data         200  ui.o(.bss)
    Slaver_flag                              0x200022f8   Data          13  ui.o(.bss)
    tx_client_delete                         0x20002305   Data          17  ui.o(.bss)
    tx_client_char                           0x20002316   Data          60  ui.o(.bss)
    tx_client_graphic_figure                 0x20002352   Data          45  ui.o(.bss)
    tx_aim_figure                            0x2000237f   Data          90  ui.o(.bss)
    tx_gimbalangle_figure                    0x200023d9   Data          90  ui.o(.bss)
    tx_gimbal_angle                          0x20002433   Data          45  ui.o(.bss)
    tx_bullet_int                            0x20002460   Data          45  ui.o(.bss)
    tx_supercapacitor_figure                 0x2000248d   Data          30  ui.o(.bss)
    high_aim_figure                          0x200024ab   Data         120  ui.o(.bss)
    low_aim_shortfigure_1                    0x20002523   Data         120  ui.o(.bss)
    low_aim_shortfigure_2                    0x2000259b   Data          45  ui.o(.bss)
    low_aim_shortfigure_3                    0x200025c8   Data          45  ui.o(.bss)
    low_aim_longfigure                       0x200025f5   Data          90  ui.o(.bss)
    vision_dma_txbuf                         0x2000264f   Data          15  auto.o(.bss)
    Keyboard                                 0x20002660   Data         348  rc.o(.bss)
    cap_send_data                            0x200027bc   Data          14  cap_protocol.o(.bss)
    cap_receive_data                         0x200027cc   Data          12  cap_protocol.o(.bss)
    bmi2_dev                                 0x200027d8   Data         104  bmi.o(.bss)
    usart1_dma_rxbuf                         0x20002840   Data         350  uart_drv.o(.bss)
    usart2_dma_rxbuf                         0x2000299e   Data          48  uart_drv.o(.bss)
    usart3_dma_rxbuf                         0x200029ce   Data         350  uart_drv.o(.bss)
    usart4_dma_rxbuf                         0x20002b2c   Data         350  uart_drv.o(.bss)
    usart5_dma_rxbuf                         0x20002c8a   Data         350  uart_drv.o(.bss)
    hcan1RxFrame                             0x20002de8   Data          36  can_drv.o(.bss)
    hcan2RxFrame                             0x20002e0c   Data          36  can_drv.o(.bss)
    hcan1TxFrame                             0x20002e30   Data          32  can_drv.o(.bss)
    hcan2TxFrame                             0x20002e50   Data          32  can_drv.o(.bss)
    hcan1RmFrame                             0x20002e70   Data          24  can_drv.o(.bss)
    hcan2RmFrame                             0x20002e88   Data          24  can_drv.o(.bss)
    hadc1                                    0x200030f4   Data          72  adc.o(.bss)
    hcan1                                    0x2000313c   Data          40  can.o(.bss)
    hcan2                                    0x20003164   Data          40  can.o(.bss)
    hdac                                     0x2000318c   Data          20  dac.o(.bss)
    hiwdg                                    0x200031a0   Data          12  iwdg.o(.bss)
    htim1                                    0x200031ac   Data          72  tim.o(.bss)
    htim4                                    0x200031f4   Data          72  tim.o(.bss)
    huart4                                   0x2000323c   Data          68  usart.o(.bss)
    huart5                                   0x20003280   Data          68  usart.o(.bss)
    huart1                                   0x200032c4   Data          68  usart.o(.bss)
    huart2                                   0x20003308   Data          68  usart.o(.bss)
    huart3                                   0x2000334c   Data          68  usart.o(.bss)
    hdma_uart4_rx                            0x20003390   Data          96  usart.o(.bss)
    hdma_uart5_rx                            0x200033f0   Data          96  usart.o(.bss)
    hdma_uart5_tx                            0x20003450   Data          96  usart.o(.bss)
    hdma_usart1_rx                           0x200034b0   Data          96  usart.o(.bss)
    hdma_usart1_tx                           0x20003510   Data          96  usart.o(.bss)
    hdma_usart2_rx                           0x20003570   Data          96  usart.o(.bss)
    hdma_usart3_tx                           0x200035d0   Data          96  usart.o(.bss)
    hdma_usart3_rx                           0x20003630   Data          96  usart.o(.bss)
    htim2                                    0x20003690   Data          72  stm32f4xx_hal_timebase_tim.o(.bss)
    __heap_base                              0x200073c8   Data           0  startup_stm32f407xx.o(HEAP)
    __heap_limit                             0x200075c8   Data           0  startup_stm32f407xx.o(HEAP)
    __initial_sp                             0x200079c8   Data           0  startup_stm32f407xx.o(STACK)



==============================================================================

Memory Map of the image

  Image Entry point : 0x08000189

  Load Region LR_IROM1 (Base: 0x08000000, Size: 0x00012ff4, Max: 0x00080000, ABSOLUTE, COMPRESSED[0x000111a8])

    Execution Region ER_IROM1 (Exec base: 0x08000000, Load base: 0x08000000, Size: 0x00010dc4, Max: 0x00080000, ABSOLUTE)

    Exec Addr    Load Addr    Size         Type   Attr      Idx    E Section Name        Object

    0x08000000   0x08000000   0x00000188   Data   RO            3    RESET               startup_stm32f407xx.o
    0x08000188   0x08000188   0x00000000   Code   RO        11977  * .ARM.Collect$$$$00000000  mc_w.l(entry.o)
    0x08000188   0x08000188   0x00000004   Code   RO        12085    .ARM.Collect$$$$00000001  mc_w.l(entry2.o)
    0x0800018c   0x0800018c   0x00000004   Code   RO        12088    .ARM.Collect$$$$00000004  mc_w.l(entry5.o)
    0x08000190   0x08000190   0x00000000   Code   RO        12090    .ARM.Collect$$$$00000008  mc_w.l(entry7b.o)
    0x08000190   0x08000190   0x00000000   Code   RO        12092    .ARM.Collect$$$$0000000A  mc_w.l(entry8b.o)
    0x08000190   0x08000190   0x00000008   Code   RO        12093    .ARM.Collect$$$$0000000B  mc_w.l(entry9a.o)
    0x08000198   0x08000198   0x00000000   Code   RO        12095    .ARM.Collect$$$$0000000D  mc_w.l(entry10a.o)
    0x08000198   0x08000198   0x00000000   Code   RO        12097    .ARM.Collect$$$$0000000F  mc_w.l(entry11a.o)
    0x08000198   0x08000198   0x00000004   Code   RO        12086    .ARM.Collect$$$$00002712  mc_w.l(entry2.o)
    0x0800019c   0x0800019c   0x000000be   Code   RO         8419    .emb_text           port.o
    0x0800025a   0x0800025a   0x00000002   PAD
    0x0800025c   0x0800025c   0x00000024   Code   RO            4    .text               startup_stm32f407xx.o
    0x08000280   0x08000280   0x00000078   Code   RO        11743    .text               arm_cortexM4lf_math.lib(arm_cos_f32.o)
    0x080002f8   0x080002f8   0x00000074   Code   RO        11796    .text               arm_cortexM4lf_math.lib(arm_sin_f32.o)
    0x0800036c   0x0800036c   0x00000104   Code   RO        11820    .text               arm_cortexM4lf_math.lib(arm_sin_cos_f32.o)
    0x08000470   0x08000470   0x00000062   Code   RO        11980    .text               mc_w.l(uldiv.o)
    0x080004d2   0x080004d2   0x00000024   Code   RO        11982    .text               mc_w.l(memcpya.o)
    0x080004f6   0x080004f6   0x00000024   Code   RO        11986    .text               mc_w.l(memseta.o)
    0x0800051a   0x0800051a   0x0000000e   Code   RO        11988    .text               mc_w.l(strlen.o)
    0x08000528   0x08000528   0x0000014e   Code   RO        12020    .text               mf_w.l(dadd.o)
    0x08000676   0x08000676   0x000000e4   Code   RO        12022    .text               mf_w.l(dmul.o)
    0x0800075a   0x0800075a   0x000000de   Code   RO        12024    .text               mf_w.l(ddiv.o)
    0x08000838   0x08000838   0x00000026   Code   RO        12030    .text               mf_w.l(f2d.o)
    0x0800085e   0x0800085e   0x00000038   Code   RO        12032    .text               mf_w.l(d2f.o)
    0x08000896   0x08000896   0x0000001e   Code   RO        12099    .text               mc_w.l(llshl.o)
    0x080008b4   0x080008b4   0x00000020   Code   RO        12101    .text               mc_w.l(llushr.o)
    0x080008d4   0x080008d4   0x00000024   Code   RO        12103    .text               mc_w.l(llsshr.o)
    0x080008f8   0x080008f8   0x00000000   Code   RO        12114    .text               mc_w.l(iusefp.o)
    0x080008f8   0x080008f8   0x0000006e   Code   RO        12115    .text               mf_w.l(fepilogue.o)
    0x08000966   0x08000966   0x000000ba   Code   RO        12117    .text               mf_w.l(depilogue.o)
    0x08000a20   0x08000a20   0x00000024   Code   RO        12129    .text               mc_w.l(init.o)
    0x08000a44   0x08000a44   0x000000a2   Code   RO        12131    .text               mf_w.l(dsqrt.o)
    0x08000ae6   0x08000ae6   0x00000056   Code   RO        12141    .text               mc_w.l(__dczerorl2.o)
    0x08000b3c   0x08000b3c   0x00000128   Code   RO         8502    i.ADC_Init          stm32f4xx_hal_adc.o
    0x08000c64   0x08000c64   0x00000060   Code   RO         2742    i.ARRIVE            auto.o
    0x08000cc4   0x08000cc4   0x0000000e   Code   RO         1186    i.AUTO_SHOOT_init   state.o
    0x08000cd2   0x08000cd2   0x00000002   PAD
    0x08000cd4   0x08000cd4   0x00000028   Code   RO         6095    i.Append_CRC16_Check_Sum  crc.o
    0x08000cfc   0x08000cfc   0x00000020   Code   RO         6096    i.Append_CRC8_Check_Sum  crc.o
    0x08000d1c   0x08000d1c   0x0000049c   Code   RO         4098    i.BMI_Get_EulerAngle  bmi.o
    0x080011b8   0x080011b8   0x0000004e   Code   RO         4099    i.BMI_Get_GRO       bmi.o
    0x08001206   0x08001206   0x00000048   Code   RO         4100    i.BMI_Get_RawData   bmi.o
    0x0800124e   0x0800124e   0x00000002   PAD
    0x08001250   0x08001250   0x0000006c   Code   RO         4101    i.BMI_Init          bmi.o
    0x080012bc   0x080012bc   0x00000002   Code   RO         6789    i.BusFault_Handler  stm32f4xx_it.o
    0x080012be   0x080012be   0x00000002   PAD
    0x080012c0   0x080012c0   0x00000028   Code   RO         5834    i.CAN1_Init         can_drv.o
    0x080012e8   0x080012e8   0x0000000c   Code   RO         6790    i.CAN1_RX0_IRQHandler  stm32f4xx_it.o
    0x080012f4   0x080012f4   0x00000010   Code   RO         5836    i.CAN1_SendData     can_drv.o
    0x08001304   0x08001304   0x0000001c   Code   RO         3343    i.CAN1_rxDataHandler  can_potocal.o
    0x08001320   0x08001320   0x00000028   Code   RO         5839    i.CAN2_Init         can_drv.o
    0x08001348   0x08001348   0x0000000c   Code   RO         6791    i.CAN2_RX0_IRQHandler  stm32f4xx_it.o
    0x08001354   0x08001354   0x00000010   Code   RO         5841    i.CAN2_SendData     can_drv.o
    0x08001364   0x08001364   0x00000024   Code   RO         3344    i.CAN2_rxDataHandler  can_potocal.o
    0x08001388   0x08001388   0x0000001a   Code   RO         5844    i.CAN_Filter_ParamsInit  can_drv.o
    0x080013a2   0x080013a2   0x00000002   PAD
    0x080013a4   0x080013a4   0x00000058   Code   RO         5846    i.CAN_Rx_Callback   can_drv.o
    0x080013fc   0x080013fc   0x0000006c   Code   RO         5847    i.CAN_SendData      can_drv.o
    0x08001468   0x08001468   0x0000002c   Code   RO         5850    i.CAN_SendSingleData  can_drv.o
    0x08001494   0x08001494   0x00000060   Code   RO         3862    i.CAN_rxDataHandler  cap_protocol.o
    0x080014f4   0x080014f4   0x000000b4   Code   RO         2475    i.Char_Graphic      ui.o
    0x080015a8   0x080015a8   0x0000005c   Code   RO         1188    i.Chas_f_init       state.o
    0x08001604   0x08001604   0x00000004   Code   RO         2476    i.Client_Sent_String  ui.o
    0x08001608   0x08001608   0x00000078   Code   RO         2477    i.Client_aim_update  ui.o
    0x08001680   0x08001680   0x00000078   Code   RO         2482    i.Client_gimbalangle_figure_update  ui.o
    0x080016f8   0x080016f8   0x0000007c   Code   RO         2483    i.Client_graphic_Info_update  ui.o
    0x08001774   0x08001774   0x00000070   Code   RO         2484    i.Client_graphic_Init  ui.o
    0x080017e4   0x080017e4   0x000000e4   Code   RO         2486    i.Client_info_update  ui.o
    0x080018c8   0x080018c8   0x0000007c   Code   RO         2487    i.Client_supercapacitor_update  ui.o
    0x08001944   0x08001944   0x0000000e   Code   RO         2488    i.Client_task       ui.o
    0x08001952   0x08001952   0x0000002e   Code   RO         1189    i.Ctrl_mode_change  state.o
    0x08001980   0x08001980   0x0000001c   Code   RO         1190    i.Ctrl_mode_handle  state.o
    0x0800199c   0x0800199c   0x00000026   Code   RO         1191    i.Ctrl_mode_init    state.o
    0x080019c2   0x080019c2   0x00000002   PAD
    0x080019c4   0x080019c4   0x00000024   Code   RO         1192    i.Ctrl_state_init   state.o
    0x080019e8   0x080019e8   0x0000003c   Code   RO         2745    i.DF_AUTO_SHOOT     auto.o
    0x08001a24   0x08001a24   0x00000020   Code   RO         2746    i.DF_STATE          auto.o
    0x08001a44   0x08001a44   0x0000000c   Code   RO         6792    i.DMA1_Stream0_IRQHandler  stm32f4xx_it.o
    0x08001a50   0x08001a50   0x0000000c   Code   RO         6793    i.DMA1_Stream1_IRQHandler  stm32f4xx_it.o
    0x08001a5c   0x08001a5c   0x0000000c   Code   RO         6794    i.DMA1_Stream2_IRQHandler  stm32f4xx_it.o
    0x08001a68   0x08001a68   0x0000000c   Code   RO         6795    i.DMA1_Stream3_IRQHandler  stm32f4xx_it.o
    0x08001a74   0x08001a74   0x0000000c   Code   RO         6796    i.DMA1_Stream5_IRQHandler  stm32f4xx_it.o
    0x08001a80   0x08001a80   0x0000000c   Code   RO         6797    i.DMA1_Stream7_IRQHandler  stm32f4xx_it.o
    0x08001a8c   0x08001a8c   0x0000000c   Code   RO         6798    i.DMA2_Stream2_IRQHandler  stm32f4xx_it.o
    0x08001a98   0x08001a98   0x0000000c   Code   RO         6799    i.DMA2_Stream7_IRQHandler  stm32f4xx_it.o
    0x08001aa4   0x08001aa4   0x00000244   Code   RO         5712    i.DMAEx_MultiBufferStart_NoIT  uart_drv.o
    0x08001ce8   0x08001ce8   0x00000028   Code   RO         9236    i.DMA_CalcBaseAndBitshift  stm32f4xx_hal_dma.o
    0x08001d10   0x08001d10   0x00000054   Code   RO         9237    i.DMA_CheckFifoParam  stm32f4xx_hal_dma.o
    0x08001d64   0x08001d64   0x00000028   Code   RO         9238    i.DMA_SetConfig     stm32f4xx_hal_dma.o
    0x08001d8c   0x08001d8c   0x00000062   Code   RO         5713    i.DMA_Start         uart_drv.o
    0x08001dee   0x08001dee   0x00000022   Code   RO         3311    i.DRIVER_Init       rp_init.o
    0x08001e10   0x08001e10   0x00000014   Code   RO         5714    i.DRV_UART_IRQHandler  uart_drv.o
    0x08001e24   0x08001e24   0x00000022   Code   RO         6205    i.DeathZoom         rp_math.o
    0x08001e46   0x08001e46   0x00000002   Code   RO         6800    i.DebugMon_Handler  stm32f4xx_it.o
    0x08001e48   0x08001e48   0x00000108   Code   RO         4049    i.Determine_ID      judge_infantrypotocol.o
    0x08001f50   0x08001f50   0x000000c8   Code   RO         2489    i.Draw_char         ui.o
    0x08002018   0x08002018   0x00000004   Code   RO         6277    i.Error_Handler     main.o
    0x0800201c   0x0800201c   0x0000000e   Code   RO         1194    i.FRICTION_init     state.o
    0x0800202a   0x0800202a   0x00000002   PAD
    0x0800202c   0x0800202c   0x00000018   Code   RO         1657    i.FRIC_INIT         shoot.o
    0x08002044   0x08002044   0x0000009e   Code   RO         2490    i.Figure_Graphic    ui.o
    0x080020e2   0x080020e2   0x00000002   PAD
    0x080020e4   0x080020e4   0x00000018   Code   RO         2747    i.Find_Tar          auto.o
    0x080020fc   0x080020fc   0x00000070   Code   RO         1660    i.Fric_Err_OK       shoot.o
    0x0800216c   0x0800216c   0x00000032   Code   RO         1197    i.Func_mode_change  state.o
    0x0800219e   0x0800219e   0x00000002   PAD
    0x080021a0   0x080021a0   0x00000030   Code   RO         1198    i.Func_mode_handle  state.o
    0x080021d0   0x080021d0   0x00000050   Code   RO         1199    i.Func_mode_init    state.o
    0x08002220   0x08002220   0x00000010   Code   RO         1200    i.Func_state_init   state.o
    0x08002230   0x08002230   0x0000000e   Code   RO         1906    i.GIMBAL_INIT       gimbal.o
    0x0800223e   0x0800223e   0x0000000e   Code   RO         1908    i.GIMBAL_INIT_NOW   gimbal.o
    0x0800224c   0x0800224c   0x00000024   Code   RO         1909    i.GIMBAL_PIT_INIT   gimbal.o
    0x08002270   0x08002270   0x0000002c   Code   RO         1910    i.GIMBAL_PIT_NOW_SET  gimbal.o
    0x0800229c   0x0800229c   0x00000024   Code   RO         1911    i.GIMBAL_YAW_INIT   gimbal.o
    0x080022c0   0x080022c0   0x0000002c   Code   RO         6097    i.Get_CRC16_Check_Sum  crc.o
    0x080022ec   0x080022ec   0x00000020   Code   RO         6098    i.Get_CRC8_Check_Sum  crc.o
    0x0800230c   0x0800230c   0x000000cc   Code   RO         2492    i.Get_Client_Info   ui.o
    0x080023d8   0x080023d8   0x0000000e   Code   RO         1202    i.Gimb_f_init       state.o
    0x080023e6   0x080023e6   0x00000002   PAD
    0x080023e8   0x080023e8   0x0000014c   Code   RO         8504    i.HAL_ADC_ConfigChannel  stm32f4xx_hal_adc.o
    0x08002534   0x08002534   0x00000054   Code   RO         8513    i.HAL_ADC_Init      stm32f4xx_hal_adc.o
    0x08002588   0x08002588   0x00000060   Code   RO         6480    i.HAL_ADC_MspInit   adc.o
    0x080025e8   0x080025e8   0x00000024   Code   RO         9910    i.HAL_CAN_ActivateNotification  stm32f4xx_hal_can.o
    0x0800260c   0x0800260c   0x000000c8   Code   RO         9911    i.HAL_CAN_AddTxMessage  stm32f4xx_hal_can.o
    0x080026d4   0x080026d4   0x0000010c   Code   RO         9912    i.HAL_CAN_ConfigFilter  stm32f4xx_hal_can.o
    0x080027e0   0x080027e0   0x00000002   Code   RO         9915    i.HAL_CAN_ErrorCallback  stm32f4xx_hal_can.o
    0x080027e2   0x080027e2   0x000000e8   Code   RO         9918    i.HAL_CAN_GetRxMessage  stm32f4xx_hal_can.o
    0x080028ca   0x080028ca   0x000001fc   Code   RO         9922    i.HAL_CAN_IRQHandler  stm32f4xx_hal_can.o
    0x08002ac6   0x08002ac6   0x0000011a   Code   RO         9923    i.HAL_CAN_Init      stm32f4xx_hal_can.o
    0x08002be0   0x08002be0   0x000000fc   Code   RO         6522    i.HAL_CAN_MspInit   can.o
    0x08002cdc   0x08002cdc   0x00000002   Code   RO         9930    i.HAL_CAN_RxFifo0FullCallback  stm32f4xx_hal_can.o
    0x08002cde   0x08002cde   0x00000002   PAD
    0x08002ce0   0x08002ce0   0x0000001c   Code   RO         5851    i.HAL_CAN_RxFifo0MsgPendingCallback  can_drv.o
    0x08002cfc   0x08002cfc   0x00000002   Code   RO         9932    i.HAL_CAN_RxFifo1FullCallback  stm32f4xx_hal_can.o
    0x08002cfe   0x08002cfe   0x00000002   Code   RO         9933    i.HAL_CAN_RxFifo1MsgPendingCallback  stm32f4xx_hal_can.o
    0x08002d00   0x08002d00   0x00000002   Code   RO         9934    i.HAL_CAN_SleepCallback  stm32f4xx_hal_can.o
    0x08002d02   0x08002d02   0x00000002   PAD
    0x08002d04   0x08002d04   0x00000058   Code   RO         9935    i.HAL_CAN_Start     stm32f4xx_hal_can.o
    0x08002d5c   0x08002d5c   0x00000002   Code   RO         9937    i.HAL_CAN_TxMailbox0AbortCallback  stm32f4xx_hal_can.o
    0x08002d5e   0x08002d5e   0x00000002   Code   RO         9938    i.HAL_CAN_TxMailbox0CompleteCallback  stm32f4xx_hal_can.o
    0x08002d60   0x08002d60   0x00000002   Code   RO         9939    i.HAL_CAN_TxMailbox1AbortCallback  stm32f4xx_hal_can.o
    0x08002d62   0x08002d62   0x00000002   Code   RO         9940    i.HAL_CAN_TxMailbox1CompleteCallback  stm32f4xx_hal_can.o
    0x08002d64   0x08002d64   0x00000002   Code   RO         9941    i.HAL_CAN_TxMailbox2AbortCallback  stm32f4xx_hal_can.o
    0x08002d66   0x08002d66   0x00000002   Code   RO         9942    i.HAL_CAN_TxMailbox2CompleteCallback  stm32f4xx_hal_can.o
    0x08002d68   0x08002d68   0x00000002   Code   RO         9944    i.HAL_CAN_WakeUpFromRxMsgCallback  stm32f4xx_hal_can.o
    0x08002d6a   0x08002d6a   0x00000046   Code   RO        10146    i.HAL_DAC_ConfigChannel  stm32f4xx_hal_dac.o
    0x08002db0   0x08002db0   0x00000028   Code   RO        10156    i.HAL_DAC_Init      stm32f4xx_hal_dac.o
    0x08002dd8   0x08002dd8   0x00000060   Code   RO         6571    i.HAL_DAC_MspInit   dac.o
    0x08002e38   0x08002e38   0x0000008e   Code   RO         9239    i.HAL_DMA_Abort     stm32f4xx_hal_dma.o
    0x08002ec6   0x08002ec6   0x00000024   Code   RO         9240    i.HAL_DMA_Abort_IT  stm32f4xx_hal_dma.o
    0x08002eea   0x08002eea   0x00000002   PAD
    0x08002eec   0x08002eec   0x000001a0   Code   RO         9244    i.HAL_DMA_IRQHandler  stm32f4xx_hal_dma.o
    0x0800308c   0x0800308c   0x000000d4   Code   RO         9245    i.HAL_DMA_Init      stm32f4xx_hal_dma.o
    0x08003160   0x08003160   0x0000006e   Code   RO         9249    i.HAL_DMA_Start_IT  stm32f4xx_hal_dma.o
    0x080031ce   0x080031ce   0x00000002   PAD
    0x080031d0   0x080031d0   0x000001ec   Code   RO         9132    i.HAL_GPIO_Init     stm32f4xx_hal_gpio.o
    0x080033bc   0x080033bc   0x00000010   Code   RO         9135    i.HAL_GPIO_TogglePin  stm32f4xx_hal_gpio.o
    0x080033cc   0x080033cc   0x0000000a   Code   RO         9136    i.HAL_GPIO_WritePin  stm32f4xx_hal_gpio.o
    0x080033d6   0x080033d6   0x00000002   PAD
    0x080033d8   0x080033d8   0x0000000c   Code   RO         9664    i.HAL_GetTick       stm32f4xx_hal.o
    0x080033e4   0x080033e4   0x0000005a   Code   RO        10383    i.HAL_IWDG_Init     stm32f4xx_hal_iwdg.o
    0x0800343e   0x0800343e   0x0000000c   Code   RO        10384    i.HAL_IWDG_Refresh  stm32f4xx_hal_iwdg.o
    0x0800344a   0x0800344a   0x00000002   PAD
    0x0800344c   0x0800344c   0x00000010   Code   RO         9670    i.HAL_IncTick       stm32f4xx_hal.o
    0x0800345c   0x0800345c   0x00000034   Code   RO         9671    i.HAL_Init          stm32f4xx_hal.o
    0x08003490   0x08003490   0x00000074   Code   RO         6978    i.HAL_InitTick      stm32f4xx_hal_timebase_tim.o
    0x08003504   0x08003504   0x00000038   Code   RO         6954    i.HAL_MspInit       stm32f4xx_hal_msp.o
    0x0800353c   0x0800353c   0x0000001a   Code   RO         9521    i.HAL_NVIC_EnableIRQ  stm32f4xx_hal_cortex.o
    0x08003556   0x08003556   0x00000002   PAD
    0x08003558   0x08003558   0x00000040   Code   RO         9527    i.HAL_NVIC_SetPriority  stm32f4xx_hal_cortex.o
    0x08003598   0x08003598   0x00000024   Code   RO         9528    i.HAL_NVIC_SetPriorityGrouping  stm32f4xx_hal_cortex.o
    0x080035bc   0x080035bc   0x00000134   Code   RO         8778    i.HAL_RCC_ClockConfig  stm32f4xx_hal_rcc.o
    0x080036f0   0x080036f0   0x00000040   Code   RO         8782    i.HAL_RCC_GetClockConfig  stm32f4xx_hal_rcc.o
    0x08003730   0x08003730   0x00000020   Code   RO         8785    i.HAL_RCC_GetPCLK1Freq  stm32f4xx_hal_rcc.o
    0x08003750   0x08003750   0x00000020   Code   RO         8786    i.HAL_RCC_GetPCLK2Freq  stm32f4xx_hal_rcc.o
    0x08003770   0x08003770   0x00000064   Code   RO         8787    i.HAL_RCC_GetSysClockFreq  stm32f4xx_hal_rcc.o
    0x080037d4   0x080037d4   0x0000036c   Code   RO         8790    i.HAL_RCC_OscConfig  stm32f4xx_hal_rcc.o
    0x08003b40   0x08003b40   0x00000002   Code   RO        11119    i.HAL_TIMEx_BreakCallback  stm32f4xx_hal_tim_ex.o
    0x08003b42   0x08003b42   0x00000002   Code   RO        11120    i.HAL_TIMEx_CommutCallback  stm32f4xx_hal_tim_ex.o
    0x08003b44   0x08003b44   0x00000054   Code   RO        11122    i.HAL_TIMEx_ConfigBreakDeadTime  stm32f4xx_hal_tim_ex.o
    0x08003b98   0x08003b98   0x00000090   Code   RO        11138    i.HAL_TIMEx_MasterConfigSynchronization  stm32f4xx_hal_tim_ex.o
    0x08003c28   0x08003c28   0x0000005a   Code   RO        10415    i.HAL_TIM_Base_Init  stm32f4xx_hal_tim.o
    0x08003c82   0x08003c82   0x00000002   PAD
    0x08003c84   0x08003c84   0x00000058   Code   RO         6670    i.HAL_TIM_Base_MspInit  tim.o
    0x08003cdc   0x08003cdc   0x00000080   Code   RO        10420    i.HAL_TIM_Base_Start_IT  stm32f4xx_hal_tim.o
    0x08003d5c   0x08003d5c   0x000000d6   Code   RO        10424    i.HAL_TIM_ConfigClockSource  stm32f4xx_hal_tim.o
    0x08003e32   0x08003e32   0x00000002   Code   RO        10449    i.HAL_TIM_IC_CaptureCallback  stm32f4xx_hal_tim.o
    0x08003e34   0x08003e34   0x00000166   Code   RO        10463    i.HAL_TIM_IRQHandler  stm32f4xx_hal_tim.o
    0x08003f9a   0x08003f9a   0x00000002   PAD
    0x08003f9c   0x08003f9c   0x00000054   Code   RO         6671    i.HAL_TIM_MspPostInit  tim.o
    0x08003ff0   0x08003ff0   0x00000002   Code   RO        10466    i.HAL_TIM_OC_DelayElapsedCallback  stm32f4xx_hal_tim.o
    0x08003ff2   0x08003ff2   0x000000c6   Code   RO        10487    i.HAL_TIM_PWM_ConfigChannel  stm32f4xx_hal_tim.o
    0x080040b8   0x080040b8   0x0000005a   Code   RO        10490    i.HAL_TIM_PWM_Init  stm32f4xx_hal_tim.o
    0x08004112   0x08004112   0x00000002   Code   RO        10492    i.HAL_TIM_PWM_MspInit  stm32f4xx_hal_tim.o
    0x08004114   0x08004114   0x00000002   Code   RO        10493    i.HAL_TIM_PWM_PulseFinishedCallback  stm32f4xx_hal_tim.o
    0x08004116   0x08004116   0x00000002   PAD
    0x08004118   0x08004118   0x000000c8   Code   RO        10495    i.HAL_TIM_PWM_Start  stm32f4xx_hal_tim.o
    0x080041e0   0x080041e0   0x0000000e   Code   RO         6278    i.HAL_TIM_PeriodElapsedCallback  main.o
    0x080041ee   0x080041ee   0x00000002   Code   RO        10506    i.HAL_TIM_TriggerCallback  stm32f4xx_hal_tim.o
    0x080041f0   0x080041f0   0x00000002   Code   RO        11397    i.HAL_UARTEx_RxEventCallback  stm32f4xx_hal_uart.o
    0x080041f2   0x080041f2   0x00000002   Code   RO        11411    i.HAL_UART_ErrorCallback  stm32f4xx_hal_uart.o
    0x080041f4   0x080041f4   0x00000210   Code   RO        11414    i.HAL_UART_IRQHandler  stm32f4xx_hal_uart.o
    0x08004404   0x08004404   0x00000062   Code   RO        11415    i.HAL_UART_Init     stm32f4xx_hal_uart.o
    0x08004466   0x08004466   0x00000002   PAD
    0x08004468   0x08004468   0x0000040c   Code   RO         6724    i.HAL_UART_MspInit  usart.o
    0x08004874   0x08004874   0x00000002   Code   RO        11421    i.HAL_UART_RxCpltCallback  stm32f4xx_hal_uart.o
    0x08004876   0x08004876   0x00000002   PAD
    0x08004878   0x08004878   0x00000080   Code   RO        11424    i.HAL_UART_Transmit_DMA  stm32f4xx_hal_uart.o
    0x080048f8   0x080048f8   0x00000002   Code   RO        11426    i.HAL_UART_TxCpltCallback  stm32f4xx_hal_uart.o
    0x080048fa   0x080048fa   0x00000002   Code   RO        11427    i.HAL_UART_TxHalfCpltCallback  stm32f4xx_hal_uart.o
    0x080048fc   0x080048fc   0x0000003c   Code   RO         3169    i.Half_Turn         s_function.o
    0x08004938   0x08004938   0x00000004   Code   RO         6801    i.HardFault_Handler  stm32f4xx_it.o
    0x0800493c   0x0800493c   0x00000040   Code   RO         5601    i.IIC_Ack           soft_iic.o
    0x0800497c   0x0800497c   0x00000040   Code   RO         5602    i.IIC_NAck          soft_iic.o
    0x080049bc   0x080049bc   0x00000068   Code   RO         5603    i.IIC_Read_Byte     soft_iic.o
    0x08004a24   0x08004a24   0x00000060   Code   RO         5604    i.IIC_Send_Byte     soft_iic.o
    0x08004a84   0x08004a84   0x00000040   Code   RO         5605    i.IIC_Start         soft_iic.o
    0x08004ac4   0x08004ac4   0x00000044   Code   RO         5606    i.IIC_Stop          soft_iic.o
    0x08004b08   0x08004b08   0x00000054   Code   RO         5607    i.IIC_Wait_Ack      soft_iic.o
    0x08004b5c   0x08004b5c   0x00000018   Code   RO         3623    i.Imu_Data          imu.o
    0x08004b74   0x08004b74   0x0000001e   Code   RO         3170    i.JUDGE_NULL        s_function.o
    0x08004b92   0x08004b92   0x00000002   PAD
    0x08004b94   0x08004b94   0x00000084   Code   RO         3171    i.Judge_Dir         s_function.o
    0x08004c18   0x08004c18   0x00000012   Code   RO         1204    i.KEY_init          state.o
    0x08004c2a   0x08004c2a   0x00000002   PAD
    0x08004c2c   0x08004c2c   0x00000048   Code   RO         3473    i.Key_Init          rc.o
    0x08004c74   0x08004c74   0x00000140   Code   RO           13    i.LED_CTRL          led_task.o
    0x08004db4   0x08004db4   0x0000002c   Code   RO         3172    i.Limit_Target      s_function.o
    0x08004de0   0x08004de0   0x0000000e   Code   RO         1209    i.MAGAZINE_init     state.o
    0x08004dee   0x08004dee   0x00000046   Code   RO         3173    i.MID_RESET         s_function.o
    0x08004e34   0x08004e34   0x0000005c   Code   RO         3784    i.MOTOR_CAN1_RX     motor.o
    0x08004e90   0x08004e90   0x00000068   Code   RO         3785    i.MOTOR_CAN2_RX     motor.o
    0x08004ef8   0x08004ef8   0x0000004c   Code   RO         5363    i.MPU_Read_Byte     bmi2_common.o
    0x08004f44   0x08004f44   0x00000060   Code   RO         5364    i.MPU_Read_all      bmi2_common.o
    0x08004fa4   0x08004fa4   0x00000064   Code   RO         6481    i.MX_ADC1_Init      adc.o
    0x08005008   0x08005008   0x00000048   Code   RO         6523    i.MX_CAN1_Init      can.o
    0x08005050   0x08005050   0x00000048   Code   RO         6524    i.MX_CAN2_Init      can.o
    0x08005098   0x08005098   0x0000003c   Code   RO         6572    i.MX_DAC_Init       dac.o
    0x080050d4   0x080050d4   0x000000ac   Code   RO         6612    i.MX_DMA_Init       dma.o
    0x08005180   0x08005180   0x00000104   Code   RO         6375    i.MX_FREERTOS_Init  freertos.o
    0x08005284   0x08005284   0x00000108   Code   RO         6348    i.MX_GPIO_Init      gpio.o
    0x0800538c   0x0800538c   0x0000002c   Code   RO         6639    i.MX_IWDG_Init      iwdg.o
    0x080053b8   0x080053b8   0x000000dc   Code   RO         6672    i.MX_TIM1_Init      tim.o
    0x08005494   0x08005494   0x0000006c   Code   RO         6673    i.MX_TIM4_Init      tim.o
    0x08005500   0x08005500   0x00000038   Code   RO         6726    i.MX_UART5_Init     usart.o
    0x08005538   0x08005538   0x00000038   Code   RO         6727    i.MX_USART1_UART_Init  usart.o
    0x08005570   0x08005570   0x00000040   Code   RO         6728    i.MX_USART2_UART_Init  usart.o
    0x080055b0   0x080055b0   0x00000038   Code   RO         6729    i.MX_USART3_UART_Init  usart.o
    0x080055e8   0x080055e8   0x00000002   Code   RO         6802    i.MemManage_Handler  stm32f4xx_it.o
    0x080055ea   0x080055ea   0x00000002   PAD
    0x080055ec   0x080055ec   0x00000024   Code   RO         3475    i.Mouse_Updata      rc.o
    0x08005610   0x08005610   0x00000098   Code   RO         3476    i.Mouse_X_Speed     rc.o
    0x080056a8   0x080056a8   0x000000c4   Code   RO         3477    i.Mouse_Y_Speed     rc.o
    0x0800576c   0x0800576c   0x00000058   Code   RO         3478    i.Mouse_Z_Speed     rc.o
    0x080057c4   0x080057c4   0x00000032   Code   RO         1210    i.Move_mode_change  state.o
    0x080057f6   0x080057f6   0x00000002   PAD
    0x080057f8   0x080057f8   0x00000024   Code   RO         1211    i.Move_mode_handle  state.o
    0x0800581c   0x0800581c   0x0000002c   Code   RO         1212    i.Move_mode_init    state.o
    0x08005848   0x08005848   0x00000024   Code   RO         1213    i.Move_state_init   state.o
    0x0800586c   0x0800586c   0x00000002   Code   RO         6803    i.NMI_Handler       stm32f4xx_it.o
    0x0800586e   0x0800586e   0x00000002   PAD
    0x08005870   0x08005870   0x00000034   Code   RO         2404    i.OFFLINE_CHECK_TASK  offline_check.o
    0x080058a4   0x080058a4   0x000000c4   Code   RO         3175    i.PID_CAL           s_function.o
    0x08005968   0x08005968   0x00000024   Code   RO         5670    i.PWM_Init          tim_drv.o
    0x0800598c   0x0800598c   0x000000a8   Code   RO         3479    i.RC_IsChannelReset  rc.o
    0x08005a34   0x08005a34   0x00000052   Code   RO         3480    i.RC_ResetData      rc.o
    0x08005a86   0x08005a86   0x00000012   Code   RO         1215    i.RC_init           state.o
    0x08005a98   0x08005a98   0x0000001c   Code   RO         3481    i.Rc_Data           rc.o
    0x08005ab4   0x08005ab4   0x00000064   Code   RO         3482    i.Rc_Init           rc.o
    0x08005b18   0x08005b18   0x00000038   Code   RO         3176    i.SF                s_function.o
    0x08005b50   0x08005b50   0x00000020   Code   RO         2750    i.SHOT_AUTO_INIT    auto.o
    0x08005b70   0x08005b70   0x0000000c   Code   RO         1669    i.SHOT_INIT         shoot.o
    0x08005b7c   0x08005b7c   0x00000012   Code   RO         1217    i.SHOT_SINGLE_init  state.o
    0x08005b8e   0x08005b8e   0x0000000e   Code   RO         1219    i.SHOT_STAY_init    state.o
    0x08005b9c   0x08005b9c   0x00000068   Code   RO         1221    i.STATE_INIT        state.o
    0x08005c04   0x08005c04   0x00000060   Code   RO         3786    i.Send_Current      motor.o
    0x08005c64   0x08005c64   0x00000054   Code   RO         4102    i.Set_accel         bmi.o
    0x08005cb8   0x08005cb8   0x00000058   Code   RO         4103    i.Set_gyro          bmi.o
    0x08005d10   0x08005d10   0x00000008   Code   RO         6376    i.StartDefaultTask  freertos.o
    0x08005d18   0x08005d18   0x00000014   Code   RO          816    i.Start_Super_Task  chassis_task.o
    0x08005d2c   0x08005d2c   0x00000008   Code   RO          399    i.Start_Trigger_Task  vision_task.o
    0x08005d34   0x08005d34   0x0000000c   Code   RO          400    i.Start_Vision_Task  vision_task.o
    0x08005d40   0x08005d40   0x00000008   Code   RO          817    i.Start_chassis_task  chassis_task.o
    0x08005d48   0x08005d48   0x00000138   Code   RO          495    i.Start_gimbal_Task  gimbal_task.o
    0x08005e80   0x08005e80   0x0000000c   Code   RO          362    i.Start_imu_task    imu_task.o
    0x08005e8c   0x08005e8c   0x0000000c   Code   RO          440    i.Start_judge_task  judge_task.o
    0x08005e98   0x08005e98   0x00000058   Code   RO           14    i.Start_led         led_task.o
    0x08005ef0   0x08005ef0   0x00000010   Code   RO          856    i.Start_normal_task  normal_task.o
    0x08005f00   0x08005f00   0x00000008   Code   RO          468    i.Start_shoot_task  shoot_task.o
    0x08005f08   0x08005f08   0x0000002c   Code   RO         8420    i.SysTick_Handler   port.o
    0x08005f34   0x08005f34   0x0000009c   Code   RO         6279    i.SystemClock_Config  main.o
    0x08005fd0   0x08005fd0   0x00000010   Code   RO         7168    i.SystemInit        system_stm32f4xx.o
    0x08005fe0   0x08005fe0   0x00000030   Code   RO         6804    i.TIM2_IRQHandler   stm32f4xx_it.o
    0x08006010   0x08006010   0x00000014   Code   RO         6805    i.TIM4_IRQHandler   stm32f4xx_it.o
    0x08006024   0x08006024   0x0000007c   Code   RO         2752    i.TIM4_VISION_INIT  auto.o
    0x080060a0   0x080060a0   0x000000c8   Code   RO        10508    i.TIM_Base_SetConfig  stm32f4xx_hal_tim.o
    0x08006168   0x08006168   0x0000001a   Code   RO        10509    i.TIM_CCxChannelCmd  stm32f4xx_hal_tim.o
    0x08006182   0x08006182   0x00000014   Code   RO        10519    i.TIM_ETR_SetConfig  stm32f4xx_hal_tim.o
    0x08006196   0x08006196   0x00000010   Code   RO        10520    i.TIM_ITRx_SetConfig  stm32f4xx_hal_tim.o
    0x080061a6   0x080061a6   0x00000002   PAD
    0x080061a8   0x080061a8   0x00000060   Code   RO        10521    i.TIM_OC1_SetConfig  stm32f4xx_hal_tim.o
    0x08006208   0x08006208   0x0000006c   Code   RO        10522    i.TIM_OC2_SetConfig  stm32f4xx_hal_tim.o
    0x08006274   0x08006274   0x00000068   Code   RO        10523    i.TIM_OC3_SetConfig  stm32f4xx_hal_tim.o
    0x080062dc   0x080062dc   0x00000050   Code   RO        10524    i.TIM_OC4_SetConfig  stm32f4xx_hal_tim.o
    0x0800632c   0x0800632c   0x00000022   Code   RO        10526    i.TIM_TI1_ConfigInputStage  stm32f4xx_hal_tim.o
    0x0800634e   0x0800634e   0x00000024   Code   RO        10528    i.TIM_TI2_ConfigInputStage  stm32f4xx_hal_tim.o
    0x08006372   0x08006372   0x00000002   PAD
    0x08006374   0x08006374   0x00000030   Code   RO         1222    i.TOP_FIRST_ctrl    state.o
    0x080063a4   0x080063a4   0x0000000e   Code   RO         1223    i.Top_f_init        state.o
    0x080063b2   0x080063b2   0x00000002   PAD
    0x080063b4   0x080063b4   0x0000000c   Code   RO         6806    i.UART4_IRQHandler  stm32f4xx_it.o
    0x080063c0   0x080063c0   0x00000018   Code   RO         6807    i.UART5_IRQHandler  stm32f4xx_it.o
    0x080063d8   0x080063d8   0x00000010   Code   RO        11428    i.UART_DMAAbortOnError  stm32f4xx_hal_uart.o
    0x080063e8   0x080063e8   0x0000004a   Code   RO        11429    i.UART_DMAError     stm32f4xx_hal_uart.o
    0x08006432   0x08006432   0x0000002e   Code   RO        11434    i.UART_DMATransmitCplt  stm32f4xx_hal_uart.o
    0x08006460   0x08006460   0x0000000a   Code   RO        11436    i.UART_DMATxHalfCplt  stm32f4xx_hal_uart.o
    0x0800646a   0x0800646a   0x00000030   Code   RO        11438    i.UART_EndRxTransfer  stm32f4xx_hal_uart.o
    0x0800649a   0x0800649a   0x00000012   Code   RO        11439    i.UART_EndTxTransfer  stm32f4xx_hal_uart.o
    0x080064ac   0x080064ac   0x000000ae   Code   RO        11440    i.UART_Receive_IT   stm32f4xx_hal_uart.o
    0x0800655a   0x0800655a   0x00000002   PAD
    0x0800655c   0x0800655c   0x0000010c   Code   RO        11441    i.UART_SetConfig    stm32f4xx_hal_uart.o
    0x08006668   0x08006668   0x00000018   Code   RO         6808    i.USART1_IRQHandler  stm32f4xx_it.o
    0x08006680   0x08006680   0x00000038   Code   RO         5716    i.USART1_Init       uart_drv.o
    0x080066b8   0x080066b8   0x0000001c   Code   RO         3376    i.USART1_rxDataHandler  usart_potocal.o
    0x080066d4   0x080066d4   0x00000018   Code   RO         6809    i.USART2_IRQHandler  stm32f4xx_it.o
    0x080066ec   0x080066ec   0x0000003c   Code   RO         5718    i.USART2_Init       uart_drv.o
    0x08006728   0x08006728   0x00000004   Code   RO         3377    i.USART2_rxDataHandler  usart_potocal.o
    0x0800672c   0x0800672c   0x00000018   Code   RO         6810    i.USART3_IRQHandler  stm32f4xx_it.o
    0x08006744   0x08006744   0x00000038   Code   RO         5720    i.USART3_Init       uart_drv.o
    0x0800677c   0x0800677c   0x00000002   Code   RO         3378    i.USART3_rxDataHandler  usart_potocal.o
    0x0800677e   0x0800677e   0x00000002   Code   RO         3379    i.USART4_rxDataHandler  usart_potocal.o
    0x08006780   0x08006780   0x00000038   Code   RO         5724    i.USART5_Init       uart_drv.o
    0x080067b8   0x080067b8   0x0000001c   Code   RO         3380    i.USART5_rxDataHandler  usart_potocal.o
    0x080067d4   0x080067d4   0x000000b4   Code   RO         2494    i.Up_Data           ui.o
    0x08006888   0x08006888   0x00000020   Code   RO         3683    i.Up_RX             slave.o
    0x080068a8   0x080068a8   0x00000002   Code   RO         6811    i.UsageFault_Handler  stm32f4xx_it.o
    0x080068aa   0x080068aa   0x00000002   PAD
    0x080068ac   0x080068ac   0x00000010   Code   RO         2495    i.Usart5_Sent_Byte  ui.o
    0x080068bc   0x080068bc   0x0000001a   Code   RO         2496    i.Usart5_Sent_string  ui.o
    0x080068d6   0x080068d6   0x00000002   PAD
    0x080068d8   0x080068d8   0x0000003c   Code   RO         6099    i.Verify_CRC16_Check_Sum  crc.o
    0x08006914   0x08006914   0x0000002a   Code   RO         6100    i.Verify_CRC8_Check_Sum  crc.o
    0x0800693e   0x0800693e   0x00000002   PAD
    0x08006940   0x08006940   0x00000028   Code   RO         2755    i.Vision_IRQ        auto.o
    0x08006968   0x08006968   0x00000070   Code   RO         2756    i.Vision_TX         auto.o
    0x080069d8   0x080069d8   0x00000028   Code   RO         1932    i.Yaw_Turn_Err      gimbal.o
    0x08006a00   0x08006a00   0x0000001c   Code   RO         2758    i.ZM_STATE          auto.o
    0x08006a1c   0x08006a1c   0x00000030   Code   RO        12068    i.__ARM_fpclassify  m_wm.l(fpclassify.o)
    0x08006a4c   0x08006a4c   0x00000020   Code   RO         9534    i.__NVIC_SetPriority  stm32f4xx_hal_cortex.o
    0x08006a6c   0x08006a6c   0x00000024   Code   RO         6812    i.__NVIC_SystemReset  stm32f4xx_it.o
    0x08006a90   0x08006a90   0x00000360   Code   RO        11923    i.__hardfp_asin     m_wm.l(asin.o)
    0x08006df0   0x08006df0   0x000002d8   Code   RO        12034    i.__hardfp_atan     m_wm.l(atan.o)
    0x080070c8   0x080070c8   0x000001f0   Code   RO        11937    i.__hardfp_atan2    m_wm.l(atan2.o)
    0x080072b8   0x080072b8   0x000000f8   Code   RO        12070    i.__kernel_poly     m_wm.l(poly.o)
    0x080073b0   0x080073b0   0x00000014   Code   RO        12049    i.__mathlib_dbl_infnan  m_wm.l(dunder.o)
    0x080073c4   0x080073c4   0x00000014   Code   RO        12050    i.__mathlib_dbl_infnan2  m_wm.l(dunder.o)
    0x080073d8   0x080073d8   0x00000020   Code   RO        12051    i.__mathlib_dbl_invalid  m_wm.l(dunder.o)
    0x080073f8   0x080073f8   0x00000020   Code   RO        12054    i.__mathlib_dbl_underflow  m_wm.l(dunder.o)
    0x08007418   0x08007418   0x0000000e   Code   RO        12135    i.__scatterload_copy  mc_w.l(handlers.o)
    0x08007426   0x08007426   0x00000002   Code   RO        12136    i.__scatterload_null  mc_w.l(handlers.o)
    0x08007428   0x08007428   0x0000000e   Code   RO        12137    i.__scatterload_zeroinit  mc_w.l(handlers.o)
    0x08007436   0x08007436   0x00000002   PAD
    0x08007438   0x08007438   0x0000000c   Code   RO        12109    i.__set_errno       mc_w.l(errno.o)
    0x08007444   0x08007444   0x00000078   Code   RO         2497    i._high_aim_        ui.o
    0x080074bc   0x080074bc   0x00000078   Code   RO         2498    i._lowlong_aim_     ui.o
    0x08007534   0x08007534   0x00000078   Code   RO         2499    i._lowshort_aim_2   ui.o
    0x080075ac   0x080075ac   0x00000078   Code   RO         2500    i._lowshort_aim_3   ui.o
    0x08007624   0x08007624   0x00000074   Code   RO         2501    i._lowshortstem_aim_4  ui.o
    0x08007698   0x08007698   0x00000160   Code   RO         2502    i.aim_1             ui.o
    0x080077f8   0x080077f8   0x00000140   Code   RO         2503    i.aim_lowlong       ui.o
    0x08007938   0x08007938   0x00000168   Code   RO         2504    i.aim_lowshort_2    ui.o
    0x08007aa0   0x08007aa0   0x00000088   Code   RO         2505    i.aim_lowshort_3    ui.o
    0x08007b28   0x08007b28   0x00000084   Code   RO         2506    i.aim_lowshort_stem  ui.o
    0x08007bac   0x08007bac   0x00000010   Code   RO        12036    i.atan              m_wm.l(atan.o)
    0x08007bbc   0x08007bbc   0x00000078   Code   RO         5296    i.bmi270_init       bmi270.o
    0x08007c34   0x08007c34   0x00000002   Code   RO         5366    i.bmi2_error_codes_print_result  bmi2_common.o
    0x08007c36   0x08007c36   0x00000036   Code   RO         4206    i.bmi2_extract_input_feat_config  bmi2.o
    0x08007c6c   0x08007c6c   0x000000a0   Code   RO         4211    i.bmi2_get_feat_config  bmi2.o
    0x08007d0c   0x08007d0c   0x0000003c   Code   RO         4218    i.bmi2_get_gyro_cross_sense  bmi2.o
    0x08007d48   0x08007d48   0x00000030   Code   RO         4221    i.bmi2_get_internal_status  bmi2.o
    0x08007d78   0x08007d78   0x00000092   Code   RO         4222    i.bmi2_get_regs     bmi2.o
    0x08007e0a   0x08007e0a   0x00000002   PAD
    0x08007e0c   0x08007e0c   0x0000023a   Code   RO         4224    i.bmi2_get_sensor_config  bmi2.o
    0x08008046   0x08008046   0x000002de   Code   RO         4225    i.bmi2_get_sensor_data  bmi2.o
    0x08008324   0x08008324   0x00000026   Code   RO         4226    i.bmi2_get_status   bmi2.o
    0x0800834a   0x0800834a   0x00000002   PAD
    0x0800834c   0x0800834c   0x00000040   Code   RO         5367    i.bmi2_interface_selection  bmi2_common.o
    0x0800838c   0x0800838c   0x00000076   Code   RO         4227    i.bmi2_map_data_int  bmi2.o
    0x08008402   0x08008402   0x00000002   PAD
    0x08008404   0x08008404   0x00000064   Code   RO         4237    i.bmi2_sec_init     bmi2.o
    0x08008468   0x08008468   0x00000038   Code   RO         4239    i.bmi2_sensor_enable  bmi2.o
    0x080084a0   0x080084a0   0x00000062   Code   RO         4241    i.bmi2_set_adv_power_save  bmi2.o
    0x08008502   0x08008502   0x00000002   PAD
    0x08008504   0x08008504   0x0000009c   Code   RO         4251    i.bmi2_set_regs     bmi2.o
    0x080085a0   0x080085a0   0x000001e6   Code   RO         4253    i.bmi2_set_sensor_config  bmi2.o
    0x08008786   0x08008786   0x00000060   Code   RO         4254    i.bmi2_soft_reset   bmi2.o
    0x080087e6   0x080087e6   0x00000056   Code   RO         4258    i.bmi2_write_config_file  bmi2.o
    0x0800883c   0x0800883c   0x0000003c   Code   RO         3863    i.can_send_0x2E     cap_protocol.o
    0x08008878   0x08008878   0x00000040   Code   RO         3864    i.can_send_0x2F     cap_protocol.o
    0x080088b8   0x080088b8   0x00000016   Code   RO         3746    i.cap_rp_ctrl       super.o
    0x080088ce   0x080088ce   0x00000002   PAD
    0x080088d0   0x080088d0   0x00000028   Code   RO         3747    i.cap_rp_heart_beat  super.o
    0x080088f8   0x080088f8   0x0000003e   Code   RO         4261    i.cfg_error_status  bmi2.o
    0x08008936   0x08008936   0x00000030   Code   RO         4262    i.check_boundary_val  bmi2.o
    0x08008966   0x08008966   0x0000001a   Code   RO         4264    i.comp_gyro_cross_axis_sensitivity  bmi2.o
    0x08008980   0x08008980   0x000000dc   Code   RO         4265    i.config_aux_interface  bmi2.o
    0x08008a5c   0x08008a5c   0x00000018   Code   RO         6010    i.delay_us          haltick_drv.o
    0x08008a74   0x08008a74   0x00000018   Code   RO         5726    i.dma_m0_rxcplt_callback  uart_drv.o
    0x08008a8c   0x08008a8c   0x00000018   Code   RO         5727    i.dma_m1_rxcplt_callback  uart_drv.o
    0x08008aa4   0x08008aa4   0x00000012   Code   RO         6048    i.err_calculation   pid.o
    0x08008ab6   0x08008ab6   0x00000036   Code   RO         4272    i.extract_output_feat_config  bmi2.o
    0x08008aec   0x08008aec   0x00000018   Code   RO        12064    i.fabs              m_wm.l(fabs.o)
    0x08008b04   0x08008b04   0x00000050   Code   RO        11992    i.free              mc_w.l(malloc.o)
    0x08008b54   0x08008b54   0x00000020   Code   RO         4273    i.get_acc_gyr_data  bmi2.o
    0x08008b74   0x08008b74   0x0000004e   Code   RO         4274    i.get_accel_config  bmi2.o
    0x08008bc2   0x08008bc2   0x00000068   Code   RO         4275    i.get_accel_self_test_status  bmi2.o
    0x08008c2a   0x08008c2a   0x0000008a   Code   RO         4276    i.get_any_motion_config  bmi2.o
    0x08008cb4   0x08008cb4   0x000000aa   Code   RO         4277    i.get_aux_config    bmi2.o
    0x08008d5e   0x08008d5e   0x00000058   Code   RO         4279    i.get_ext_sens_sync_config  bmi2.o
    0x08008db6   0x08008db6   0x00000086   Code   RO         4280    i.get_flat_config   bmi2.o
    0x08008e3c   0x08008e3c   0x00000082   Code   RO         4281    i.get_free_fall_det_config  bmi2.o
    0x08008ebe   0x08008ebe   0x00000058   Code   RO         4282    i.get_glance_detect_config  bmi2.o
    0x08008f16   0x08008f16   0x0000005e   Code   RO         4283    i.get_gyro_config   bmi2.o
    0x08008f74   0x08008f74   0x00000072   Code   RO         4284    i.get_gyro_cross_sense  bmi2.o
    0x08008fe6   0x08008fe6   0x0000008a   Code   RO         4285    i.get_gyro_gain_update_config  bmi2.o
    0x08009070   0x08009070   0x00000068   Code   RO         4286    i.get_gyro_gain_update_status  bmi2.o
    0x080090d8   0x080090d8   0x000000a4   Code   RO         4287    i.get_high_g_config  bmi2.o
    0x0800917c   0x0800917c   0x00000092   Code   RO         4288    i.get_low_g_config  bmi2.o
    0x0800920e   0x0800920e   0x0000008a   Code   RO         4290    i.get_no_motion_config  bmi2.o
    0x08009298   0x08009298   0x00000076   Code   RO         4291    i.get_nvm_error_status  bmi2.o
    0x0800930e   0x0800930e   0x000000b4   Code   RO         4292    i.get_ois_output    bmi2.o
    0x080093c2   0x080093c2   0x0000008c   Code   RO         4293    i.get_orient_config  bmi2.o
    0x0800944e   0x0800944e   0x00000056   Code   RO         4296    i.get_remapped_data  bmi2.o
    0x080094a4   0x080094a4   0x000000be   Code   RO         4297    i.get_sig_motion_config  bmi2.o
    0x08009562   0x08009562   0x0000008a   Code   RO         4299    i.get_step_config   bmi2.o
    0x080095ec   0x080095ec   0x000000aa   Code   RO         4300    i.get_step_count_params_config  bmi2.o
    0x08009696   0x08009696   0x0000006e   Code   RO         4301    i.get_step_counter_output  bmi2.o
    0x08009704   0x08009704   0x00000058   Code   RO         4302    i.get_tilt_config   bmi2.o
    0x0800975c   0x0800975c   0x00000058   Code   RO         4303    i.get_up_hold_to_wake_config  bmi2.o
    0x080097b4   0x080097b4   0x0000007c   Code   RO         4305    i.get_wake_up_config  bmi2.o
    0x08009830   0x08009830   0x00000076   Code   RO         4306    i.get_wrist_gest_config  bmi2.o
    0x080098a6   0x080098a6   0x0000008a   Code   RO         4307    i.get_wrist_gest_w_config  bmi2.o
    0x08009930   0x08009930   0x0000008e   Code   RO         4308    i.get_wrist_wear_wake_up_config  bmi2.o
    0x080099be   0x080099be   0x0000009c   Code   RO         4309    i.get_wrist_wear_wake_up_wh_config  bmi2.o
    0x08009a5a   0x08009a5a   0x00000002   PAD
    0x08009a5c   0x08009a5c   0x00000268   Code   RO         2509    i.gimbalangle_figure  ui.o
    0x08009cc4   0x08009cc4   0x00000018   Code   RO         3625    i.imu_offline_check  imu.o
    0x08009cdc   0x08009cdc   0x00000046   Code   RO         3626    i.imu_sensor_check  imu.o
    0x08009d22   0x08009d22   0x00000006   Code   RO         3627    i.imu_sensor_heart_beat  imu.o
    0x08009d28   0x08009d28   0x000000a0   Code   RO         3431    i.imu_sensor_init   soft_iic_potocal.o
    0x08009dc8   0x08009dc8   0x000002b0   Code   RO         3432    i.imu_sensor_update  soft_iic_potocal.o
    0x0800a078   0x0800a078   0x0000002c   Code   RO         4104    i.inVSqrt           bmi.o
    0x0800a0a4   0x0800a0a4   0x00000026   Code   RO         3866    i.int16_to_float    cap_protocol.o
    0x0800a0ca   0x0800a0ca   0x00000002   Code   RO         4014    i.judge_sensor_check  judge_sensor.o
    0x0800a0cc   0x0800a0cc   0x0000002e   Code   RO         4015    i.judge_sensor_heart_beat  judge_sensor.o
    0x0800a0fa   0x0800a0fa   0x00000026   Code   RO         4050    i.judge_sensor_init  judge_infantrypotocol.o
    0x0800a120   0x0800a120   0x000001f4   Code   RO         4051    i.judge_sensor_update  judge_infantrypotocol.o
    0x0800a314   0x0800a314   0x00000026   Code   RO         4105    i.lsb_to_dps        bmi.o
    0x0800a33a   0x0800a33a   0x00000002   PAD
    0x0800a33c   0x0800a33c   0x00000034   Code   RO         4106    i.lsb_to_mps2       bmi.o
    0x0800a370   0x0800a370   0x00000054   Code   RO         6280    i.main              main.o
    0x0800a3c4   0x0800a3c4   0x0000000c   Code   RO         7985    i.makeFreeRtosPriority  cmsis_os.o
    0x0800a3d0   0x0800a3d0   0x0000006c   Code   RO        11993    i.malloc            mc_w.l(malloc.o)
    0x0800a43c   0x0800a43c   0x00000024   Code   RO         6011    i.micros            haltick_drv.o
    0x0800a460   0x0800a460   0x00000048   Code   RO         3787    i.motor_check       motor.o
    0x0800a4a8   0x0800a4a8   0x00000022   Code   RO         3788    i.motor_heart_beat  motor.o
    0x0800a4ca   0x0800a4ca   0x00000062   Code   RO         3789    i.motor_init        motor.o
    0x0800a52c   0x0800a52c   0x000000dc   Code   RO         3790    i.motor_offline_check  motor.o
    0x0800a608   0x0800a608   0x0000003a   Code   RO         3791    i.motor_update      motor.o
    0x0800a642   0x0800a642   0x00000002   PAD
    0x0800a644   0x0800a644   0x00000064   Code   RO         2510    i.move_fourth_figure  ui.o
    0x0800a6a8   0x0800a6a8   0x00000018   Code   RO         4311    i.null_ptr_check    bmi2.o
    0x0800a6c0   0x0800a6c0   0x0000000e   Code   RO         7987    i.osDelay           cmsis_os.o
    0x0800a6ce   0x0800a6ce   0x0000000a   Code   RO         7990    i.osKernelStart     cmsis_os.o
    0x0800a6d8   0x0800a6d8   0x00000054   Code   RO         8024    i.osThreadCreate    cmsis_os.o
    0x0800a72c   0x0800a72c   0x00000070   Code   RO         7667    i.prvAddCurrentTaskToDelayedList  tasks.o
    0x0800a79c   0x0800a79c   0x000000d0   Code   RO         7668    i.prvAddNewTaskToReadyList  tasks.o
    0x0800a86c   0x0800a86c   0x00000034   Code   RO         7669    i.prvDeleteTCB      tasks.o
    0x0800a8a0   0x0800a8a0   0x0000004c   Code   RO         8352    i.prvHeapInit       heap_4.o
    0x0800a8ec   0x0800a8ec   0x00000060   Code   RO         7670    i.prvIdleTask       tasks.o
    0x0800a94c   0x0800a94c   0x00000098   Code   RO         7671    i.prvInitialiseNewTask  tasks.o
    0x0800a9e4   0x0800a9e4   0x0000004c   Code   RO         8353    i.prvInsertBlockIntoFreeList  heap_4.o
    0x0800aa30   0x0800aa30   0x00000020   Code   RO         7672    i.prvResetNextTaskUnblockTime  tasks.o
    0x0800aa50   0x0800aa50   0x00000028   Code   RO         8421    i.prvTaskExitError  port.o
    0x0800aa78   0x0800aa78   0x000000dc   Code   RO         8354    i.pvPortMalloc      heap_4.o
    0x0800ab54   0x0800ab54   0x0000002c   Code   RO         8422    i.pxPortInitialiseStack  port.o
    0x0800ab80   0x0800ab80   0x00000018   Code   RO         3485    i.rc_offline_check  rc.o
    0x0800ab98   0x0800ab98   0x00000054   Code   RO         3486    i.rc_sensor_check   rc.o
    0x0800abec   0x0800abec   0x00000028   Code   RO         3487    i.rc_sensor_heart_beat  rc.o
    0x0800ac14   0x0800ac14   0x00000028   Code   RO         3488    i.rc_sensor_init    rc.o
    0x0800ac3c   0x0800ac3c   0x00000114   Code   RO         3489    i.rc_sensor_update  rc.o
    0x0800ad50   0x0800ad50   0x0000001c   Code   RO         1225    i.res_shot_time     state.o
    0x0800ad6c   0x0800ad6c   0x0000014e   Code   RO         4325    i.select_sensor     bmi2.o
    0x0800aeba   0x0800aeba   0x00000002   PAD
    0x0800aebc   0x0800aebc   0x000003c4   Code   RO         4328    i.sensor_enable     bmi2.o
    0x0800b280   0x0800b280   0x00000098   Code   RO         4329    i.set_accel_config  bmi2.o
    0x0800b318   0x0800b318   0x00000056   Code   RO         4331    i.set_act_recog     bmi2.o
    0x0800b36e   0x0800b36e   0x0000005a   Code   RO         4332    i.set_any_motion    bmi2.o
    0x0800b3c8   0x0800b3c8   0x000000c6   Code   RO         4333    i.set_any_motion_config  bmi2.o
    0x0800b48e   0x0800b48e   0x00000090   Code   RO         4334    i.set_aux_config    bmi2.o
    0x0800b51e   0x0800b51e   0x00000036   Code   RO         4335    i.set_config_load   bmi2.o
    0x0800b554   0x0800b554   0x00000056   Code   RO         4336    i.set_double_tap    bmi2.o
    0x0800b5aa   0x0800b5aa   0x00000056   Code   RO         4337    i.set_ext_sens_sync  bmi2.o
    0x0800b600   0x0800b600   0x0000008e   Code   RO         4338    i.set_ext_sens_sync_config  bmi2.o
    0x0800b68e   0x0800b68e   0x00000002   PAD
    0x0800b690   0x0800b690   0x00000068   Code   RO         4339    i.set_feat_accel_self_test  bmi2.o
    0x0800b6f8   0x0800b6f8   0x00000056   Code   RO         4340    i.set_flat          bmi2.o
    0x0800b74e   0x0800b74e   0x000000bc   Code   RO         4341    i.set_flat_config   bmi2.o
    0x0800b80a   0x0800b80a   0x00000056   Code   RO         4342    i.set_free_fall_det  bmi2.o
    0x0800b860   0x0800b860   0x000000a8   Code   RO         4343    i.set_free_fall_det_config  bmi2.o
    0x0800b908   0x0800b908   0x0000008e   Code   RO         4344    i.set_glance_detect_config  bmi2.o
    0x0800b996   0x0800b996   0x00000056   Code   RO         4345    i.set_glance_detector  bmi2.o
    0x0800b9ec   0x0800b9ec   0x000000ac   Code   RO         4346    i.set_gyro_config   bmi2.o
    0x0800ba98   0x0800ba98   0x00000056   Code   RO         4347    i.set_gyro_self_offset_corr  bmi2.o
    0x0800baee   0x0800baee   0x0000005a   Code   RO         4348    i.set_gyro_user_gain  bmi2.o
    0x0800bb48   0x0800bb48   0x000000a2   Code   RO         4349    i.set_gyro_user_gain_config  bmi2.o
    0x0800bbea   0x0800bbea   0x0000005a   Code   RO         4350    i.set_high_g        bmi2.o
    0x0800bc44   0x0800bc44   0x000000da   Code   RO         4351    i.set_high_g_config  bmi2.o
    0x0800bd1e   0x0800bd1e   0x0000005a   Code   RO         4353    i.set_low_g         bmi2.o
    0x0800bd78   0x0800bd78   0x000000ba   Code   RO         4354    i.set_low_g_config  bmi2.o
    0x0800be32   0x0800be32   0x00000002   PAD
    0x0800be34   0x0800be34   0x00000058   Code   RO         3867    i.set_message       cap_protocol.o
    0x0800be8c   0x0800be8c   0x0000005a   Code   RO         4356    i.set_no_motion     bmi2.o
    0x0800bee6   0x0800bee6   0x000000c6   Code   RO         4357    i.set_no_motion_config  bmi2.o
    0x0800bfac   0x0800bfac   0x000000c6   Code   RO         4359    i.set_orient_config  bmi2.o
    0x0800c072   0x0800c072   0x00000056   Code   RO         4360    i.set_orientation   bmi2.o
    0x0800c0c8   0x0800c0c8   0x0000009e   Code   RO         4361    i.set_primary_ois_config  bmi2.o
    0x0800c166   0x0800c166   0x0000005a   Code   RO         4363    i.set_sig_motion    bmi2.o
    0x0800c1c0   0x0800c1c0   0x000000be   Code   RO         4364    i.set_sig_motion_config  bmi2.o
    0x0800c27e   0x0800c27e   0x00000056   Code   RO         4365    i.set_single_tap    bmi2.o
    0x0800c2d4   0x0800c2d4   0x0000005a   Code   RO         4366    i.set_step_activity  bmi2.o
    0x0800c32e   0x0800c32e   0x000000c0   Code   RO         4367    i.set_step_config   bmi2.o
    0x0800c3ee   0x0800c3ee   0x000000d4   Code   RO         4368    i.set_step_count_params_config  bmi2.o
    0x0800c4c2   0x0800c4c2   0x0000005a   Code   RO         4369    i.set_step_counter  bmi2.o
    0x0800c51c   0x0800c51c   0x0000005a   Code   RO         4370    i.set_step_detector  bmi2.o
    0x0800c576   0x0800c576   0x00000056   Code   RO         4371    i.set_tilt          bmi2.o
    0x0800c5cc   0x0800c5cc   0x0000008e   Code   RO         4372    i.set_tilt_config   bmi2.o
    0x0800c65a   0x0800c65a   0x00000056   Code   RO         4373    i.set_triple_tap    bmi2.o
    0x0800c6b0   0x0800c6b0   0x00000056   Code   RO         4374    i.set_up_hold_to_wake  bmi2.o
    0x0800c706   0x0800c706   0x0000008e   Code   RO         4375    i.set_up_hold_to_wake_config  bmi2.o
    0x0800c794   0x0800c794   0x00000056   Code   RO         4376    i.set_wake_up       bmi2.o
    0x0800c7ea   0x0800c7ea   0x000000bc   Code   RO         4377    i.set_wake_up_config  bmi2.o
    0x0800c8a6   0x0800c8a6   0x000000b6   Code   RO         4378    i.set_wrist_gest_config  bmi2.o
    0x0800c95c   0x0800c95c   0x000000c8   Code   RO         4379    i.set_wrist_gest_w_config  bmi2.o
    0x0800ca24   0x0800ca24   0x00000056   Code   RO         4380    i.set_wrist_gesture  bmi2.o
    0x0800ca7a   0x0800ca7a   0x00000056   Code   RO         4381    i.set_wrist_gesture_wh  bmi2.o
    0x0800cad0   0x0800cad0   0x00000056   Code   RO         4382    i.set_wrist_wear_wake_up  bmi2.o
    0x0800cb26   0x0800cb26   0x000000c8   Code   RO         4383    i.set_wrist_wear_wake_up_config  bmi2.o
    0x0800cbee   0x0800cbee   0x00000056   Code   RO         4384    i.set_wrist_wear_wake_up_wh  bmi2.o
    0x0800cc44   0x0800cc44   0x000000fa   Code   RO         4385    i.set_wrist_wear_wake_up_wh_config  bmi2.o
    0x0800cd3e   0x0800cd3e   0x00000002   PAD
    0x0800cd40   0x0800cd40   0x00000586   Code   RO         2511    i.sight_bead_figrue  ui.o
    0x0800d2c6   0x0800d2c6   0x00000002   PAD
    0x0800d2c8   0x0800d2c8   0x000000c4   Code   RO         6050    i.single_pid_ctrl   pid.o
    0x0800d38c   0x0800d38c   0x00000034   Code   RO         3685    i.slave_heart_beat  slave.o
    0x0800d3c0   0x0800d3c0   0x00000074   Code   RO         2512    i.spin_second_figure  ui.o
    0x0800d434   0x0800d434   0x0000006e   Code   RO        12075    i.sqrt              m_wm.l(sqrt_full.o)
    0x0800d4a2   0x0800d4a2   0x00000002   PAD
    0x0800d4a4   0x0800d4a4   0x0000008c   Code   RO         2513    i.supercapacitor_figure  ui.o
    0x0800d530   0x0800d530   0x000000f4   Code   RO         5728    i.uart_rx_idle_callback  uart_drv.o
    0x0800d624   0x0800d624   0x00000040   Code   RO         4397    i.upload_file       bmi2.o
    0x0800d664   0x0800d664   0x00000004   Code   RO         5371    i.user_delay_us     bmi2_common.o
    0x0800d668   0x0800d668   0x00000024   Code   RO         5372    i.user_i2c_reg_read  bmi2_common.o
    0x0800d68c   0x0800d68c   0x0000004c   Code   RO         5373    i.user_i2c_reg_write  bmi2_common.o
    0x0800d6d8   0x0800d6d8   0x00000026   Code   RO         7306    i.uxListRemove      list.o
    0x0800d6fe   0x0800d6fe   0x00000002   PAD
    0x0800d700   0x0800d700   0x00000014   Code   RO         6386    i.vApplicationGetIdleTaskMemory  freertos.o
    0x0800d714   0x0800d714   0x00000016   Code   RO         7307    i.vListInitialise   list.o
    0x0800d72a   0x0800d72a   0x00000006   Code   RO         7308    i.vListInitialiseItem  list.o
    0x0800d730   0x0800d730   0x00000030   Code   RO         7309    i.vListInsert       list.o
    0x0800d760   0x0800d760   0x00000018   Code   RO         7310    i.vListInsertEnd    list.o
    0x0800d778   0x0800d778   0x00000040   Code   RO         8424    i.vPortEnterCritical  port.o
    0x0800d7b8   0x0800d7b8   0x00000028   Code   RO         8425    i.vPortExitCritical  port.o
    0x0800d7e0   0x0800d7e0   0x00000064   Code   RO         8355    i.vPortFree         heap_4.o
    0x0800d844   0x0800d844   0x00000024   Code   RO         8426    i.vPortSetupTimerInterrupt  port.o
    0x0800d868   0x0800d868   0x00000054   Code   RO         8427    i.vPortValidateInterruptPriority  port.o
    0x0800d8bc   0x0800d8bc   0x0000004c   Code   RO         7681    i.vTaskDelay        tasks.o
    0x0800d908   0x0800d908   0x0000006c   Code   RO         7694    i.vTaskStartScheduler  tasks.o
    0x0800d974   0x0800d974   0x00000010   Code   RO         7696    i.vTaskSuspendAll   tasks.o
    0x0800d984   0x0800d984   0x0000005c   Code   RO         7697    i.vTaskSwitchContext  tasks.o
    0x0800d9e0   0x0800d9e0   0x000000ac   Code   RO         3927    i.vision_check      vision_sensor.o
    0x0800da8c   0x0800da8c   0x0000002a   Code   RO         3928    i.vision_heart_beat  vision_sensor.o
    0x0800dab6   0x0800dab6   0x00000020   Code   RO         3975    i.vision_init       vision_potocol.o
    0x0800dad6   0x0800dad6   0x00000086   Code   RO         3976    i.vision_update     vision_potocol.o
    0x0800db5c   0x0800db5c   0x000000e4   Code   RO         4403    i.write_config_file  bmi2.o
    0x0800dc40   0x0800dc40   0x000000f4   Code   RO         8428    i.xPortStartScheduler  port.o
    0x0800dd34   0x0800dd34   0x0000005a   Code   RO         7700    i.xTaskCreate       tasks.o
    0x0800dd8e   0x0800dd8e   0x00000056   Code   RO         7701    i.xTaskCreateStatic  tasks.o
    0x0800dde4   0x0800dde4   0x00000010   Code   RO         7707    i.xTaskGetTickCountFromISR  tasks.o
    0x0800ddf4   0x0800ddf4   0x000000cc   Code   RO         7708    i.xTaskIncrementTick  tasks.o
    0x0800dec0   0x0800dec0   0x000000c4   Code   RO         7714    i.xTaskResumeAll    tasks.o
    0x0800df84   0x0800df84   0x00000006   Data   RO         4405    .constdata          bmi2.o
    0x0800df8a   0x0800df8a   0x00002045   Data   RO         5297    .constdata          bmi270.o
    0x0800ffcf   0x0800ffcf   0x00000001   PAD
    0x0800ffd0   0x0800ffd0   0x00000300   Data   RO         6102    .constdata          crc.o
    0x080102d0   0x080102d0   0x00000134   Data   RO         6388    .constdata          freertos.o
    0x08010404   0x08010404   0x00000010   Data   RO         7169    .constdata          system_stm32f4xx.o
    0x08010414   0x08010414   0x00000008   Data   RO         7170    .constdata          system_stm32f4xx.o
    0x0801041c   0x0801041c   0x00000008   Data   RO         9251    .constdata          stm32f4xx_hal_dma.o
    0x08010424   0x08010424   0x00000804   Data   RO        11900    .constdata          arm_cortexM4lf_math.lib(arm_common_tables.o)
    0x08010c28   0x08010c28   0x00000050   Data   RO        11926    .constdata          m_wm.l(asin.o)
    0x08010c78   0x08010c78   0x00000098   Data   RO        12037    .constdata          m_wm.l(atan.o)
    0x08010d10   0x08010d10   0x00000008   Data   RO        12072    .constdata          m_wm.l(qnan.o)
    0x08010d18   0x08010d18   0x00000089   Data   RO         6389    .conststring        freertos.o
    0x08010da1   0x08010da1   0x00000003   PAD
    0x08010da4   0x08010da4   0x00000020   Data   RO        12133    Region$$Table       anon$$obj.o


    Execution Region RW_IRAM2 (Exec base: 0x10000000, Load base: 0x080111a8, Size: 0x00000000, Max: 0x00010000, ABSOLUTE)

    **** No section assigned to this execution region ****


    Execution Region RW_IRAM1 (Exec base: 0x20000000, Load base: 0x08010dc4, Size: 0x000079c8, Max: 0x00020000, ABSOLUTE, COMPRESSED[0x000003e4])

    Exec Addr    Load Addr    Size         Type   Attr      Idx    E Section Name        Object

    0x20000000   COMPRESSED   0x00000008   Data   RW           15    .data               led_task.o
    0x20000008   COMPRESSED   0x00000028   Data   RW          496    .data               gimbal_task.o
    0x20000030   COMPRESSED   0x0000003c   Data   RW         1226    .data               state.o
    0x2000006c   COMPRESSED   0x000000a0   Data   RW         1675    .data               shoot.o
    0x2000010c   COMPRESSED   0x000000b4   Data   RW         2518    .data               ui.o
    0x200001c0   COMPRESSED   0x00000003   Data   RW         2760    .data               auto.o
    0x200001c3   COMPRESSED   0x00000001   PAD
    0x200001c4   COMPRESSED   0x00000014   Data   RW         3433    .data               soft_iic_potocal.o
    0x200001d8   COMPRESSED   0x00000094   Data   RW         3491    .data               rc.o
    0x2000026c   COMPRESSED   0x00000008   Data   RW         3492    .data               rc.o
    0x20000274   COMPRESSED   0x00000001   Data   RW         3628    .data               imu.o
    0x20000275   COMPRESSED   0x00000003   PAD
    0x20000278   COMPRESSED   0x00000060   Data   RW         3629    .data               imu.o
    0x200002d8   COMPRESSED   0x0000001c   Data   RW         3630    .data               imu.o
    0x200002f4   COMPRESSED   0x0000003c   Data   RW         3686    .data               slave.o
    0x20000330   COMPRESSED   0x0000001c   Data   RW         3748    .data               super.o
    0x2000034c   COMPRESSED   0x0000004c   Data   RW         3792    .data               motor.o
    0x20000398   COMPRESSED   0x00000012   Data   RW         3869    .data               cap_protocol.o
    0x200003aa   COMPRESSED   0x00000002   PAD
    0x200003ac   COMPRESSED   0x00000058   Data   RW         3930    .data               vision_sensor.o
    0x20000404   COMPRESSED   0x0000001c   Data   RW         3931    .data               vision_sensor.o
    0x20000420   COMPRESSED   0x000000c0   Data   RW         4016    .data               judge_sensor.o
    0x200004e0   COMPRESSED   0x00000024   Data   RW         4017    .data               judge_sensor.o
    0x20000504   COMPRESSED   0x0000006c   Data   RW         4109    .data               bmi.o
    0x20000570   COMPRESSED   0x00000002   Data   RW         5376    .data               bmi2_common.o
    0x20000572   COMPRESSED   0x00000002   PAD
    0x20000574   COMPRESSED   0x000000c0   Data   RW         5480    .data               chassis_motor.o
    0x20000634   COMPRESSED   0x000000a0   Data   RW         5481    .data               chassis_motor.o
    0x200006d4   COMPRESSED   0x00000e20   Data   RW         5482    .data               chassis_motor.o
    0x200014f4   COMPRESSED   0x00000080   Data   RW         5483    .data               chassis_motor.o
    0x20001574   COMPRESSED   0x00000030   Data   RW         5522    .data               gimbal_motor.o
    0x200015a4   COMPRESSED   0x00000028   Data   RW         5523    .data               gimbal_motor.o
    0x200015cc   COMPRESSED   0x00000388   Data   RW         5524    .data               gimbal_motor.o
    0x20001954   COMPRESSED   0x00000020   Data   RW         5525    .data               gimbal_motor.o
    0x20001974   COMPRESSED   0x00000060   Data   RW         5553    .data               shoot_motor.o
    0x200019d4   COMPRESSED   0x00000050   Data   RW         5554    .data               shoot_motor.o
    0x20001a24   COMPRESSED   0x00000710   Data   RW         5555    .data               shoot_motor.o
    0x20002134   COMPRESSED   0x00000040   Data   RW         5556    .data               shoot_motor.o
    0x20002174   COMPRESSED   0x00000004   Data   RW         6012    .data               haltick_drv.o
    0x20002178   COMPRESSED   0x00000002   Data   RW         6103    .data               crc.o
    0x2000217a   COMPRESSED   0x00000002   PAD
    0x2000217c   COMPRESSED   0x0000002c   Data   RW         6390    .data               freertos.o
    0x200021a8   COMPRESSED   0x00000004   Data   RW         6526    .data               can.o
    0x200021ac   COMPRESSED   0x00000004   Data   RW         7171    .data               system_stm32f4xx.o
    0x200021b0   COMPRESSED   0x0000003c   Data   RW         7717    .data               tasks.o
    0x200021ec   COMPRESSED   0x00000020   Data   RW         8361    .data               heap_4.o
    0x2000220c   COMPRESSED   0x0000000c   Data   RW         8429    .data               port.o
    0x20002218   COMPRESSED   0x0000000c   Data   RW         9678    .data               stm32f4xx_hal.o
    0x20002224   COMPRESSED   0x00000004   Data   RW        12105    .data               mc_w.l(mvars.o)
    0x20002228   COMPRESSED   0x00000004   Data   RW        12106    .data               mc_w.l(mvars.o)
    0x2000222c   COMPRESSED   0x00000004   Data   RW        12110    .data               mc_w.l(errno.o)
    0x20002230        -       0x0000041f   Zero   RW         2514    .bss                ui.o
    0x2000264f        -       0x0000000f   Zero   RW         2759    .bss                auto.o
    0x2000265e   COMPRESSED   0x00000002   PAD
    0x20002660        -       0x0000015c   Zero   RW         3490    .bss                rc.o
    0x200027bc        -       0x0000001c   Zero   RW         3868    .bss                cap_protocol.o
    0x200027d8        -       0x00000068   Zero   RW         4108    .bss                bmi.o
    0x20002840        -       0x000005a8   Zero   RW         5729    .bss                uart_drv.o
    0x20002de8        -       0x000000b8   Zero   RW         5853    .bss                can_drv.o
    0x20002ea0        -       0x00000254   Zero   RW         6387    .bss                freertos.o
    0x200030f4        -       0x00000048   Zero   RW         6482    .bss                adc.o
    0x2000313c        -       0x00000050   Zero   RW         6525    .bss                can.o
    0x2000318c        -       0x00000014   Zero   RW         6573    .bss                dac.o
    0x200031a0        -       0x0000000c   Zero   RW         6640    .bss                iwdg.o
    0x200031ac        -       0x00000090   Zero   RW         6674    .bss                tim.o
    0x2000323c        -       0x00000454   Zero   RW         6730    .bss                usart.o
    0x20003690        -       0x00000048   Zero   RW         6981    .bss                stm32f4xx_hal_timebase_tim.o
    0x200036d8        -       0x000000f0   Zero   RW         7716    .bss                tasks.o
    0x200037c8        -       0x00003c00   Zero   RW         8360    .bss                heap_4.o
    0x200073c8        -       0x00000200   Zero   RW            2    HEAP                startup_stm32f407xx.o
    0x200075c8        -       0x00000400   Zero   RW            1    STACK               startup_stm32f407xx.o


==============================================================================

Image component sizes


      Code (inc. data)   RO Data    RW Data    ZI Data      Debug   Object Name

       196         24          0          0         72       1693   adc.o
         0          0          0          0          0        384   arm_mat_init_f32.o
       548         76          0          3         15     689512   auto.o
      1744         58          0        108        104      47561   bmi.o
     15630        116          6          0          0     109622   bmi2.o
       120         10       8261          0          0       1474   bmi270.o
       354         30          0          2          0       5070   bmi2_common.o
       396         46          0          4         80       2474   can.o
       406         54          0          0        184       6458   can_drv.o
        64          8          0          0          0       1558   can_potocal.o
       346         64          0         18         28       4685   cap_protocol.o
         0          0          0       4096          0       3309   chassis_motor.o
        28          6          0          0          0        992   chassis_task.o
       120          0          0          0          0      23261   cmsis_os.o
       250         22        768          2          0       4716   crc.o
       156         20          0          0         20       1663   dac.o
       172          4          0          0          0        862   dma.o
         0          0          0          0          0      16864   event_groups.o
       288         16        445         44        596       3403   freertos.o
       184         42          0          0          0       4212   gimbal.o
         0          0          0       1024          0        729   gimbal_motor.o
       312         16          0         40          0     592116   gimbal_task.o
       264         18          0          0          0       1067   gpio.o
        60          6          0          4          0       1644   haltick_drv.o
       472         24          0         32      15360       7395   heap_4.o
       124          8          0        125          0       4006   imu.o
        12          0          0          0          0       4969   imu_task.o
        44          8          0          0         12        719   iwdg.o
       802          6          0          0          0       3501   judge_infantrypotocol.o
        48          0          0        228          0       1562   judge_sensor.o
        12          0          0          0          0        491   judge_task.o
       408         50          0          8          0     795877   led_task.o
       138          0          0          0          0       3530   list.o
       258         12          0          0          0       2876   main.o
       774         66          0         76          0       7964   motor.o
        16          0          0          0          0        504   normal_task.o
        52         12          0          0          0        537   offline_check.o
       214          6          0          0          0       2060   pid.o
       786         82          0         12          0      11825   port.o
      1386        138          0        156        348      13988   rc.o
        34          0          0          0          0        506   rp_init.o
        34          0          0          0          0        608   rp_math.o
       588         36          0          0          0       5251   s_function.o
       148         16          0        160          0       5001   shoot.o
         0          0          0       2048          0        729   shoot_motor.o
         8          0          0          0          0        487   shoot_task.o
        84         10          0         60          0      13834   slave.o
       544         62          0          0          0       4015   soft_iic.o
       848         40          0         20          0       2837   soft_iic_potocal.o
        36          8        392          0       1536        832   startup_stm32f407xx.o
       918         74          0         60          0      16730   state.o
        80         14          0         12          0       8066   stm32f4xx_hal.o
       712         28          0          0          0       2871   stm32f4xx_hal_adc.o
      1638          6          0          0          0      14223   stm32f4xx_hal_can.o
       158         14          0          0          0      33142   stm32f4xx_hal_cortex.o
       110          0          0          0          0       1899   stm32f4xx_hal_dac.o
      1080         16          8          0          0       7330   stm32f4xx_hal_dma.o
       518         44          0          0          0       2825   stm32f4xx_hal_gpio.o
       102          0          0          0          0       1843   stm32f4xx_hal_iwdg.o
        56          4          0          0          0        862   stm32f4xx_hal_msp.o
      1412         86          0          0          0       5885   stm32f4xx_hal_rcc.o
      2008        136          0          0          0      16750   stm32f4xx_hal_tim.o
       232         28          0          0          0       3269   stm32f4xx_hal_tim_ex.o
       116         14          0          0         72       1415   stm32f4xx_hal_timebase_tim.o
      1418         30          0          0          0      11674   stm32f4xx_hal_uart.o
       346        114          0          0          0      11535   stm32f4xx_it.o
        62          6          0         28          0       1804   super.o
        16          4         24          4          0       1123   system_stm32f4xx.o
      1536        116          0         60        240      20069   tasks.o
       500         44          0          0        144       3165   tim.o
        36         12          0          0          0        942   tim_drv.o
      1218         94          0          0       1448       7362   uart_drv.o
      6092        460          0        180       1055      23402   ui.o
      1268         98          0          0       1108       4799   usart.o
        64         12          0          0          0       3224   usart_potocal.o
       166          0          0          0          0       3933   vision_potocol.o
       214         14          0        116          0       4112   vision_sensor.o
        20          0          0          0          0        989   vision_task.o

    ----------------------------------------------------------------------
     51700       2688       9940       8740      22424    2636476   Object Totals
         0          0         32          0          0          0   (incl. Generated)
        96          0          4         10          2          0   (incl. Padding)

    ----------------------------------------------------------------------

      Code (inc. data)   RO Data    RW Data    ZI Data      Debug   Library Member Name

         0          0       2052          0          0       4636   arm_common_tables.o
       120         12          0          0          0      16970   arm_cos_f32.o
       260         18          0          0          0        826   arm_sin_cos_f32.o
       116         12          0          0          0        658   arm_sin_f32.o
       864         94         80          0          0        280   asin.o
       744        106        152          0          0        352   atan.o
       496         64          0          0          0        192   atan2.o
       104         16          0          0          0        496   dunder.o
        24          0          0          0          0        124   fabs.o
        48          0          0          0          0        124   fpclassify.o
       248          0          0          0          0        152   poly.o
         0          0          8          0          0          0   qnan.o
       110          0          0          0          0        148   sqrt_full.o
        86          0          0          0          0          0   __dczerorl2.o
         0          0          0          0          0          0   entry.o
         0          0          0          0          0          0   entry10a.o
         0          0          0          0          0          0   entry11a.o
         8          4          0          0          0          0   entry2.o
         4          0          0          0          0          0   entry5.o
         0          0          0          0          0          0   entry7b.o
         0          0          0          0          0          0   entry8b.o
         8          4          0          0          0          0   entry9a.o
        12          6          0          4          0         68   errno.o
        30          0          0          0          0          0   handlers.o
        36          8          0          0          0         68   init.o
         0          0          0          0          0          0   iusefp.o
        30          0          0          0          0         68   llshl.o
        36          0          0          0          0         68   llsshr.o
        32          0          0          0          0         68   llushr.o
       188         20          0          0          0        160   malloc.o
        36          0          0          0          0         68   memcpya.o
        36          0          0          0          0        108   memseta.o
         0          0          0          8          0          0   mvars.o
        14          0          0          0          0         68   strlen.o
        98          0          0          0          0         92   uldiv.o
        56          0          0          0          0         88   d2f.o
       334          0          0          0          0        148   dadd.o
       222          0          0          0          0        100   ddiv.o
       186          0          0          0          0        176   depilogue.o
       228          0          0          0          0         96   dmul.o
       162          0          0          0          0        100   dsqrt.o
        38          0          0          0          0         68   f2d.o
       110          0          0          0          0        168   fepilogue.o

    ----------------------------------------------------------------------
      5128        364       2292         12          0      26738   Library Totals
         4          0          0          0          0          0   (incl. Padding)

    ----------------------------------------------------------------------

      Code (inc. data)   RO Data    RW Data    ZI Data      Debug   Library Name

       496         42       2052          0          0      23090   arm_cortexM4lf_math.lib
      2638        280        240          0          0       1868   m_wm.l
       654         42          0         12          0        836   mc_w.l
      1336          0          0          0          0        944   mf_w.l

    ----------------------------------------------------------------------
      5128        364       2292         12          0      26738   Library Totals

    ----------------------------------------------------------------------

==============================================================================


      Code (inc. data)   RO Data    RW Data    ZI Data      Debug   

     56828       3052      12232       8752      22424    2614066   Grand Totals
     56828       3052      12232        996      22424    2614066   ELF Image Totals (compressed)
     56828       3052      12232        996          0          0   ROM Totals

==============================================================================

    Total RO  Size (Code + RO Data)                69060 (  67.44kB)
    Total RW  Size (RW Data + ZI Data)             31176 (  30.45kB)
    Total ROM Size (Code + RO Data + RW Data)      70056 (  68.41kB)

==============================================================================

